Archive member included to satisfy reference by file (symbol)

C:/Program Files/SEGGER/SEGGER Embedded Studio for ARM 5.10b/lib/libm_v7em_fpv4_sp_d16_hard_t_le_eabi.a(libm_asm.o)
                              Output/nrf52832_xxaa/Obj/ss_twr_init/calibration.o (__aeabi_dadd)
C:/Program Files/SEGGER/SEGGER Embedded Studio for ARM 5.10b/lib/libc_v7em_fpv4_sp_d16_hard_t_le_eabi.a(libc2.o)
                              Output/nrf52832_xxaa/Obj/ss_twr_init/deca_device.o (abs)
C:/Program Files/SEGGER/SEGGER Embedded Studio for ARM 5.10b/lib/libc_v7em_fpv4_sp_d16_hard_t_le_eabi.a(libc2_asm.o)
                              Output/nrf52832_xxaa/Obj/ss_twr_init/nrf_memobj.o (memcpy)
C:/Program Files/SEGGER/SEGGER Embedded Studio for ARM 5.10b/lib/libc_v7em_fpv4_sp_d16_hard_t_le_eabi.a(libvfprintf.o)
                              (__vfprintf_short_float_long)
C:/Program Files/SEGGER/SEGGER Embedded Studio for ARM 5.10b/lib/libc_v7em_fpv4_sp_d16_hard_t_le_eabi.a(libvfscanf.o)
                              (__vfscanf_int)
C:/Program Files/SEGGER/SEGGER Embedded Studio for ARM 5.10b/lib/libc_v7em_fpv4_sp_d16_hard_t_le_eabi.a(libc_asm.o)
                              C:/Program Files/SEGGER/SEGGER Embedded Studio for ARM 5.10b/lib/libc_v7em_fpv4_sp_d16_hard_t_le_eabi.a(libc2.o) (__aeabi_uldivmod)
C:/Program Files/SEGGER/SEGGER Embedded Studio for ARM 5.10b/lib/libdebugio_v7em_fpv4_sp_d16_hard_t_le_eabi.a(libdebugio.o)
                              Output/nrf52832_xxaa/Obj/ss_twr_init/thumb_crt0.o (debug_fopen)
C:/Program Files/SEGGER/SEGGER Embedded Studio for ARM 5.10b/lib/libdebugio_v7em_fpv4_sp_d16_hard_t_le_eabi.a(do_nv_debug_operation.o)
                              C:/Program Files/SEGGER/SEGGER Embedded Studio for ARM 5.10b/lib/libdebugio_v7em_fpv4_sp_d16_hard_t_le_eabi.a(libdebugio.o) (__do_nvdebug_operation)
C:/Program Files/SEGGER/SEGGER Embedded Studio for ARM 5.10b/lib/libdebugio_v7em_fpv4_sp_d16_hard_t_le_eabi.a(mempoll_debug_operations.o)
                              (__do_debug_operation_mempoll)
C:/Program Files/SEGGER/SEGGER Embedded Studio for ARM 5.10b/lib/libm_v7em_fpv4_sp_d16_hard_t_le_eabi.a(libm2.o)
                              C:/Program Files/SEGGER/SEGGER Embedded Studio for ARM 5.10b/lib/libc_v7em_fpv4_sp_d16_hard_t_le_eabi.a(libvfprintf.o) (frexp)

Discarded input sections

 .text          0x0000000000000000        0x0 Output/nrf52832_xxaa/Obj/ss_twr_init/thumb_crt0.o
 .data          0x0000000000000000        0x0 Output/nrf52832_xxaa/Obj/ss_twr_init/thumb_crt0.o
 .bss           0x0000000000000000        0x0 Output/nrf52832_xxaa/Obj/ss_twr_init/thumb_crt0.o
 .text.__heap_lock
                0x0000000000000000        0x2 Output/nrf52832_xxaa/Obj/ss_twr_init/thumb_crt0.o
 .text.__heap_unlock
                0x0000000000000000        0x2 Output/nrf52832_xxaa/Obj/ss_twr_init/thumb_crt0.o
 .text.__scanf_lock
                0x0000000000000000        0x2 Output/nrf52832_xxaa/Obj/ss_twr_init/thumb_crt0.o
 .text.__scanf_unlock
                0x0000000000000000        0x2 Output/nrf52832_xxaa/Obj/ss_twr_init/thumb_crt0.o
 .text.__debug_io_lock
                0x0000000000000000        0x2 Output/nrf52832_xxaa/Obj/ss_twr_init/thumb_crt0.o
 .text.__debug_io_unlock
                0x0000000000000000        0x2 Output/nrf52832_xxaa/Obj/ss_twr_init/thumb_crt0.o
 .text.abort    0x0000000000000000        0x2 Output/nrf52832_xxaa/Obj/ss_twr_init/thumb_crt0.o
 .text.__assert
                0x0000000000000000        0x2 Output/nrf52832_xxaa/Obj/ss_twr_init/thumb_crt0.o
 .text.__aeabi_assert
                0x0000000000000000        0x2 Output/nrf52832_xxaa/Obj/ss_twr_init/thumb_crt0.o
 .text.__cxa_pure_virtual
                0x0000000000000000        0x2 Output/nrf52832_xxaa/Obj/ss_twr_init/thumb_crt0.o
 .text.__cxa_guard_acquire
                0x0000000000000000       0x10 Output/nrf52832_xxaa/Obj/ss_twr_init/thumb_crt0.o
 .text.__cxa_guard_release
                0x0000000000000000        0x6 Output/nrf52832_xxaa/Obj/ss_twr_init/thumb_crt0.o
 .text.__cxa_guard_abort
                0x0000000000000000        0x2 Output/nrf52832_xxaa/Obj/ss_twr_init/thumb_crt0.o
 .text.__sync_synchronize
                0x0000000000000000        0x2 Output/nrf52832_xxaa/Obj/ss_twr_init/thumb_crt0.o
 .text.__open   0x0000000000000000        0x4 Output/nrf52832_xxaa/Obj/ss_twr_init/thumb_crt0.o
 .text.__close  0x0000000000000000        0x4 Output/nrf52832_xxaa/Obj/ss_twr_init/thumb_crt0.o
 .text.__write  0x0000000000000000        0xa Output/nrf52832_xxaa/Obj/ss_twr_init/thumb_crt0.o
 .text.__read   0x0000000000000000        0xa Output/nrf52832_xxaa/Obj/ss_twr_init/thumb_crt0.o
 .text.__seek   0x0000000000000000       0x1a Output/nrf52832_xxaa/Obj/ss_twr_init/thumb_crt0.o
 .bss.__user_locale_name_buffer
                0x0000000000000000        0x4 Output/nrf52832_xxaa/Obj/ss_twr_init/thumb_crt0.o
 .stack         0x0000000000000000        0x0 Output/nrf52832_xxaa/Obj/ss_twr_init/thumb_crt0.o
 .stack_process
[...]
Memory Configuration

Name             Origin             Length             Attributes
UNPLACED_SECTIONS 0x0000000100000000 0x0000000000000000 xw
FLASH            0x0000000000000000 0x0000000000080000 xr
SRAM             0x0000000020000000 0x0000000000010000 xw
*default*        0x0000000000000000 0xffffffffffffffff

Linker script and memory map

                0x0000000000000000                __do_debug_operation = __do_debug_operation_mempoll
                0x00000000000073fc                __vfprintf = __vfprintf_short_float_long
                0x0000000000000000                __vfscanf = __vfscanf_int
                0x0000000000000000                __FLASH_segment_start__ = 0x0
                0x0000000000080000                __FLASH_segment_end__ = 0x80000
                0x0000000000080000                __FLASH_segment_size__ = 0x80000
                0x0000000020000000                __SRAM_segment_start__ = 0x20000000
                0x0000000020010000                __SRAM_segment_end__ = 0x20010000
                0x0000000000010000                __SRAM_segment_size__ = 0x10000
                0x0000000000000400                __HEAPSIZE__ = 0x400
                0x0000000000000000                __STACKSIZE_PROCESS__ = 0x0
                0x0000000000000400                __STACKSIZE__ = 0x400
                0x0000000020000000                __vectors_ram_load_start__ = ALIGN (__SRAM_segment_start__, 0x100)

.vectors_ram    0x0000000020000000        0x0
                0x0000000020000000                __vectors_ram_start__ = .
 *(.vectors_ram .vectors_ram.*)
                0x0000000020000000                __vectors_ram_end__ = (__vectors_ram_start__ + SIZEOF (.vectors_ram))
                0x0000000000000000                __vectors_ram_size__ = SIZEOF (.vectors_ram)
                0x0000000020000000                __vectors_ram_load_end__ = __vectors_ram_end__
                0x0000000000000001                . = ASSERT (((__vectors_ram_start__ == __vectors_ram_end__) || ((__vectors_ram_end__ - __SRAM_segment_start__) <= __SRAM_segment_size__)), error: .vectors_ram is too large to fit in SRAM memory segment)
                0x0000000000000000                __vectors_load_start__ = ALIGN (__FLASH_segment_start__, 0x100)

.vectors        0x0000000000000000       0xd8
                0x0000000000000000                __vectors_start__ = .
 *(.vectors .vectors.*)
 .vectors       0x0000000000000000       0xd8 Output/nrf52832_xxaa/Obj/ss_twr_init/ses_nrf52_startup.o
                0x0000000000000000                _vectors
                0x00000000000000d8                __vectors_end__ = (__vectors_start__ + SIZEOF (.vectors))
                0x00000000000000d8                __vectors_size__ = SIZEOF (.vectors)
                0x00000000000000d8                __vectors_load_end__ = __vectors_end__
                0x0000000000000001                . = ASSERT (((__vectors_start__ == __vectors_end__) || ((__vectors_end__ - __FLASH_segment_start__) <= __FLASH_segment_size__)), error: .vectors is too large to fit in FLASH memory segment)
                0x00000000000000d8                __init_load_start__ = ALIGN (__vectors_end__, 0x4)

.init           0x00000000000000d8      0x1d8
                0x00000000000000d8                __init_start__ = .
 *(.init .init.*)
 .init          0x00000000000000d8      0x16c Output/nrf52832_xxaa/Obj/ss_twr_init/thumb_crt0.o
                0x00000000000000d8                _start
                0x0000000000000194                exit
 .init          0x0000000000000244       0x6c Output/nrf52832_xxaa/Obj/ss_twr_init/ses_nrf52_startup.o
                0x0000000000000244                NMI_Handler
                0x0000000000000246                HardFault_Handler
                0x0000000000000248                MemoryManagement_Handler
                0x000000000000024a                BusFault_Handler
                0x000000000000024c                UsageFault_Handler
                0x0000000000000250                DebugMon_Handler
                0x0000000000000254                SysTick_Handler
                0x0000000000000258                RADIO_IRQHandler
                0x000000000000025c                SPIM0_SPIS0_TWIM0_TWIS0_SPI0_TWI0_IRQHandler
                0x0000000000000260                NFCT_IRQHandler
                0x0000000000000264                SAADC_IRQHandler
                0x0000000000000266                TIMER0_IRQHandler
                0x0000000000000268                TIMER1_IRQHandler
                0x000000000000026a                TIMER2_IRQHandler
                0x000000000000026c                RTC0_IRQHandler
                0x000000000000026e                TEMP_IRQHandler
                0x0000000000000270                RNG_IRQHandler
                0x0000000000000272                ECB_IRQHandler
                0x0000000000000274                CCM_AAR_IRQHandler
                0x0000000000000276                WDT_IRQHandler
                0x000000000000027a                QDEC_IRQHandler
                0x000000000000027c                COMP_LPCOMP_IRQHandler
                0x000000000000027e                SWI0_EGU0_IRQHandler
                0x0000000000000280                SWI1_EGU1_IRQHandler
                0x0000000000000282                SWI2_EGU2_IRQHandler
                0x0000000000000284                SWI3_EGU3_IRQHandler
                0x0000000000000286                SWI4_EGU4_IRQHandler
                0x0000000000000288                SWI5_EGU5_IRQHandler
                0x000000000000028a                TIMER3_IRQHandler
                0x000000000000028c                TIMER4_IRQHandler
                0x000000000000028e                PWM0_IRQHandler
                0x0000000000000290                PDM_IRQHandler
                0x0000000000000292                MWU_IRQHandler
                0x0000000000000294                PWM1_IRQHandler
                0x0000000000000296                PWM2_IRQHandler
                0x0000000000000298                SPIM2_SPIS2_SPI2_IRQHandler
                0x000000000000029a                RTC2_IRQHandler
                0x000000000000029c                I2S_IRQHandler
                0x000000000000029e                reset_handler
                0x00000000000002b0                __init_end__ = (__init_start__ + SIZEOF (.init))
                0x00000000000001d8                __init_size__ = SIZEOF (.init)
                0x00000000000002b0                __init_load_end__ = __init_end__
                0x0000000000000001                . = ASSERT (((__init_start__ == __init_end__) || ((__init_end__ - __FLASH_segment_start__) <= __FLASH_segment_size__)), error: .init is too large to fit in FLASH memory segment)
                0x00000000000002b0                __init_rodata_load_start__ = ALIGN (__init_end__, 0x4)

.init_rodata    0x00000000000002b0        0x0
                0x00000000000002b0                __init_rodata_start__ = .
 *(.init_rodata .init_rodata.*)
                0x00000000000002b0                __init_rodata_end__ = (__init_rodata_start__ + SIZEOF (.init_rodata))
                0x0000000000000000                __init_rodata_size__ = SIZEOF (.init_rodata)
                0x00000000000002b0                __init_rodata_load_end__ = __init_rodata_end__
                0x0000000000000001                . = ASSERT (((__init_rodata_start__ == __init_rodata_end__) || ((__init_rodata_end__ - __FLASH_segment_start__) <= __FLASH_segment_size__)), error: .init_rodata is too large to fit in FLASH memory segment)
                0x00000000000002b0                __text_load_start__ = ALIGN (__init_rodata_end__, 0x4)

.text           0x00000000000002b0     0x806c
                0x00000000000002b0                __text_start__ = .
 *(.text .text.* .glue_7t .glue_7 .gnu.linkonce.t.* .gcc_except_table .ARM.extab* .gnu.linkonce.armextab.*)
 .glue_7        0x00000000000002b0        0x0 linker stubs
 .glue_7t       0x00000000000002b0        0x0 linker stubs
 .text.__aeabi_read_tp
                0x00000000000002b0        0x8 Output/nrf52832_xxaa/Obj/ss_twr_init/thumb_crt0.o
                0x00000000000002b0                __aeabi_read_tp
 .text.__printf_lock
                0x00000000000002b8        0x2 Output/nrf52832_xxaa/Obj/ss_twr_init/thumb_crt0.o
                0x00000000000002b8                __printf_lock
 .text.__printf_unlock
                0x00000000000002ba        0x2 Output/nrf52832_xxaa/Obj/ss_twr_init/thumb_crt0.o
                0x00000000000002ba                __printf_unlock
 .text.__NVIC_SystemReset
                0x00000000000002bc       0x28 Output/nrf52832_xxaa/Obj/ss_twr_init/system_nrf52.o
 .text.SystemCoreClockUpdate
                0x00000000000002e4       0x14 Output/nrf52832_xxaa/Obj/ss_twr_init/system_nrf52.o
                0x00000000000002e4                SystemCoreClockUpdate
 .text.SystemInit
                0x00000000000002f8      0x2c0 Output/nrf52832_xxaa/Obj/ss_twr_init/system_nrf52.o
                0x00000000000002f8                SystemInit
 .text.errata_12
                0x00000000000005b8       0x58 Output/nrf52832_xxaa/Obj/ss_twr_init/system_nrf52.o
 .text.errata_16
                0x0000000000000610       0x38 Output/nrf52832_xxaa/Obj/ss_twr_init/system_nrf52.o
 .text.errata_31
                0x0000000000000648       0x58 Output/nrf52832_xxaa/Obj/ss_twr_init/system_nrf52.o
 .text.errata_32
                0x00000000000006a0       0x38 Output/nrf52832_xxaa/Obj/ss_twr_init/system_nrf52.o
 .text.errata_36
                0x00000000000006d8       0x58 Output/nrf52832_xxaa/Obj/ss_twr_init/system_nrf52.o
 .text.errata_37
                0x0000000000000730       0x38 Output/nrf52832_xxaa/Obj/ss_twr_init/system_nrf52.o
 .text.errata_57
                0x0000000000000768       0x38 Output/nrf52832_xxaa/Obj/ss_twr_init/system_nrf52.o
 .text.errata_66
                0x00000000000007a0       0x38 Output/nrf52832_xxaa/Obj/ss_twr_init/system_nrf52.o
 .text.errata_108
                0x00000000000007d8       0x58 Output/nrf52832_xxaa/Obj/ss_twr_init/system_nrf52.o
 .text.errata_136
                0x0000000000000830       0x58 Output/nrf52832_xxaa/Obj/ss_twr_init/system_nrf52.o
 .text.nrf_gpio_pin_port_decode
                0x0000000000000888        0xe Output/nrf52832_xxaa/Obj/ss_twr_init/main.o
 .text.nrf_gpio_cfg
                0x0000000000000896       0x62 Output/nrf52832_xxaa/Obj/ss_twr_init/main.o
 .text.nrf_gpio_cfg_output
                0x00000000000008f8       0x22 Output/nrf52832_xxaa/Obj/ss_twr_init/main.o
 .text.nrf_gpio_cfg_input
                0x000000000000091a       0x2a Output/nrf52832_xxaa/Obj/ss_twr_init/main.o
 .text.led_toggle_task_function
                0x0000000000000944       0x36 Output/nrf52832_xxaa/Obj/ss_twr_init/main.o
 .text.led_toggle_timer_callback
                0x000000000000097a       0x32 Output/nrf52832_xxaa/Obj/ss_twr_init/main.o
 .text.main     0x00000000000009ac      0x13c Output/nrf52832_xxaa/Obj/ss_twr_init/main.o
                0x00000000000009ac                main
 .text.ss_init_run
                0x0000000000000ae8      0x278 Output/nrf52832_xxaa/Obj/ss_twr_init/ss_init_main.o
                0x0000000000000ae8                ss_init_run
 .text.resp_msg_get_ts
                0x0000000000000d60       0x42 Output/nrf52832_xxaa/Obj/ss_twr_init/ss_init_main.o
 .text.ss_initiator_task_function
                0x0000000000000da2       0x18 Output/nrf52832_xxaa/Obj/ss_twr_init/ss_init_main.o
                0x0000000000000da2                ss_initiator_task_function
 *fill*         0x0000000000000dba        0x2 
 .text.setupTimer
                0x0000000000000dbc       0xac Output/nrf52832_xxaa/Obj/ss_twr_init/ignorelist.o
                0x0000000000000dbc                setupTimer
 .text.onIgnorelist
                0x0000000000000e68       0x34 Output/nrf52832_xxaa/Obj/ss_twr_init/ignorelist.o
                0x0000000000000e68                onIgnorelist
 .text.putOnIgnorelist
                0x0000000000000e9c      0x120 Output/nrf52832_xxaa/Obj/ss_twr_init/ignorelist.o
                0x0000000000000e9c                putOnIgnorelist
 .text.lfclk_request
                0x0000000000000fbc       0x28 Output/nrf52832_xxaa/Obj/ss_twr_init/ignorelist.o
 .text.putOnList
                0x0000000000000fe4       0x68 Output/nrf52832_xxaa/Obj/ss_twr_init/ignorelist.o
 .text.timer_handler
                0x000000000000104c       0x30 Output/nrf52832_xxaa/Obj/ss_twr_init/ignorelist.o
 .text.createTimer
                0x000000000000107c       0x30 Output/nrf52832_xxaa/Obj/ss_twr_init/ignorelist.o
 .text.__NVIC_EnableIRQ
                0x00000000000010ac       0x34 Output/nrf52832_xxaa/Obj/ss_twr_init/nrf_drv_common.o
 .text.__NVIC_ClearPendingIRQ
                0x00000000000010e0       0x38 Output/nrf52832_xxaa/Obj/ss_twr_init/nrf_drv_common.o
 .text.__NVIC_SetPriority
                0x0000000000001118       0x50 Output/nrf52832_xxaa/Obj/ss_twr_init/nrf_drv_common.o
 .text.nrf_drv_common_irq_enable
                0x0000000000001168       0x3e Output/nrf52832_xxaa/Obj/ss_twr_init/nrf_drv_common.o
                0x0000000000001168                nrf_drv_common_irq_enable
 .text.nrf_gpiote_event_is_set
                0x00000000000011a6       0x2a Output/nrf52832_xxaa/Obj/ss_twr_init/nrf_drv_gpiote.o
 .text.nrf_gpiote_event_clear
                0x00000000000011d0       0x36 Output/nrf52832_xxaa/Obj/ss_twr_init/nrf_drv_gpiote.o
 .text.nrf_gpiote_event_addr_get
                0x0000000000001206       0x1a Output/nrf52832_xxaa/Obj/ss_twr_init/nrf_drv_gpiote.o
 .text.nrf_gpiote_int_is_enabled
                0x0000000000001220       0x18 Output/nrf52832_xxaa/Obj/ss_twr_init/nrf_drv_gpiote.o
 .text.nrf_gpiote_event_pin_get
                0x0000000000001238       0x20 Output/nrf52832_xxaa/Obj/ss_twr_init/nrf_drv_gpiote.o
 .text.nrf_gpiote_event_polarity_get
                0x0000000000001258       0x24 Output/nrf52832_xxaa/Obj/ss_twr_init/nrf_drv_gpiote.o
 .text.nrf_gpio_pin_port_decode
                0x000000000000127c        0xe Output/nrf52832_xxaa/Obj/ss_twr_init/nrf_drv_gpiote.o
 .text.nrf_gpio_cfg_sense_set
                0x000000000000128a       0x5c Output/nrf52832_xxaa/Obj/ss_twr_init/nrf_drv_gpiote.o
 .text.nrf_gpio_pin_sense_get
                0x00000000000012e6       0x2c Output/nrf52832_xxaa/Obj/ss_twr_init/nrf_drv_gpiote.o
 .text.nrf_gpio_port_in_read
                0x0000000000001312       0x10 Output/nrf52832_xxaa/Obj/ss_twr_init/nrf_drv_gpiote.o
 .text.nrf_gpio_ports_read
                0x0000000000001322       0x50 Output/nrf52832_xxaa/Obj/ss_twr_init/nrf_drv_gpiote.o
 .text.nrf_bitmask_bit_is_set
                0x0000000000001372       0x30 Output/nrf52832_xxaa/Obj/ss_twr_init/nrf_drv_gpiote.o
 .text.nrf_bitmask_bit_set
                0x00000000000013a2       0x40 Output/nrf52832_xxaa/Obj/ss_twr_init/nrf_drv_gpiote.o
 *fill*         0x00000000000013e2        0x2 
 .text.channel_port_get
                0x00000000000013e4       0x1c Output/nrf52832_xxaa/Obj/ss_twr_init/nrf_drv_gpiote.o
 .text.channel_handler_get
                0x0000000000001400       0x18 Output/nrf52832_xxaa/Obj/ss_twr_init/nrf_drv_gpiote.o
 .text.GPIOTE_IRQHandler
                0x0000000000001418      0x2e0 Output/nrf52832_xxaa/Obj/ss_twr_init/nrf_drv_gpiote.o
                0x0000000000001418                GPIOTE_IRQHandler
 .text.__NVIC_DisableIRQ
                0x00000000000016f8       0x44 Output/nrf52832_xxaa/Obj/ss_twr_init/nrf_drv_spi.o
 .text.nrf_spi_event_clear
                0x000000000000173c       0x2a Output/nrf52832_xxaa/Obj/ss_twr_init/nrf_drv_spi.o
 .text.nrf_spi_event_check
                0x0000000000001766       0x24 Output/nrf52832_xxaa/Obj/ss_twr_init/nrf_drv_spi.o
 .text.nrf_spi_int_enable
                0x000000000000178a       0x14 Output/nrf52832_xxaa/Obj/ss_twr_init/nrf_drv_spi.o
 .text.nrf_spi_int_disable
                0x000000000000179e       0x14 Output/nrf52832_xxaa/Obj/ss_twr_init/nrf_drv_spi.o
 .text.nrf_spi_enable
                0x00000000000017b2       0x12 Output/nrf52832_xxaa/Obj/ss_twr_init/nrf_drv_spi.o
 .text.nrf_spi_disable
                0x00000000000017c4       0x12 Output/nrf52832_xxaa/Obj/ss_twr_init/nrf_drv_spi.o
 .text.nrf_spi_pins_set
                0x00000000000017d6       0x28 Output/nrf52832_xxaa/Obj/ss_twr_init/nrf_drv_spi.o
 .text.nrf_spi_txd_set
                0x00000000000017fe       0x1a Output/nrf52832_xxaa/Obj/ss_twr_init/nrf_drv_spi.o
 .text.nrf_spi_rxd_get
                0x0000000000001818       0x12 Output/nrf52832_xxaa/Obj/ss_twr_init/nrf_drv_spi.o
 .text.nrf_spi_frequency_set
                0x000000000000182a       0x14 Output/nrf52832_xxaa/Obj/ss_twr_init/nrf_drv_spi.o
 .text.nrf_spi_configure
                0x000000000000183e       0x64 Output/nrf52832_xxaa/Obj/ss_twr_init/nrf_drv_spi.o
 .text.nrf_drv_common_irq_disable
                0x00000000000018a2       0x1c Output/nrf52832_xxaa/Obj/ss_twr_init/nrf_drv_spi.o
 .text.nrf_gpio_pin_port_decode
                0x00000000000018be        0xe Output/nrf52832_xxaa/Obj/ss_twr_init/nrf_drv_spi.o
 .text.nrf_gpio_cfg
                0x00000000000018cc       0x62 Output/nrf52832_xxaa/Obj/ss_twr_init/nrf_drv_spi.o
 .text.nrf_gpio_cfg_output
                0x000000000000192e       0x22 Output/nrf52832_xxaa/Obj/ss_twr_init/nrf_drv_spi.o
 .text.nrf_gpio_cfg_input
                0x0000000000001950       0x2a Output/nrf52832_xxaa/Obj/ss_twr_init/nrf_drv_spi.o
 .text.nrf_gpio_pin_set
                0x000000000000197a       0x28 Output/nrf52832_xxaa/Obj/ss_twr_init/nrf_drv_spi.o
 .text.nrf_gpio_pin_clear
                0x00000000000019a2       0x28 Output/nrf52832_xxaa/Obj/ss_twr_init/nrf_drv_spi.o
 .text.nrf_gpio_port_out_set
                0x00000000000019ca       0x14 Output/nrf52832_xxaa/Obj/ss_twr_init/nrf_drv_spi.o
 .text.nrf_gpio_port_out_clear
                0x00000000000019de       0x14 Output/nrf52832_xxaa/Obj/ss_twr_init/nrf_drv_spi.o
 *fill*         0x00000000000019f2        0x2 
 .text.nrf_drv_spi_init
                0x00000000000019f4      0x188 Output/nrf52832_xxaa/Obj/ss_twr_init/nrf_drv_spi.o
                0x00000000000019f4                nrf_drv_spi_init
 .text.nrf_drv_spi_uninit
                0x0000000000001b7c       0x60 Output/nrf52832_xxaa/Obj/ss_twr_init/nrf_drv_spi.o
                0x0000000000001b7c                nrf_drv_spi_uninit
 .text.nrf_drv_spi_transfer
                0x0000000000001bdc       0x3e Output/nrf52832_xxaa/Obj/ss_twr_init/nrf_drv_spi.o
                0x0000000000001bdc                nrf_drv_spi_transfer
 .text.finish_transfer
                0x0000000000001c1a       0x3e Output/nrf52832_xxaa/Obj/ss_twr_init/nrf_drv_spi.o
 .text.transfer_byte
                0x0000000000001c58      0x108 Output/nrf52832_xxaa/Obj/ss_twr_init/nrf_drv_spi.o
 .text.spi_xfer
                0x0000000000001d60       0xca Output/nrf52832_xxaa/Obj/ss_twr_init/nrf_drv_spi.o
 *fill*         0x0000000000001e2a        0x2 
 .text.nrf_drv_spi_xfer
                0x0000000000001e2c       0xc4 Output/nrf52832_xxaa/Obj/ss_twr_init/nrf_drv_spi.o
                0x0000000000001e2c                nrf_drv_spi_xfer
 .text.irq_handler_spi
                0x0000000000001ef0       0x34 Output/nrf52832_xxaa/Obj/ss_twr_init/nrf_drv_spi.o
 .text.SPIM1_SPIS1_TWIM1_TWIS1_SPI1_TWI1_IRQHandler
                0x0000000000001f24       0x20 Output/nrf52832_xxaa/Obj/ss_twr_init/nrf_drv_spi.o
                0x0000000000001f24                SPIM1_SPIS1_TWIM1_TWIS1_SPI1_TWI1_IRQHandler
 .text.nrf_uart_event_clear
                0x0000000000001f44       0x2a Output/nrf52832_xxaa/Obj/ss_twr_init/nrf_drv_uart.o
 .text.nrf_uart_event_check
                0x0000000000001f6e       0x24 Output/nrf52832_xxaa/Obj/ss_twr_init/nrf_drv_uart.o
 .text.nrf_uart_int_enable
                0x0000000000001f92       0x14 Output/nrf52832_xxaa/Obj/ss_twr_init/nrf_drv_uart.o
 .text.nrf_uart_int_enable_check
                0x0000000000001fa6       0x20 Output/nrf52832_xxaa/Obj/ss_twr_init/nrf_drv_uart.o
 .text.nrf_uart_int_disable
                0x0000000000001fc6       0x14 Output/nrf52832_xxaa/Obj/ss_twr_init/nrf_drv_uart.o
 .text.nrf_uart_errorsrc_get_and_clear
                0x0000000000001fda       0x1c Output/nrf52832_xxaa/Obj/ss_twr_init/nrf_drv_uart.o
 .text.nrf_uart_enable
                0x0000000000001ff6       0x12 Output/nrf52832_xxaa/Obj/ss_twr_init/nrf_drv_uart.o
 .text.nrf_uart_txrx_pins_set
                0x0000000000002008       0x1e Output/nrf52832_xxaa/Obj/ss_twr_init/nrf_drv_uart.o
 .text.nrf_uart_hwfc_pins_set
                0x0000000000002026       0x1e Output/nrf52832_xxaa/Obj/ss_twr_init/nrf_drv_uart.o
 .text.nrf_uart_rxd_get
                0x0000000000002044       0x12 Output/nrf52832_xxaa/Obj/ss_twr_init/nrf_drv_uart.o
 .text.nrf_uart_txd_set
                0x0000000000002056       0x1a Output/nrf52832_xxaa/Obj/ss_twr_init/nrf_drv_uart.o
 .text.nrf_uart_task_trigger
                0x0000000000002070       0x1c Output/nrf52832_xxaa/Obj/ss_twr_init/nrf_drv_uart.o
 .text.nrf_uart_configure
                0x000000000000208c       0x2a Output/nrf52832_xxaa/Obj/ss_twr_init/nrf_drv_uart.o
 .text.nrf_uart_baudrate_set
                0x00000000000020b6       0x14 Output/nrf52832_xxaa/Obj/ss_twr_init/nrf_drv_uart.o
 .text.nrf_uarte_event_clear
                0x00000000000020ca       0x2a Output/nrf52832_xxaa/Obj/ss_twr_init/nrf_drv_uart.o
 .text.nrf_uarte_event_check
                0x00000000000020f4       0x24 Output/nrf52832_xxaa/Obj/ss_twr_init/nrf_drv_uart.o
 .text.nrf_uarte_shorts_enable
                0x0000000000002118       0x1c Output/nrf52832_xxaa/Obj/ss_twr_init/nrf_drv_uart.o
 .text.nrf_uarte_shorts_disable
                0x0000000000002134       0x1e Output/nrf52832_xxaa/Obj/ss_twr_init/nrf_drv_uart.o
 .text.nrf_uarte_int_enable
                0x0000000000002152       0x14 Output/nrf52832_xxaa/Obj/ss_twr_init/nrf_drv_uart.o
 .text.nrf_uarte_int_disable
                0x0000000000002166       0x14 Output/nrf52832_xxaa/Obj/ss_twr_init/nrf_drv_uart.o
 .text.nrf_uarte_errorsrc_get_and_clear
                0x000000000000217a       0x1c Output/nrf52832_xxaa/Obj/ss_twr_init/nrf_drv_uart.o
 .text.nrf_uarte_enable
                0x0000000000002196       0x12 Output/nrf52832_xxaa/Obj/ss_twr_init/nrf_drv_uart.o
 .text.nrf_uarte_txrx_pins_set
                0x00000000000021a8       0x1e Output/nrf52832_xxaa/Obj/ss_twr_init/nrf_drv_uart.o
 .text.nrf_uarte_hwfc_pins_set
                0x00000000000021c6       0x1e Output/nrf52832_xxaa/Obj/ss_twr_init/nrf_drv_uart.o
 .text.nrf_uarte_task_trigger
                0x00000000000021e4       0x1c Output/nrf52832_xxaa/Obj/ss_twr_init/nrf_drv_uart.o
 .text.nrf_uarte_configure
                0x0000000000002200       0x2a Output/nrf52832_xxaa/Obj/ss_twr_init/nrf_drv_uart.o
 .text.nrf_uarte_baudrate_set
                0x000000000000222a       0x14 Output/nrf52832_xxaa/Obj/ss_twr_init/nrf_drv_uart.o
 .text.nrf_uarte_tx_buffer_set
                0x000000000000223e       0x24 Output/nrf52832_xxaa/Obj/ss_twr_init/nrf_drv_uart.o
 .text.nrf_uarte_tx_amount_get
                0x0000000000002262       0x10 Output/nrf52832_xxaa/Obj/ss_twr_init/nrf_drv_uart.o
 .text.nrf_uarte_rx_buffer_set
                0x0000000000002272       0x24 Output/nrf52832_xxaa/Obj/ss_twr_init/nrf_drv_uart.o
 .text.nrf_uarte_rx_amount_get
                0x0000000000002296       0x10 Output/nrf52832_xxaa/Obj/ss_twr_init/nrf_drv_uart.o
 .text.nrf_drv_get_IRQn
                0x00000000000022a6       0x16 Output/nrf52832_xxaa/Obj/ss_twr_init/nrf_drv_uart.o
 .text.nrf_drv_is_in_RAM
                0x00000000000022bc       0x1c Output/nrf52832_xxaa/Obj/ss_twr_init/nrf_drv_uart.o
 .text.nrf_gpio_pin_port_decode
                0x00000000000022d8        0xe Output/nrf52832_xxaa/Obj/ss_twr_init/nrf_drv_uart.o
 .text.nrf_gpio_cfg
                0x00000000000022e6       0x62 Output/nrf52832_xxaa/Obj/ss_twr_init/nrf_drv_uart.o
 .text.nrf_gpio_cfg_output
                0x0000000000002348       0x22 Output/nrf52832_xxaa/Obj/ss_twr_init/nrf_drv_uart.o
 .text.nrf_gpio_cfg_input
                0x000000000000236a       0x2a Output/nrf52832_xxaa/Obj/ss_twr_init/nrf_drv_uart.o
 .text.nrf_gpio_pin_set
                0x0000000000002394       0x28 Output/nrf52832_xxaa/Obj/ss_twr_init/nrf_drv_uart.o
 .text.nrf_gpio_port_out_set
                0x00000000000023bc       0x14 Output/nrf52832_xxaa/Obj/ss_twr_init/nrf_drv_uart.o
 .text.apply_config
                0x00000000000023d0      0x160 Output/nrf52832_xxaa/Obj/ss_twr_init/nrf_drv_uart.o
 .text.interrupts_enable
                0x0000000000002530       0xd4 Output/nrf52832_xxaa/Obj/ss_twr_init/nrf_drv_uart.o
 .text.uart_enable
                0x0000000000002604       0x3c Output/nrf52832_xxaa/Obj/ss_twr_init/nrf_drv_uart.o
 .text.nrf_drv_uart_init
                0x0000000000002640       0x90 Output/nrf52832_xxaa/Obj/ss_twr_init/nrf_drv_uart.o
                0x0000000000002640                nrf_drv_uart_init
 .text.tx_byte  0x00000000000026d0       0x46 Output/nrf52832_xxaa/Obj/ss_twr_init/nrf_drv_uart.o
 *fill*         0x0000000000002716        0x2 
 .text.nrf_drv_uart_tx_for_uart
                0x0000000000002718       0xe4 Output/nrf52832_xxaa/Obj/ss_twr_init/nrf_drv_uart.o
 .text.nrf_drv_uart_tx_for_uarte
                0x00000000000027fc       0xbc Output/nrf52832_xxaa/Obj/ss_twr_init/nrf_drv_uart.o
 .text.nrf_drv_uart_tx
                0x00000000000028b8       0xa0 Output/nrf52832_xxaa/Obj/ss_twr_init/nrf_drv_uart.o
                0x00000000000028b8                nrf_drv_uart_tx
 .text.nrf_drv_uart_tx_in_progress
                0x0000000000002958       0x28 Output/nrf52832_xxaa/Obj/ss_twr_init/nrf_drv_uart.o
                0x0000000000002958                nrf_drv_uart_tx_in_progress
 .text.rx_enable
                0x0000000000002980       0x36 Output/nrf52832_xxaa/Obj/ss_twr_init/nrf_drv_uart.o
 .text.rx_byte  0x00000000000029b6       0x54 Output/nrf52832_xxaa/Obj/ss_twr_init/nrf_drv_uart.o
 *fill*         0x0000000000002a0a        0x2 
 .text.nrf_drv_uart_rx_for_uart
                0x0000000000002a0c      0x158 Output/nrf52832_xxaa/Obj/ss_twr_init/nrf_drv_uart.o
 .text.nrf_drv_uart_rx_for_uarte
                0x0000000000002b64      0x130 Output/nrf52832_xxaa/Obj/ss_twr_init/nrf_drv_uart.o
 .text.nrf_drv_uart_rx
                0x0000000000002c94      0x158 Output/nrf52832_xxaa/Obj/ss_twr_init/nrf_drv_uart.o
                0x0000000000002c94                nrf_drv_uart_rx
 .text.nrf_drv_uart_rx_enable
                0x0000000000002dec       0x54 Output/nrf52832_xxaa/Obj/ss_twr_init/nrf_drv_uart.o
                0x0000000000002dec                nrf_drv_uart_rx_enable
 .text.rx_done_event
                0x0000000000002e40       0x36 Output/nrf52832_xxaa/Obj/ss_twr_init/nrf_drv_uart.o
 .text.tx_done_event
                0x0000000000002e76       0x3c Output/nrf52832_xxaa/Obj/ss_twr_init/nrf_drv_uart.o
 .text.uart_irq_handler
                0x0000000000002eb2      0x1d4 Output/nrf52832_xxaa/Obj/ss_twr_init/nrf_drv_uart.o
 .text.uarte_irq_handler
                0x0000000000003086      0x160 Output/nrf52832_xxaa/Obj/ss_twr_init/nrf_drv_uart.o
 *fill*         0x00000000000031e6        0x2 
 .text.UARTE0_UART0_IRQHandler
                0x00000000000031e8       0x28 Output/nrf52832_xxaa/Obj/ss_twr_init/nrf_drv_uart.o
                0x00000000000031e8                UARTE0_UART0_IRQHandler
 .text.nrf_clock_int_enable
                0x0000000000003210       0x14 Output/nrf52832_xxaa/Obj/ss_twr_init/nrf_drv_clock.o
 .text.nrf_clock_int_disable
                0x0000000000003224       0x14 Output/nrf52832_xxaa/Obj/ss_twr_init/nrf_drv_clock.o
 .text.nrf_clock_task_trigger
                0x0000000000003238       0x1a Output/nrf52832_xxaa/Obj/ss_twr_init/nrf_drv_clock.o
 .text.nrf_clock_event_clear
                0x0000000000003252       0x28 Output/nrf52832_xxaa/Obj/ss_twr_init/nrf_drv_clock.o
 .text.nrf_clock_event_check
                0x000000000000327a       0x22 Output/nrf52832_xxaa/Obj/ss_twr_init/nrf_drv_clock.o
 .text.nrf_clock_lf_src_set
                0x000000000000329c       0x1e Output/nrf52832_xxaa/Obj/ss_twr_init/nrf_drv_clock.o
 *fill*         0x00000000000032ba        0x2 
 .text.nrf_drv_common_irq_enable_check
                0x00000000000032bc       0x38 Output/nrf52832_xxaa/Obj/ss_twr_init/nrf_drv_clock.o
 .text.nrf_drv_common_power_clock_irq_init
                0x00000000000032f4       0x20 Output/nrf52832_xxaa/Obj/ss_twr_init/nrf_drv_clock.o
 .text.lfclk_start
                0x0000000000003314       0x1a Output/nrf52832_xxaa/Obj/ss_twr_init/nrf_drv_clock.o
 *fill*         0x000000000000332e        0x2 
 .text.nrf_drv_clock_init
                0x0000000000003330       0x4c Output/nrf52832_xxaa/Obj/ss_twr_init/nrf_drv_clock.o
                0x0000000000003330                nrf_drv_clock_init
 .text.item_enqueue
                0x000000000000337c       0x38 Output/nrf52832_xxaa/Obj/ss_twr_init/nrf_drv_clock.o
 .text.item_dequeue
                0x00000000000033b4       0x20 Output/nrf52832_xxaa/Obj/ss_twr_init/nrf_drv_clock.o
 .text.nrf_drv_clock_lfclk_request
                0x00000000000033d4       0x78 Output/nrf52832_xxaa/Obj/ss_twr_init/nrf_drv_clock.o
                0x00000000000033d4                nrf_drv_clock_lfclk_request
 .text.clock_clk_started_notify
                0x000000000000344c       0x4c Output/nrf52832_xxaa/Obj/ss_twr_init/nrf_drv_clock.o
 .text.POWER_CLOCK_IRQHandler
                0x0000000000003498       0x5c Output/nrf52832_xxaa/Obj/ss_twr_init/nrf_drv_clock.o
                0x0000000000003498                POWER_CLOCK_IRQHandler
 .text.app_error_handler_bare
                0x00000000000034f4       0x2a Output/nrf52832_xxaa/Obj/ss_twr_init/app_error.o
                0x00000000000034f4                app_error_handler_bare
 *fill*         0x000000000000351e        0x2 
 .text.__NVIC_SystemReset
                0x0000000000003520       0x28 Output/nrf52832_xxaa/Obj/ss_twr_init/app_error_weak.o
 .text.app_error_fault_handler
                0x0000000000003548       0x20 Output/nrf52832_xxaa/Obj/ss_twr_init/app_error_weak.o
                0x0000000000003548                app_error_fault_handler
 .text.app_util_disable_irq
                0x0000000000003568       0x18 Output/nrf52832_xxaa/Obj/ss_twr_init/app_util_platform.o
                0x0000000000003568                app_util_disable_irq
 .text.app_util_enable_irq
                0x0000000000003580       0x20 Output/nrf52832_xxaa/Obj/ss_twr_init/app_util_platform.o
                0x0000000000003580                app_util_enable_irq
 .text.app_util_critical_region_enter
                0x00000000000035a0       0x12 Output/nrf52832_xxaa/Obj/ss_twr_init/app_util_platform.o
                0x00000000000035a0                app_util_critical_region_enter
 .text.app_util_critical_region_exit
                0x00000000000035b2       0x16 Output/nrf52832_xxaa/Obj/ss_twr_init/app_util_platform.o
                0x00000000000035b2                app_util_critical_region_exit
 .text.fifo_length
                0x00000000000035c8       0x18 Output/nrf52832_xxaa/Obj/ss_twr_init/app_fifo.o
 .text.fifo_put
                0x00000000000035e0       0x30 Output/nrf52832_xxaa/Obj/ss_twr_init/app_fifo.o
 .text.fifo_peek
                0x0000000000003610       0x2e Output/nrf52832_xxaa/Obj/ss_twr_init/app_fifo.o
 .text.fifo_get
                0x000000000000363e       0x24 Output/nrf52832_xxaa/Obj/ss_twr_init/app_fifo.o
 .text.app_fifo_init
                0x0000000000003662       0x58 Output/nrf52832_xxaa/Obj/ss_twr_init/app_fifo.o
                0x0000000000003662                app_fifo_init
 .text.app_fifo_put
                0x00000000000036ba       0x36 Output/nrf52832_xxaa/Obj/ss_twr_init/app_fifo.o
                0x00000000000036ba                app_fifo_put
 .text.app_fifo_get
                0x00000000000036f0       0x2a Output/nrf52832_xxaa/Obj/ss_twr_init/app_fifo.o
                0x00000000000036f0                app_fifo_get
 .text.fifo_length
                0x000000000000371a       0x18 Output/nrf52832_xxaa/Obj/ss_twr_init/app_uart_fifo.o
 *fill*         0x0000000000003732        0x2 
 .text.uart_event_handler
                0x0000000000003734       0xfc Output/nrf52832_xxaa/Obj/ss_twr_init/app_uart_fifo.o
 .text.app_uart_init
                0x0000000000003830      0x128 Output/nrf52832_xxaa/Obj/ss_twr_init/app_uart_fifo.o
                0x0000000000003830                app_uart_init
 .text.app_uart_put
                0x0000000000003958       0x60 Output/nrf52832_xxaa/Obj/ss_twr_init/app_uart_fifo.o
                0x0000000000003958                app_uart_put
 .text.__putchar
                0x00000000000039b8       0x1c Output/nrf52832_xxaa/Obj/ss_twr_init/retarget.o
                0x00000000000039b8                __putchar
 .text.dwt_initialise
                0x00000000000039d4      0x184 Output/nrf52832_xxaa/Obj/ss_twr_init/deca_device.o
                0x00000000000039d4                dwt_initialise
 .text.dwt_readdevid
                0x0000000000003b58       0x10 Output/nrf52832_xxaa/Obj/ss_twr_init/deca_device.o
                0x0000000000003b58                dwt_readdevid
 .text.dwt_configure
                0x0000000000003b68      0x304 Output/nrf52832_xxaa/Obj/ss_twr_init/deca_device.o
                0x0000000000003b68                dwt_configure
 .text.dwt_setrxantennadelay
                0x0000000000003e6c       0x22 Output/nrf52832_xxaa/Obj/ss_twr_init/deca_device.o
                0x0000000000003e6c                dwt_setrxantennadelay
 .text.dwt_settxantennadelay
                0x0000000000003e8e       0x20 Output/nrf52832_xxaa/Obj/ss_twr_init/deca_device.o
                0x0000000000003e8e                dwt_settxantennadelay
 .text.dwt_writetxdata
                0x0000000000003eae       0x46 Output/nrf52832_xxaa/Obj/ss_twr_init/deca_device.o
                0x0000000000003eae                dwt_writetxdata
 .text.dwt_writetxfctrl
                0x0000000000003ef4       0x44 Output/nrf52832_xxaa/Obj/ss_twr_init/deca_device.o
                0x0000000000003ef4                dwt_writetxfctrl
 .text.dwt_readrxdata
                0x0000000000003f38       0x2a Output/nrf52832_xxaa/Obj/ss_twr_init/deca_device.o
                0x0000000000003f38                dwt_readrxdata
 .text.dwt_readcarrierintegrator
                0x0000000000003f62       0x60 Output/nrf52832_xxaa/Obj/ss_twr_init/deca_device.o
                0x0000000000003f62                dwt_readcarrierintegrator
 .text.dwt_readtxtimestamplo32
                0x0000000000003fc2       0x10 Output/nrf52832_xxaa/Obj/ss_twr_init/deca_device.o
                0x0000000000003fc2                dwt_readtxtimestamplo32
 .text.dwt_readrxtimestamplo32
                0x0000000000003fd2       0x10 Output/nrf52832_xxaa/Obj/ss_twr_init/deca_device.o
                0x0000000000003fd2                dwt_readrxtimestamplo32
 .text.dwt_writetodevice
                0x0000000000003fe2       0xbc Output/nrf52832_xxaa/Obj/ss_twr_init/deca_device.o
                0x0000000000003fe2                dwt_writetodevice
 .text.dwt_readfromdevice
                0x000000000000409e       0xb6 Output/nrf52832_xxaa/Obj/ss_twr_init/deca_device.o
                0x000000000000409e                dwt_readfromdevice
 .text.dwt_read32bitoffsetreg
                0x0000000000004154       0x48 Output/nrf52832_xxaa/Obj/ss_twr_init/deca_device.o
                0x0000000000004154                dwt_read32bitoffsetreg
 .text.dwt_read16bitoffsetreg
                0x000000000000419c       0x40 Output/nrf52832_xxaa/Obj/ss_twr_init/deca_device.o
                0x000000000000419c                dwt_read16bitoffsetreg
 .text.dwt_read8bitoffsetreg
                0x00000000000041dc       0x26 Output/nrf52832_xxaa/Obj/ss_twr_init/deca_device.o
                0x00000000000041dc                dwt_read8bitoffsetreg
 .text.dwt_write8bitoffsetreg
                0x0000000000004202       0x28 Output/nrf52832_xxaa/Obj/ss_twr_init/deca_device.o
                0x0000000000004202                dwt_write8bitoffsetreg
 .text.dwt_write16bitoffsetreg
                0x000000000000422a       0x3e Output/nrf52832_xxaa/Obj/ss_twr_init/deca_device.o
                0x000000000000422a                dwt_write16bitoffsetreg
 .text.dwt_write32bitoffsetreg
                0x0000000000004268       0x48 Output/nrf52832_xxaa/Obj/ss_twr_init/deca_device.o
                0x0000000000004268                dwt_write32bitoffsetreg
 .text._dwt_otpread
                0x00000000000042b0       0x3c Output/nrf52832_xxaa/Obj/ss_twr_init/deca_device.o
                0x00000000000042b0                _dwt_otpread
 .text._dwt_aonarrayupload
                0x00000000000042ec       0x1a Output/nrf52832_xxaa/Obj/ss_twr_init/deca_device.o
                0x00000000000042ec                _dwt_aonarrayupload
 .text._dwt_configlde
                0x0000000000004306       0x3e Output/nrf52832_xxaa/Obj/ss_twr_init/deca_device.o
                0x0000000000004306                _dwt_configlde
 .text._dwt_loaducodefromrom
                0x0000000000004344       0x24 Output/nrf52832_xxaa/Obj/ss_twr_init/deca_device.o
                0x0000000000004344                _dwt_loaducodefromrom
 .text.dwt_setrxaftertxdelay
                0x0000000000004368       0x36 Output/nrf52832_xxaa/Obj/ss_twr_init/deca_device.o
                0x0000000000004368                dwt_setrxaftertxdelay
 .text.dwt_setleds
                0x000000000000439e       0xbe Output/nrf52832_xxaa/Obj/ss_twr_init/deca_device.o
                0x000000000000439e                dwt_setleds
 .text._dwt_enableclocks
                0x000000000000445c      0x158 Output/nrf52832_xxaa/Obj/ss_twr_init/deca_device.o
                0x000000000000445c                _dwt_enableclocks
 .text._dwt_disablesequencing
                0x00000000000045b4       0x16 Output/nrf52832_xxaa/Obj/ss_twr_init/deca_device.o
                0x00000000000045b4                _dwt_disablesequencing
 *fill*         0x00000000000045ca        0x2 
 .text.dwt_starttx
                0x00000000000045cc       0xd4 Output/nrf52832_xxaa/Obj/ss_twr_init/deca_device.o
                0x00000000000045cc                dwt_starttx
 .text.dwt_setrxtimeout
                0x00000000000046a0       0x90 Output/nrf52832_xxaa/Obj/ss_twr_init/deca_device.o
                0x00000000000046a0                dwt_setrxtimeout
 .text.dwt_rxreset
                0x0000000000004730       0x1a Output/nrf52832_xxaa/Obj/ss_twr_init/deca_device.o
                0x0000000000004730                dwt_rxreset
 *fill*         0x000000000000474a        0x2 
 .text.dwt_softreset
                0x000000000000474c       0x48 Output/nrf52832_xxaa/Obj/ss_twr_init/deca_device.o
                0x000000000000474c                dwt_softreset
 .text.dwt_setxtaltrim
                0x0000000000004794       0x34 Output/nrf52832_xxaa/Obj/ss_twr_init/deca_device.o
                0x0000000000004794                dwt_setxtaltrim
 .text.nrf_gpio_pin_port_decode
                0x00000000000047c8        0xe Output/nrf52832_xxaa/Obj/ss_twr_init/port_platform.o
 .text.nrf_gpio_cfg
                0x00000000000047d6       0x62 Output/nrf52832_xxaa/Obj/ss_twr_init/port_platform.o
 .text.nrf_gpio_cfg_output
                0x0000000000004838       0x22 Output/nrf52832_xxaa/Obj/ss_twr_init/port_platform.o
 .text.nrf_gpio_cfg_input
                0x000000000000485a       0x2a Output/nrf52832_xxaa/Obj/ss_twr_init/port_platform.o
 .text.nrf_gpio_pin_clear
                0x0000000000004884       0x28 Output/nrf52832_xxaa/Obj/ss_twr_init/port_platform.o
 .text.nrf_gpio_port_out_clear
                0x00000000000048ac       0x14 Output/nrf52832_xxaa/Obj/ss_twr_init/port_platform.o
 .text.nrf_delay_us
                0x00000000000048c0       0xa0 Output/nrf52832_xxaa/Obj/ss_twr_init/port_platform.o
 .text.nrf_delay_ms
                0x0000000000004960       0x1e Output/nrf52832_xxaa/Obj/ss_twr_init/port_platform.o
 *fill*         0x000000000000497e        0x2 
 .text.spi_event_handler
                0x0000000000004980       0x18 Output/nrf52832_xxaa/Obj/ss_twr_init/port_platform.o
                0x0000000000004980                spi_event_handler
 .text.readfromspi
                0x0000000000004998      0x138 Output/nrf52832_xxaa/Obj/ss_twr_init/port_platform.o
                0x0000000000004998                readfromspi
 .text.writetospi
                0x0000000000004ad0      0x124 Output/nrf52832_xxaa/Obj/ss_twr_init/port_platform.o
                0x0000000000004ad0                writetospi
 .text.reset_DW1000
                0x0000000000004bf4       0x26 Output/nrf52832_xxaa/Obj/ss_twr_init/port_platform.o
                0x0000000000004bf4                reset_DW1000
 *fill*         0x0000000000004c1a        0x2 
 .text.port_set_dw1000_slowrate
                0x0000000000004c1c       0x48 Output/nrf52832_xxaa/Obj/ss_twr_init/port_platform.o
                0x0000000000004c1c                port_set_dw1000_slowrate
 .text.port_set_dw1000_fastrate
                0x0000000000004c64       0x4c Output/nrf52832_xxaa/Obj/ss_twr_init/port_platform.o
                0x0000000000004c64                port_set_dw1000_fastrate
 .text.deca_sleep
                0x0000000000004cb0       0x14 Output/nrf52832_xxaa/Obj/ss_twr_init/port_platform.o
                0x0000000000004cb0                deca_sleep
 .text.vListInitialise
                0x0000000000004cc4       0x36 Output/nrf52832_xxaa/Obj/ss_twr_init/list.o
                0x0000000000004cc4                vListInitialise
 .text.vListInitialiseItem
                0x0000000000004cfa       0x10 Output/nrf52832_xxaa/Obj/ss_twr_init/list.o
                0x0000000000004cfa                vListInitialiseItem
 .text.vListInsertEnd
                0x0000000000004d0a       0x3e Output/nrf52832_xxaa/Obj/ss_twr_init/list.o
                0x0000000000004d0a                vListInsertEnd
 .text.vListInsert
                0x0000000000004d48       0x68 Output/nrf52832_xxaa/Obj/ss_twr_init/list.o
                0x0000000000004d48                vListInsert
 .text.uxListRemove
                0x0000000000004db0       0x4a Output/nrf52832_xxaa/Obj/ss_twr_init/list.o
                0x0000000000004db0                uxListRemove
 .text.ulPortRaiseBASEPRI
                0x0000000000004dfa       0x20 Output/nrf52832_xxaa/Obj/ss_twr_init/queue.o
 *fill*         0x0000000000004e1a        0x2 
 .text.xQueueGenericReset
                0x0000000000004e1c       0xb8 Output/nrf52832_xxaa/Obj/ss_twr_init/queue.o
                0x0000000000004e1c                xQueueGenericReset
 .text.xQueueGenericCreate
                0x0000000000004ed4       0x7a Output/nrf52832_xxaa/Obj/ss_twr_init/queue.o
                0x0000000000004ed4                xQueueGenericCreate
 *fill*         0x0000000000004f4e        0x2 
 .text.xQueueGenericSend
                0x0000000000004f50      0x154 Output/nrf52832_xxaa/Obj/ss_twr_init/queue.o
                0x0000000000004f50                xQueueGenericSend
 .text.xQueueGenericSendFromISR
                0x00000000000050a4       0x8c Output/nrf52832_xxaa/Obj/ss_twr_init/queue.o
                0x00000000000050a4                xQueueGenericSendFromISR
 .text.xQueueGenericReceive
                0x0000000000005130      0x1a0 Output/nrf52832_xxaa/Obj/ss_twr_init/queue.o
                0x0000000000005130                xQueueGenericReceive
 .text.prvCopyDataToQueue
                0x00000000000052d0       0xd4 Output/nrf52832_xxaa/Obj/ss_twr_init/queue.o
 .text.prvCopyDataFromQueue
                0x00000000000053a4       0x4a Output/nrf52832_xxaa/Obj/ss_twr_init/queue.o
 .text.prvUnlockQueue
                0x00000000000053ee       0x96 Output/nrf52832_xxaa/Obj/ss_twr_init/queue.o
 .text.prvIsQueueEmpty
                0x0000000000005484       0x2a Output/nrf52832_xxaa/Obj/ss_twr_init/queue.o
 .text.prvIsQueueFull
                0x00000000000054ae       0x2e Output/nrf52832_xxaa/Obj/ss_twr_init/queue.o
 .text.vQueueAddToRegistry
                0x00000000000054dc       0x48 Output/nrf52832_xxaa/Obj/ss_twr_init/queue.o
                0x00000000000054dc                vQueueAddToRegistry
 .text.vQueueWaitForMessageRestricted
                0x0000000000005524       0x56 Output/nrf52832_xxaa/Obj/ss_twr_init/queue.o
                0x0000000000005524                vQueueWaitForMessageRestricted
 *fill*         0x000000000000557a        0x2 
 .text.xTaskGenericCreate
                0x000000000000557c      0x154 Output/nrf52832_xxaa/Obj/ss_twr_init/tasks.o
                0x000000000000557c                xTaskGenericCreate
 .text.vTaskDelay
                0x00000000000056d0       0x68 Output/nrf52832_xxaa/Obj/ss_twr_init/tasks.o
                0x00000000000056d0                vTaskDelay
 .text.vTaskStartScheduler
                0x0000000000005738       0x6c Output/nrf52832_xxaa/Obj/ss_twr_init/tasks.o
                0x0000000000005738                vTaskStartScheduler
 .text.vTaskSuspendAll
                0x00000000000057a4       0x14 Output/nrf52832_xxaa/Obj/ss_twr_init/tasks.o
                0x00000000000057a4                vTaskSuspendAll
 .text.xTaskResumeAll
                0x00000000000057b8      0x110 Output/nrf52832_xxaa/Obj/ss_twr_init/tasks.o
                0x00000000000057b8                xTaskResumeAll
 .text.xTaskGetTickCount
                0x00000000000058c8       0x14 Output/nrf52832_xxaa/Obj/ss_twr_init/tasks.o
                0x00000000000058c8                xTaskGetTickCount
 .text.xTaskGetTickCountFromISR
                0x00000000000058dc       0x18 Output/nrf52832_xxaa/Obj/ss_twr_init/tasks.o
                0x00000000000058dc                xTaskGetTickCountFromISR
 .text.xTaskIncrementTick
                0x00000000000058f4      0x13c Output/nrf52832_xxaa/Obj/ss_twr_init/tasks.o
                0x00000000000058f4                xTaskIncrementTick
 .text.vTaskSwitchContext
                0x0000000000005a30       0x90 Output/nrf52832_xxaa/Obj/ss_twr_init/tasks.o
                0x0000000000005a30                vTaskSwitchContext
 .text.vTaskPlaceOnEventList
                0x0000000000005ac0       0x60 Output/nrf52832_xxaa/Obj/ss_twr_init/tasks.o
                0x0000000000005ac0                vTaskPlaceOnEventList
 .text.vTaskPlaceOnEventListRestricted
                0x0000000000005b20       0x44 Output/nrf52832_xxaa/Obj/ss_twr_init/tasks.o
                0x0000000000005b20                vTaskPlaceOnEventListRestricted
 .text.xTaskRemoveFromEventList
                0x0000000000005b64       0xa8 Output/nrf52832_xxaa/Obj/ss_twr_init/tasks.o
                0x0000000000005b64                xTaskRemoveFromEventList
 .text.vTaskSetTimeOutState
                0x0000000000005c0c       0x24 Output/nrf52832_xxaa/Obj/ss_twr_init/tasks.o
                0x0000000000005c0c                vTaskSetTimeOutState
 .text.xTaskCheckForTimeOut
                0x0000000000005c30       0x88 Output/nrf52832_xxaa/Obj/ss_twr_init/tasks.o
                0x0000000000005c30                xTaskCheckForTimeOut
 .text.vTaskMissedYield
                0x0000000000005cb8       0x10 Output/nrf52832_xxaa/Obj/ss_twr_init/tasks.o
                0x0000000000005cb8                vTaskMissedYield
 .text.prvIdleTask
                0x0000000000005cc8       0x34 Output/nrf52832_xxaa/Obj/ss_twr_init/tasks.o
 .text.prvInitialiseTCBVariables
                0x0000000000005cfc       0xa6 Output/nrf52832_xxaa/Obj/ss_twr_init/tasks.o
 *fill*         0x0000000000005da2        0x2 
 .text.prvInitialiseTaskLists
                0x0000000000005da4       0x7c Output/nrf52832_xxaa/Obj/ss_twr_init/tasks.o
 .text.prvCheckTasksWaitingTermination
                0x0000000000005e20       0x78 Output/nrf52832_xxaa/Obj/ss_twr_init/tasks.o
 .text.prvAddCurrentTaskToDelayedList
                0x0000000000005e98       0x6c Output/nrf52832_xxaa/Obj/ss_twr_init/tasks.o
 .text.prvAllocateTCBAndStack
                0x0000000000005f04       0x70 Output/nrf52832_xxaa/Obj/ss_twr_init/tasks.o
 .text.prvDeleteTCB
                0x0000000000005f74       0x1e Output/nrf52832_xxaa/Obj/ss_twr_init/tasks.o
 *fill*         0x0000000000005f92        0x2 
 .text.prvResetNextTaskUnblockTime
                0x0000000000005f94       0x40 Output/nrf52832_xxaa/Obj/ss_twr_init/tasks.o
 .text.xTaskGetSchedulerState
                0x0000000000005fd4       0x34 Output/nrf52832_xxaa/Obj/ss_twr_init/tasks.o
                0x0000000000005fd4                xTaskGetSchedulerState
 .text.vTaskPriorityInherit
                0x0000000000006008       0xbc Output/nrf52832_xxaa/Obj/ss_twr_init/tasks.o
                0x0000000000006008                vTaskPriorityInherit
 .text.xTaskPriorityDisinherit
                0x00000000000060c4       0x98 Output/nrf52832_xxaa/Obj/ss_twr_init/tasks.o
                0x00000000000060c4                xTaskPriorityDisinherit
 .text.pvTaskIncrementMutexHeldCount
                0x000000000000615c       0x20 Output/nrf52832_xxaa/Obj/ss_twr_init/tasks.o
                0x000000000000615c                pvTaskIncrementMutexHeldCount
 .text.xTimerCreateTimerTask
                0x000000000000617c       0x4c Output/nrf52832_xxaa/Obj/ss_twr_init/timers.o
                0x000000000000617c                xTimerCreateTimerTask
 .text.xTimerCreate
                0x00000000000061c8       0x5c Output/nrf52832_xxaa/Obj/ss_twr_init/timers.o
                0x00000000000061c8                xTimerCreate
 .text.xTimerGenericCommand
                0x0000000000006224       0x78 Output/nrf52832_xxaa/Obj/ss_twr_init/timers.o
                0x0000000000006224                xTimerGenericCommand
 .text.prvProcessExpiredTimer
                0x000000000000629c       0x64 Output/nrf52832_xxaa/Obj/ss_twr_init/timers.o
 .text.prvTimerTask
                0x0000000000006300       0x20 Output/nrf52832_xxaa/Obj/ss_twr_init/timers.o
 .text.prvProcessTimerOrBlockTask
                0x0000000000006320       0x80 Output/nrf52832_xxaa/Obj/ss_twr_init/timers.o
 .text.prvGetNextExpireTime
                0x00000000000063a0       0x40 Output/nrf52832_xxaa/Obj/ss_twr_init/timers.o
 .text.prvSampleTimeNow
                0x00000000000063e0       0x3c Output/nrf52832_xxaa/Obj/ss_twr_init/timers.o
 .text.prvInsertTimerInActiveList
                0x000000000000641c       0x84 Output/nrf52832_xxaa/Obj/ss_twr_init/timers.o
 .text.prvProcessReceivedCommands
                0x00000000000064a0      0x104 Output/nrf52832_xxaa/Obj/ss_twr_init/timers.o
 .text.prvSwitchTimerLists
                0x00000000000065a4       0xa4 Output/nrf52832_xxaa/Obj/ss_twr_init/timers.o
 .text.prvCheckForValidListAndQueue
                0x0000000000006648       0x6c Output/nrf52832_xxaa/Obj/ss_twr_init/timers.o
 .text.xTimerIsTimerActive
                0x00000000000066b4       0x2c Output/nrf52832_xxaa/Obj/ss_twr_init/timers.o
                0x00000000000066b4                xTimerIsTimerActive
 .text.pvTimerGetTimerID
                0x00000000000066e0       0x22 Output/nrf52832_xxaa/Obj/ss_twr_init/timers.o
                0x00000000000066e0                pvTimerGetTimerID
 *fill*         0x0000000000006702        0x2 
 .text.pvPortMalloc
                0x0000000000006704       0x88 Output/nrf52832_xxaa/Obj/ss_twr_init/heap_1.o
                0x0000000000006704                pvPortMalloc
 .text.vPortFree
                0x000000000000678c        0xa Output/nrf52832_xxaa/Obj/ss_twr_init/heap_1.o
                0x000000000000678c                vPortFree
 .text.app_timer_callback
                0x0000000000006796       0x2a Output/nrf52832_xxaa/Obj/ss_twr_init/app_timer_freertos.o
 .text.app_timer_init
                0x00000000000067c0        0x6 Output/nrf52832_xxaa/Obj/ss_twr_init/app_timer_freertos.o
                0x00000000000067c0                app_timer_init
 *fill*         0x00000000000067c6        0x2 
 .text.app_timer_create
                0x00000000000067c8       0x9c Output/nrf52832_xxaa/Obj/ss_twr_init/app_timer_freertos.o
                0x00000000000067c8                app_timer_create
 .text.app_timer_start
                0x0000000000006864       0xec Output/nrf52832_xxaa/Obj/ss_twr_init/app_timer_freertos.o
                0x0000000000006864                app_timer_start
 .text.__NVIC_SetPriority
                0x0000000000006950       0x50 Output/nrf52832_xxaa/Obj/ss_twr_init/port_cmsis.o
 .text.pxPortInitialiseStack
                0x00000000000069a0       0x60 Output/nrf52832_xxaa/Obj/ss_twr_init/port_cmsis.o
                0x00000000000069a0                pxPortInitialiseStack
 .text.prvTaskExitError
                0x0000000000006a00       0x10 Output/nrf52832_xxaa/Obj/ss_twr_init/port_cmsis.o
 .text.xPortStartScheduler
                0x0000000000006a10       0x4c Output/nrf52832_xxaa/Obj/ss_twr_init/port_cmsis.o
                0x0000000000006a10                xPortStartScheduler
 .text.vPortEnterCritical
                0x0000000000006a5c       0x24 Output/nrf52832_xxaa/Obj/ss_twr_init/port_cmsis.o
                0x0000000000006a5c                vPortEnterCritical
 .text.vPortExitCritical
                0x0000000000006a80       0x2c Output/nrf52832_xxaa/Obj/ss_twr_init/port_cmsis.o
                0x0000000000006a80                vPortExitCritical
 .text.vPortEnableVFP
                0x0000000000006aac       0x18 Output/nrf52832_xxaa/Obj/ss_twr_init/port_cmsis.o
 .text.__NVIC_EnableIRQ
                0x0000000000006ac4       0x34 Output/nrf52832_xxaa/Obj/ss_twr_init/port_cmsis_systick.o
 .text.__NVIC_SetPriority
                0x0000000000006af8       0x50 Output/nrf52832_xxaa/Obj/ss_twr_init/port_cmsis_systick.o
 .text.ulPortRaiseBASEPRI
                0x0000000000006b48       0x20 Output/nrf52832_xxaa/Obj/ss_twr_init/port_cmsis_systick.o
 .text.nrf_rtc_int_enable
                0x0000000000006b68       0x14 Output/nrf52832_xxaa/Obj/ss_twr_init/port_cmsis_systick.o
 .text.nrf_rtc_event_clear
                0x0000000000006b7c       0x2a Output/nrf52832_xxaa/Obj/ss_twr_init/port_cmsis_systick.o
 .text.nrf_rtc_counter_get
                0x0000000000006ba6       0x10 Output/nrf52832_xxaa/Obj/ss_twr_init/port_cmsis_systick.o
 .text.nrf_rtc_prescaler_set
                0x0000000000006bb6       0x14 Output/nrf52832_xxaa/Obj/ss_twr_init/port_cmsis_systick.o
 .text.nrf_rtc_task_trigger
                0x0000000000006bca       0x1e Output/nrf52832_xxaa/Obj/ss_twr_init/port_cmsis_systick.o
 .text.nrf_rtc_event_enable
                0x0000000000006be8       0x14 Output/nrf52832_xxaa/Obj/ss_twr_init/port_cmsis_systick.o
 .text.RTC1_IRQHandler
                0x0000000000006bfc       0x88 Output/nrf52832_xxaa/Obj/ss_twr_init/port_cmsis_systick.o
                0x0000000000006bfc                RTC1_IRQHandler
 .text.vPortSetupTimerInterrupt
                0x0000000000006c84       0x48 Output/nrf52832_xxaa/Obj/ss_twr_init/port_cmsis_systick.o
                0x0000000000006c84                vPortSetupTimerInterrupt
 .text.vPortStartFirstTask
                0x0000000000006ccc       0x20 Output/nrf52832_xxaa/Obj/ss_twr_init/port.o
                0x0000000000006ccc                vPortStartFirstTask
 .text.SVC_Handler
                0x0000000000006cec       0x24 Output/nrf52832_xxaa/Obj/ss_twr_init/port.o
                0x0000000000006cec                SVC_Handler
 .text.PendSV_Handler
                0x0000000000006d10       0x64 Output/nrf52832_xxaa/Obj/ss_twr_init/port.o
                0x0000000000006d10                PendSV_Handler
 .text.boUART_Init
                0x0000000000006d74       0x48 Output/nrf52832_xxaa/Obj/ss_twr_init/UART.o
                0x0000000000006d74                boUART_Init
 .text.vUartErrorHandle
                0x0000000000006dbc       0x34 Output/nrf52832_xxaa/Obj/ss_twr_init/UART.o
 .text.vHandleUartInternalErrors
                0x0000000000006df0        0xa Output/nrf52832_xxaa/Obj/ss_twr_init/UART.o
 *fill*         0x0000000000006dfa        0x2 
 .text.__aeabi_dmul
                0x0000000000006dfc      0x138 C:/Program Files/SEGGER/SEGGER Embedded Studio for ARM 5.10b/lib/libm_v7em_fpv4_sp_d16_hard_t_le_eabi.a(libm_asm.o)
                0x0000000000006dfc                __aeabi_dmul
 .text.__aeabi_dcmpgt
                0x0000000000006f34       0x38 C:/Program Files/SEGGER/SEGGER Embedded Studio for ARM 5.10b/lib/libm_v7em_fpv4_sp_d16_hard_t_le_eabi.a(libm_asm.o)
                0x0000000000006f34                __aeabi_dcmpgt
 .text.__aeabi_i2d
                0x0000000000006f6c       0x28 C:/Program Files/SEGGER/SEGGER Embedded Studio for ARM 5.10b/lib/libm_v7em_fpv4_sp_d16_hard_t_le_eabi.a(libm_asm.o)
                0x0000000000006f6c                __aeabi_i2d
 .text.__aeabi_f2d
                0x0000000000006f94       0x34 C:/Program Files/SEGGER/SEGGER Embedded Studio for ARM 5.10b/lib/libm_v7em_fpv4_sp_d16_hard_t_le_eabi.a(libm_asm.o)
                0x0000000000006f94                __aeabi_f2d
 .text.__aeabi_d2f
                0x0000000000006fc8       0x54 C:/Program Files/SEGGER/SEGGER Embedded Studio for ARM 5.10b/lib/libm_v7em_fpv4_sp_d16_hard_t_le_eabi.a(libm_asm.o)
                0x0000000000006fc8                __aeabi_d2f
 .text.__float32_isinf
                0x000000000000701c       0x14 C:/Program Files/SEGGER/SEGGER Embedded Studio for ARM 5.10b/lib/libm_v7em_fpv4_sp_d16_hard_t_le_eabi.a(libm_asm.o)
                0x000000000000701c                __float32_isinf
 .text.__float32_isnan
                0x0000000000007030       0x14 C:/Program Files/SEGGER/SEGGER Embedded Studio for ARM 5.10b/lib/libm_v7em_fpv4_sp_d16_hard_t_le_eabi.a(libm_asm.o)
                0x0000000000007030                __float32_isnan
 .text.__float32_signbit
                0x0000000000007044        0xc C:/Program Files/SEGGER/SEGGER Embedded Studio for ARM 5.10b/lib/libm_v7em_fpv4_sp_d16_hard_t_le_eabi.a(libm_asm.o)
                0x0000000000007044                __float32_signbit
 .text.fabsf    0x0000000000007050        0x8 C:/Program Files/SEGGER/SEGGER Embedded Studio for ARM 5.10b/lib/libm_v7em_fpv4_sp_d16_hard_t_le_eabi.a(libm_asm.o)
                0x0000000000007050                fabsf
                0x0000000000007050                fabs(float)
 .text.floorf   0x0000000000007058       0x70 C:/Program Files/SEGGER/SEGGER Embedded Studio for ARM 5.10b/lib/libm_v7em_fpv4_sp_d16_hard_t_le_eabi.a(libm_asm.o)
                0x0000000000007058                floorf
                0x0000000000007058                floor(float)
 .text.frexpf   0x00000000000070c8       0x3c C:/Program Files/SEGGER/SEGGER Embedded Studio for ARM 5.10b/lib/libm_v7em_fpv4_sp_d16_hard_t_le_eabi.a(libm_asm.o)
                0x00000000000070c8                frexpf
                0x00000000000070c8                frexp(float, int*)
 .text.ldexpf   0x0000000000007104       0x48 C:/Program Files/SEGGER/SEGGER Embedded Studio for ARM 5.10b/lib/libm_v7em_fpv4_sp_d16_hard_t_le_eabi.a(libm_asm.o)
                0x0000000000007104                ldexp(float, int)
                0x0000000000007104                ldexpf
 .text.libc.__RAL_pow10f
                0x000000000000714c       0x44 C:/Program Files/SEGGER/SEGGER Embedded Studio for ARM 5.10b/lib/libc_v7em_fpv4_sp_d16_hard_t_le_eabi.a(libc2.o)
                0x000000000000714c                __RAL_pow10f
 .text.libc.__putc
                0x0000000000007190       0x34 C:/Program Files/SEGGER/SEGGER Embedded Studio for ARM 5.10b/lib/libc_v7em_fpv4_sp_d16_hard_t_le_eabi.a(libc2.o)
                0x0000000000007190                __putc
 .text.libc.__RAL_print_padding
                0x00000000000071c4       0x1c C:/Program Files/SEGGER/SEGGER Embedded Studio for ARM 5.10b/lib/libc_v7em_fpv4_sp_d16_hard_t_le_eabi.a(libc2.o)
                0x00000000000071c4                __RAL_print_padding
 .text.libc.__RAL_pre_padding
                0x00000000000071e0       0x1a C:/Program Files/SEGGER/SEGGER Embedded Studio for ARM 5.10b/lib/libc_v7em_fpv4_sp_d16_hard_t_le_eabi.a(libc2.o)
                0x00000000000071e0                __RAL_pre_padding
 .text.libc.abs
                0x00000000000071fa        0x8 C:/Program Files/SEGGER/SEGGER Embedded Studio for ARM 5.10b/lib/libc_v7em_fpv4_sp_d16_hard_t_le_eabi.a(libc2.o)
                0x00000000000071fa                abs
 *fill*         0x0000000000007202        0x2 
 .text.libc.__aeabi_errno_addr
                0x0000000000007204       0x14 C:/Program Files/SEGGER/SEGGER Embedded Studio for ARM 5.10b/lib/libc_v7em_fpv4_sp_d16_hard_t_le_eabi.a(libc2.o)
                0x0000000000007204                __aeabi_errno_addr
 .text.libc.memcmp
                0x0000000000007218       0x66 C:/Program Files/SEGGER/SEGGER Embedded Studio for ARM 5.10b/lib/libc_v7em_fpv4_sp_d16_hard_t_le_eabi.a(libc2.o)
                0x0000000000007218                memcmp
 *fill*         0x000000000000727e        0x2 
 .text.libc.printf
                0x0000000000007280       0x40 C:/Program Files/SEGGER/SEGGER Embedded Studio for ARM 5.10b/lib/libc_v7em_fpv4_sp_d16_hard_t_le_eabi.a(libc2.o)
                0x0000000000007280                printf
 .text.libc.strnlen
                0x00000000000072c0       0x22 C:/Program Files/SEGGER/SEGGER Embedded Studio for ARM 5.10b/lib/libc_v7em_fpv4_sp_d16_hard_t_le_eabi.a(libc2.o)
                0x00000000000072c0                strnlen
 .text.libc.memcpy
                0x00000000000072e2       0x52 C:/Program Files/SEGGER/SEGGER Embedded Studio for ARM 5.10b/lib/libc_v7em_fpv4_sp_d16_hard_t_le_eabi.a(libc2_asm.o)
                0x00000000000072e2                __aeabi_memcpy
                0x00000000000072e2                memcpy
                0x00000000000072ee                __aeabi_memcpy8
                0x00000000000072ee                __aeabi_memcpy4
 .text.libc.memset
                0x0000000000007334       0x66 C:/Program Files/SEGGER/SEGGER Embedded Studio for ARM 5.10b/lib/libc_v7em_fpv4_sp_d16_hard_t_le_eabi.a(libc2_asm.o)
                0x0000000000007334                memset
 .text.libc.strlen
                0x000000000000739a       0x60 C:/Program Files/SEGGER/SEGGER Embedded Studio for ARM 5.10b/lib/libc_v7em_fpv4_sp_d16_hard_t_le_eabi.a(libc2_asm.o)
                0x000000000000739a                strlen
 *fill*         0x00000000000073fa        0x2 
 .text.libc.__vfprintf_short_float_long
                0x00000000000073fc      0xdcc C:/Program Files/SEGGER/SEGGER Embedded Studio for ARM 5.10b/lib/libc_v7em_fpv4_sp_d16_hard_t_le_eabi.a(libvfprintf.o)
                0x00000000000073fc                __vfprintf_short_float_long
 .text.libc.modff
                0x00000000000081c8       0x58 C:/Program Files/SEGGER/SEGGER Embedded Studio for ARM 5.10b/lib/libm_v7em_fpv4_sp_d16_hard_t_le_eabi.a(libm2.o)
                0x00000000000081c8                modf(float, float*)
                0x00000000000081c8                modff
 .text.libc.fmodf
                0x0000000000008220       0xfc C:/Program Files/SEGGER/SEGGER Embedded Studio for ARM 5.10b/lib/libm_v7em_fpv4_sp_d16_hard_t_le_eabi.a(libm2.o)
                0x0000000000008220                fmod(float, float)
                0x0000000000008220                fmodf
                0x000000000000831c                __text_end__ = (__text_start__ + SIZEOF (.text))
                0x000000000000806c                __text_size__ = SIZEOF (.text)
                0x000000000000831c                __text_load_end__ = __text_end__

.vfp11_veneer   0x0000000100000000        0x0
 .vfp11_veneer  0x0000000100000000        0x0 linker stubs

.v4_bx          0x0000000100000000        0x0
 .v4_bx         0x0000000100000000        0x0 linker stubs

.iplt           0x0000000100000000        0x0
 .iplt          0x0000000100000000        0x0 Output/nrf52832_xxaa/Obj/ss_twr_init/thumb_crt0.o
                0x0000000000000001                . = ASSERT (((__text_start__ == __text_end__) || ((__text_end__ - __FLASH_segment_start__) <= __FLASH_segment_size__)), error: .text is too large to fit in FLASH memory segment)
                0x000000000000831c                __dtors_load_start__ = ALIGN (__text_end__, 0x4)

.dtors          0x000000000000831c        0x0
                0x000000000000831c                __dtors_start__ = .
 *(SORT_BY_NAME(.dtors.*))
 *(.dtors)
 *(.fini_array)
 *(SORT_BY_NAME(.fini_array.*))
                0x000000000000831c                __dtors_end__ = (__dtors_start__ + SIZEOF (.dtors))
                0x0000000000000000                __dtors_size__ = SIZEOF (.dtors)
                0x000000000000831c                __dtors_load_end__ = __dtors_end__
                0x0000000000000001                . = ASSERT (((__dtors_start__ == __dtors_end__) || ((__dtors_end__ - __FLASH_segment_start__) <= __FLASH_segment_size__)), error: .dtors is too large to fit in FLASH memory segment)
                0x000000000000831c                __ctors_load_start__ = ALIGN (__dtors_end__, 0x4)

.ctors          0x000000000000831c        0x0
                0x000000000000831c                __ctors_start__ = .
 *(SORT_BY_NAME(.ctors.*))
 *(.ctors)
 *(.init_array)
 *(SORT_BY_NAME(.init_array.*))
                0x000000000000831c                __ctors_end__ = (__ctors_start__ + SIZEOF (.ctors))
                0x0000000000000000                __ctors_size__ = SIZEOF (.ctors)
                0x000000000000831c                __ctors_load_end__ = __ctors_end__
                0x0000000000000001                . = ASSERT (((__ctors_start__ == __ctors_end__) || ((__ctors_end__ - __FLASH_segment_start__) <= __FLASH_segment_size__)), error: .ctors is too large to fit in FLASH memory segment)
                0x000000000000831c                __rodata_load_start__ = ALIGN (__ctors_end__, 0x4)

.rodata         0x000000000000831c      0x2f4
                0x000000000000831c                __rodata_start__ = .
 *(.rodata .rodata.* .gnu.linkonce.r.*)
 .rodata        0x000000000000831c       0x4f Output/nrf52832_xxaa/Obj/ss_twr_init/main.o
 *fill*         0x000000000000836b        0x1 
 .rodata        0x000000000000836c       0x3c Output/nrf52832_xxaa/Obj/ss_twr_init/ss_init_main.o
 .rodata        0x00000000000083a8       0x25 Output/nrf52832_xxaa/Obj/ss_twr_init/ignorelist.o
 *fill*         0x00000000000083cd        0x3 
 .rodata        0x00000000000083d0       0x20 Output/nrf52832_xxaa/Obj/ss_twr_init/app_uart_fifo.o
 .rodata.chan_idx
                0x00000000000083f0        0x8 Output/nrf52832_xxaa/Obj/ss_twr_init/deca_params_init.o
                0x00000000000083f0                chan_idx
 .rodata.tx_config
                0x00000000000083f8       0x18 Output/nrf52832_xxaa/Obj/ss_twr_init/deca_params_init.o
                0x00000000000083f8                tx_config
 .rodata.fs_pll_cfg
                0x0000000000008410       0x18 Output/nrf52832_xxaa/Obj/ss_twr_init/deca_params_init.o
                0x0000000000008410                fs_pll_cfg
 .rodata.fs_pll_tune
                0x0000000000008428        0x6 Output/nrf52832_xxaa/Obj/ss_twr_init/deca_params_init.o
                0x0000000000008428                fs_pll_tune
 *fill*         0x000000000000842e        0x2 
 .rodata.rx_config
                0x0000000000008430        0x2 Output/nrf52832_xxaa/Obj/ss_twr_init/deca_params_init.o
                0x0000000000008430                rx_config
 *fill*         0x0000000000008432        0x2 
 .rodata.agc_config
                0x0000000000008434        0x8 Output/nrf52832_xxaa/Obj/ss_twr_init/deca_params_init.o
                0x0000000000008434                agc_config
 .rodata.dwnsSFDlen
                0x000000000000843c        0x3 Output/nrf52832_xxaa/Obj/ss_twr_init/deca_params_init.o
                0x000000000000843c                dwnsSFDlen
 *fill*         0x000000000000843f        0x1 
 .rodata.sftsh  0x0000000000008440        0xc Output/nrf52832_xxaa/Obj/ss_twr_init/deca_params_init.o
                0x0000000000008440                sftsh
 .rodata.dtune1
                0x000000000000844c        0x4 Output/nrf52832_xxaa/Obj/ss_twr_init/deca_params_init.o
                0x000000000000844c                dtune1
 .rodata.digital_bb_config
                0x0000000000008450       0x20 Output/nrf52832_xxaa/Obj/ss_twr_init/deca_params_init.o
                0x0000000000008450                digital_bb_config
 .rodata.lde_replicaCoeff
                0x0000000000008470       0x32 Output/nrf52832_xxaa/Obj/ss_twr_init/deca_params_init.o
                0x0000000000008470                lde_replicaCoeff
 *fill*         0x00000000000084a2        0x2 
 .rodata.spi    0x00000000000084a4        0x8 Output/nrf52832_xxaa/Obj/ss_twr_init/port_platform.o
 .rodata        0x00000000000084ac       0x20 Output/nrf52832_xxaa/Obj/ss_twr_init/port_platform.o
 .rodata        0x00000000000084cc        0x5 Output/nrf52832_xxaa/Obj/ss_twr_init/tasks.o
 *fill*         0x00000000000084d1        0x3 
 .rodata        0x00000000000084d4        0xd Output/nrf52832_xxaa/Obj/ss_twr_init/timers.o
 *fill*         0x00000000000084e1        0x3 
 .rodata        0x00000000000084e4        0x2 Output/nrf52832_xxaa/Obj/ss_twr_init/app_timer_freertos.o
 *fill*         0x00000000000084e6        0x2 
 .rodata.comm_params
                0x00000000000084e8       0x18 Output/nrf52832_xxaa/Obj/ss_twr_init/UART.o
                0x00000000000084e8                comm_params
 .rodata.libc.__RAL_hex_lc
                0x0000000000008500       0x10 C:/Program Files/SEGGER/SEGGER Embedded Studio for ARM 5.10b/lib/libc_v7em_fpv4_sp_d16_hard_t_le_eabi.a(libc2.o)
                0x0000000000008500                __RAL_hex_lc
 .rodata.libc.__RAL_hex_uc
                0x0000000000008510       0x10 C:/Program Files/SEGGER/SEGGER Embedded Studio for ARM 5.10b/lib/libc_v7em_fpv4_sp_d16_hard_t_le_eabi.a(libc2.o)
                0x0000000000008510                __RAL_hex_uc
 .rodata.libc.__aeabi_EDOM
                0x0000000000008520        0x4 C:/Program Files/SEGGER/SEGGER Embedded Studio for ARM 5.10b/lib/libc_v7em_fpv4_sp_d16_hard_t_le_eabi.a(libc2.o)
                0x0000000000008520                __aeabi_EDOM
 .rodata.libc.powerf
                0x0000000000008524       0x18 C:/Program Files/SEGGER/SEGGER Embedded Studio for ARM 5.10b/lib/libc_v7em_fpv4_sp_d16_hard_t_le_eabi.a(libc2.o)
 .rodata.libc.__vfprintf_int.str1.4
                0x000000000000853c        0x7 C:/Program Files/SEGGER/SEGGER Embedded Studio for ARM 5.10b/lib/libc_v7em_fpv4_sp_d16_hard_t_le_eabi.a(libvfprintf.o)
 *fill*         0x0000000000008543        0x1 
 .rodata.libc.__vfprintf_float_long.str1.4
                0x0000000000008544       0x28 C:/Program Files/SEGGER/SEGGER Embedded Studio for ARM 5.10b/lib/libc_v7em_fpv4_sp_d16_hard_t_le_eabi.a(libvfprintf.o)
 *fill*         0x000000000000856c        0x4 
 .rodata.libc.ipow10
                0x0000000000008570       0xa0 C:/Program Files/SEGGER/SEGGER Embedded Studio for ARM 5.10b/lib/libc_v7em_fpv4_sp_d16_hard_t_le_eabi.a(libvfprintf.o)
                0x0000000000008610                __rodata_end__ = (__rodata_start__ + SIZEOF (.rodata))
                0x00000000000002f4                __rodata_size__ = SIZEOF (.rodata)
                0x0000000000008610                __rodata_load_end__ = __rodata_end__

.rel.dyn        0x0000000000000000        0x0
 .rel.iplt      0x0000000000000000        0x0 Output/nrf52832_xxaa/Obj/ss_twr_init/thumb_crt0.o
                0x0000000000000001                . = ASSERT (((__rodata_start__ == __rodata_end__) || ((__rodata_end__ - __FLASH_segment_start__) <= __FLASH_segment_size__)), error: .rodata is too large to fit in FLASH memory segment)
                0x0000000000008610                __ARM.exidx_load_start__ = ALIGN (__rodata_end__, 0x4)

.ARM.exidx      0x0000000000008610        0x0
                0x0000000000008610                __ARM.exidx_start__ = .
                0x0000000000008610                __exidx_start = __ARM.exidx_start__
 *(.ARM.exidx .ARM.exidx.*)
                0x0000000000008610                __ARM.exidx_end__ = (__ARM.exidx_start__ + SIZEOF (.ARM.exidx))
                0x0000000000000000                __ARM.exidx_size__ = SIZEOF (.ARM.exidx)
                0x0000000000008610                __exidx_end = __ARM.exidx_end__
                0x0000000000008610                __ARM.exidx_load_end__ = __ARM.exidx_end__
                0x0000000000000001                . = ASSERT (((__ARM.exidx_start__ == __ARM.exidx_end__) || ((__ARM.exidx_end__ - __FLASH_segment_start__) <= __FLASH_segment_size__)), error: .ARM.exidx is too large to fit in FLASH memory segment)
                0x0000000000008610                __fast_load_start__ = ALIGN (__ARM.exidx_end__, 0x4)

.fast           0x0000000020000000        0x0 load address 0x0000000000008610
                0x0000000020000000                __fast_start__ = .
 *(.fast .fast.*)
                0x0000000020000000                __fast_end__ = (__fast_start__ + SIZEOF (.fast))
                0x0000000000000000                __fast_size__ = SIZEOF (.fast)
                0x0000000000008610                __fast_load_end__ = (__fast_load_start__ + SIZEOF (.fast))
                0x0000000000000001                . = ASSERT (((__fast_load_start__ == __fast_load_end__) || ((__fast_load_end__ - __FLASH_segment_start__) <= __FLASH_segment_size__)), error: .fast is too large to fit in FLASH memory segment)

.fast_run       0x0000000020000000        0x0
                0x0000000020000000                __fast_run_start__ = .
                0x0000000020000000                . = MAX ((__fast_run_start__ + SIZEOF (.fast)), .)
                0x0000000020000000                __fast_run_end__ = (__fast_run_start__ + SIZEOF (.fast_run))
                0x0000000000000000                __fast_run_size__ = SIZEOF (.fast_run)
                0x0000000020000000                __fast_run_load_end__ = __fast_run_end__
                0x0000000000000001                . = ASSERT (((__fast_run_start__ == __fast_run_end__) || ((__fast_run_end__ - __SRAM_segment_start__) <= __SRAM_segment_size__)), error: .fast_run is too large to fit in SRAM memory segment)
                0x0000000000008610                __data_load_start__ = ALIGN ((__fast_load_start__ + SIZEOF (.fast)), 0x4)

.data           0x0000000020000000       0x48 load address 0x0000000000008610
                0x0000000020000000                __data_start__ = .
 *(.data .data.* .gnu.linkonce.d.*)
 .data.SystemCoreClock
                0x0000000020000000        0x4 Output/nrf52832_xxaa/Obj/ss_twr_init/system_nrf52.o
                0x0000000020000000                SystemCoreClock
 .data.config   0x0000000020000004        0xc Output/nrf52832_xxaa/Obj/ss_twr_init/main.o
 .data.tx_poll_msg
                0x0000000020000010        0xe Output/nrf52832_xxaa/Obj/ss_twr_init/ss_init_main.o
 *fill*         0x000000002000001e        0x2 
 .data.rx_resp_msg
                0x0000000020000020       0x16 Output/nrf52832_xxaa/Obj/ss_twr_init/ss_init_main.o
 *fill*         0x0000000020000036        0x2 
 .data.app_uart_inst
                0x0000000020000038        0x8 Output/nrf52832_xxaa/Obj/ss_twr_init/app_uart_fifo.o
 .data.pdw1000local
                0x0000000020000040        0x4 Output/nrf52832_xxaa/Obj/ss_twr_init/deca_device.o
 .data.xNextTaskUnblockTime
                0x0000000020000044        0x4 Output/nrf52832_xxaa/Obj/ss_twr_init/tasks.o
                0x0000000020000048                __data_end__ = (__data_start__ + SIZEOF (.data))
                0x0000000000000048                __data_size__ = SIZEOF (.data)
                0x0000000000008658                __data_load_end__ = (__data_load_start__ + SIZEOF (.data))

.igot.plt       0x0000000100000000        0x0
 .igot.plt      0x0000000100000000        0x0 Output/nrf52832_xxaa/Obj/ss_twr_init/thumb_crt0.o
                0x0000000000000001                . = ASSERT (((__data_load_start__ == __data_load_end__) || ((__data_load_end__ - __FLASH_segment_start__) <= __FLASH_segment_size__)), error: .data is too large to fit in FLASH memory segment)

.data_run       0x0000000020000000       0x48 load address 0x0000000000008610
                0x0000000020000000                __data_run_start__ = .
                0x0000000020000048                . = MAX ((__data_run_start__ + SIZEOF (.data)), .)
 *fill*         0x0000000020000000       0x48 
                0x0000000020000048                __data_run_end__ = (__data_run_start__ + SIZEOF (.data_run))
                0x0000000000000048                __data_run_size__ = SIZEOF (.data_run)
                0x0000000020000048                __data_run_load_end__ = __data_run_end__
                0x0000000000000001                . = ASSERT (((__data_run_start__ == __data_run_end__) || ((__data_run_end__ - __SRAM_segment_start__) <= __SRAM_segment_size__)), error: .data_run is too large to fit in SRAM memory segment)
                0x0000000000008658                __tdata_load_start__ = ALIGN ((__data_load_start__ + SIZEOF (.data)), 0x4)

.tdata          0x0000000020000048        0x0 load address 0x0000000000008658
                0x0000000020000048                __tdata_start__ = .
 *(.tdata .tdata.*)
                0x0000000020000048                __tdata_end__ = (__tdata_start__ + SIZEOF (.tdata))
                0x0000000000000000                __tdata_size__ = SIZEOF (.tdata)
                0x0000000000008658                __tdata_load_end__ = (__tdata_load_start__ + SIZEOF (.tdata))
                0x0000000000000001                . = ASSERT (((__tdata_load_start__ == __tdata_load_end__) || ((__tdata_load_end__ - __FLASH_segment_start__) <= __FLASH_segment_size__)), error: .tdata is too large to fit in FLASH memory segment)

.tdata_run      0x0000000020000048        0x0
                0x0000000020000048                __tdata_run_start__ = .
                0x0000000020000048                . = MAX ((__tdata_run_start__ + SIZEOF (.tdata)), .)
                0x0000000020000048                __tdata_run_end__ = (__tdata_run_start__ + SIZEOF (.tdata_run))
                0x0000000000000000                __tdata_run_size__ = SIZEOF (.tdata_run)
                0x0000000020000048                __tdata_run_load_end__ = __tdata_run_end__
                0x0000000000000001                . = ASSERT (((__tdata_run_start__ == __tdata_run_end__) || ((__tdata_run_end__ - __SRAM_segment_start__) <= __SRAM_segment_size__)), error: .tdata_run is too large to fit in SRAM memory segment)
                0x0000000020000048                __nrf_sections_run_load_start__ = ALIGN (__tdata_run_end__, 0x4)

.nrf_sections_run
                0x0000000020000048        0x0
                0x0000000020000048                __nrf_sections_run_start__ = .
                0x0000000020000048                __start_nrf_sections_run = __nrf_sections_run_start__
 *(.nrf_sections_run .nrf_sections_run.*)
                0x0000000020000048                __nrf_sections_run_end__ = (__nrf_sections_run_start__ + SIZEOF (.nrf_sections_run))
                0x0000000000000000                __nrf_sections_run_size__ = SIZEOF (.nrf_sections_run)
                0x0000000020000048                __nrf_sections_run_load_end__ = __nrf_sections_run_end__
                0x0000000000000001                . = ASSERT (((__nrf_sections_run_start__ == __nrf_sections_run_end__) || ((__nrf_sections_run_end__ - __SRAM_segment_start__) <= __SRAM_segment_size__)), error: .nrf_sections_run is too large to fit in SRAM memory segment)
                0x0000000000008658                __dfu_trans_load_start__ = ALIGN ((__tdata_load_start__ + SIZEOF (.tdata)), 0x4)

.dfu_trans      0x0000000000008658        0x0
                0x0000000000008658                __dfu_trans_start__ = .
                0x0000000000008658                __start_dfu_trans = __dfu_trans_start__
 *(SORT_BY_NAME(.dfu_trans*))
                0x0000000000008658                __dfu_trans_end__ = (__dfu_trans_start__ + SIZEOF (.dfu_trans))
                0x0000000000000000                __dfu_trans_size__ = SIZEOF (.dfu_trans)
                0x0000000000008658                __stop_dfu_trans = __dfu_trans_end__
                0x0000000000008658                __dfu_trans_load_end__ = __dfu_trans_end__
                0x0000000000000001                . = ASSERT (((__dfu_trans_start__ == __dfu_trans_end__) || ((__dfu_trans_end__ - __FLASH_segment_start__) <= __FLASH_segment_size__)), error: .dfu_trans is too large to fit in FLASH memory segment)
                0x0000000000008658                __log_const_data_load_start__ = ALIGN (__dfu_trans_end__, 0x4)

.log_const_data
                0x0000000000008658        0x0
                0x0000000000008658                __log_const_data_start__ = .
                0x0000000000008658                __start_log_const_data = __log_const_data_start__
 *(.log_const_data*)
                0x0000000000008658                __log_const_data_end__ = (__log_const_data_start__ + SIZEOF (.log_const_data))
                0x0000000000000000                __log_const_data_size__ = SIZEOF (.log_const_data)
                0x0000000000008658                __stop_log_const_data = __log_const_data_end__
                0x0000000000008658                __log_const_data_load_end__ = __log_const_data_end__
                0x0000000000000001                . = ASSERT (((__log_const_data_start__ == __log_const_data_end__) || ((__log_const_data_end__ - __FLASH_segment_start__) <= __FLASH_segment_size__)), error: .log_const_data is too large to fit in FLASH memory segment)
                0x0000000000008658                __svc_data_load_start__ = ALIGN (__log_const_data_end__, 0x4)

.svc_data       0x0000000000008658        0x0
                0x0000000000008658                __svc_data_start__ = .
                0x0000000000008658                __start_svc_data = __svc_data_start__
 *(.svc_data*)
                0x0000000000008658                __svc_data_end__ = (__svc_data_start__ + SIZEOF (.svc_data))
                0x0000000000000000                __svc_data_size__ = SIZEOF (.svc_data)
                0x0000000000008658                __stop_svc_data = __svc_data_end__
                0x0000000000008658                __svc_data_load_end__ = __svc_data_end__
                0x0000000000000001                . = ASSERT (((__svc_data_start__ == __svc_data_end__) || ((__svc_data_end__ - __FLASH_segment_start__) <= __FLASH_segment_size__)), error: .svc_data is too large to fit in FLASH memory segment)
                0x0000000000008658                __sdh_ble_observers_load_start__ = ALIGN (__svc_data_end__, 0x4)

.sdh_ble_observers
                0x0000000000008658        0x0
                0x0000000000008658                __sdh_ble_observers_start__ = .
                0x0000000000008658                __start_sdh_ble_observers = __sdh_ble_observers_start__
 *(SORT_BY_NAME(.sdh_ble_observers*))
                0x0000000000008658                __sdh_ble_observers_end__ = (__sdh_ble_observers_start__ + SIZEOF (.sdh_ble_observers))
                0x0000000000000000                __sdh_ble_observers_size__ = SIZEOF (.sdh_ble_observers)
                0x0000000000008658                __stop_sdh_ble_observers = __sdh_ble_observers_end__
                0x0000000000008658                __sdh_ble_observers_load_end__ = __sdh_ble_observers_end__
                0x0000000000000001                . = ASSERT (((__sdh_ble_observers_start__ == __sdh_ble_observers_end__) || ((__sdh_ble_observers_end__ - __FLASH_segment_start__) <= __FLASH_segment_size__)), error: .sdh_ble_observers is too large to fit in FLASH memory segment)
                0x0000000000008658                __sdh_req_observers_load_start__ = ALIGN (__sdh_ble_observers_end__, 0x4)

.sdh_req_observers
                0x0000000000008658        0x0
                0x0000000000008658                __sdh_req_observers_start__ = .
                0x0000000000008658                __start_sdh_req_observers = __sdh_req_observers_start__
 *(SORT_BY_NAME(.sdh_req_observers*))
                0x0000000000008658                __sdh_req_observers_end__ = (__sdh_req_observers_start__ + SIZEOF (.sdh_req_observers))
                0x0000000000000000                __sdh_req_observers_size__ = SIZEOF (.sdh_req_observers)
                0x0000000000008658                __stop_sdh_req_observers = __sdh_req_observers_end__
                0x0000000000008658                __sdh_req_observers_load_end__ = __sdh_req_observers_end__
                0x0000000000000001                . = ASSERT (((__sdh_req_observers_start__ == __sdh_req_observers_end__) || ((__sdh_req_observers_end__ - __FLASH_segment_start__) <= __FLASH_segment_size__)), error: .sdh_req_observers is too large to fit in FLASH memory segment)
                0x0000000000008658                __sdh_state_observers_load_start__ = ALIGN (__sdh_req_observers_end__, 0x4)

.sdh_state_observers
                0x0000000000008658        0x0
                0x0000000000008658                __sdh_state_observers_start__ = .
                0x0000000000008658                __start_sdh_state_observers = __sdh_state_observers_start__
 *(SORT_BY_NAME(.sdh_state_observers*))
                0x0000000000008658                __sdh_state_observers_end__ = (__sdh_state_observers_start__ + SIZEOF (.sdh_state_observers))
                0x0000000000000000                __sdh_state_observers_size__ = SIZEOF (.sdh_state_observers)
                0x0000000000008658                __stop_sdh_state_observers = __sdh_state_observers_end__
                0x0000000000008658                __sdh_state_observers_load_end__ = __sdh_state_observers_end__
                0x0000000000000001                . = ASSERT (((__sdh_state_observers_start__ == __sdh_state_observers_end__) || ((__sdh_state_observers_end__ - __FLASH_segment_start__) <= __FLASH_segment_size__)), error: .sdh_state_observers is too large to fit in FLASH memory segment)
                0x0000000000008658                __sdh_stack_observers_load_start__ = ALIGN (__sdh_state_observers_end__, 0x4)

.sdh_stack_observers
                0x0000000000008658        0x0
                0x0000000000008658                __sdh_stack_observers_start__ = .
                0x0000000000008658                __start_sdh_stack_observers = __sdh_stack_observers_start__
 *(SORT_BY_NAME(.sdh_stack_observers*))
                0x0000000000008658                __sdh_stack_observers_end__ = (__sdh_stack_observers_start__ + SIZEOF (.sdh_stack_observers))
                0x0000000000000000                __sdh_stack_observers_size__ = SIZEOF (.sdh_stack_observers)
                0x0000000000008658                __stop_sdh_stack_observers = __sdh_stack_observers_end__
                0x0000000000008658                __sdh_stack_observers_load_end__ = __sdh_stack_observers_end__
                0x0000000000000001                . = ASSERT (((__sdh_stack_observers_start__ == __sdh_stack_observers_end__) || ((__sdh_stack_observers_end__ - __FLASH_segment_start__) <= __FLASH_segment_size__)), error: .sdh_stack_observers is too large to fit in FLASH memory segment)
                0x0000000000008658                __sdh_soc_observers_load_start__ = ALIGN (__sdh_stack_observers_end__, 0x4)

.sdh_soc_observers
                0x0000000000008658        0x0
                0x0000000000008658                __sdh_soc_observers_start__ = .
                0x0000000000008658                __start_sdh_soc_observers = __sdh_soc_observers_start__
 *(SORT_BY_NAME(.sdh_soc_observers*))
                0x0000000000008658                __sdh_soc_observers_end__ = (__sdh_soc_observers_start__ + SIZEOF (.sdh_soc_observers))
                0x0000000000000000                __sdh_soc_observers_size__ = SIZEOF (.sdh_soc_observers)
                0x0000000000008658                __stop_sdh_soc_observers = __sdh_soc_observers_end__
                0x0000000000008658                __sdh_soc_observers_load_end__ = __sdh_soc_observers_end__
                0x0000000000000001                . = ASSERT (((__sdh_soc_observers_start__ == __sdh_soc_observers_end__) || ((__sdh_soc_observers_end__ - __FLASH_segment_start__) <= __FLASH_segment_size__)), error: .sdh_soc_observers is too large to fit in FLASH memory segment)
                0x0000000000008658                __nrf_sections_load_start__ = ALIGN (__sdh_soc_observers_end__, 0x4)

.nrf_sections   0x0000000000008658        0x0
                0x0000000000008658                __nrf_sections_start__ = .
                0x0000000000008658                __start_nrf_sections = __nrf_sections_start__
 *(.nrf_sections .nrf_sections.*)
                0x0000000000008658                __nrf_sections_end__ = (__nrf_sections_start__ + SIZEOF (.nrf_sections))
                0x0000000000000000                __nrf_sections_size__ = SIZEOF (.nrf_sections)
                0x0000000000008658                __nrf_sections_load_end__ = __nrf_sections_end__
                0x0000000000000001                . = ASSERT (((__nrf_sections_start__ == __nrf_sections_end__) || ((__nrf_sections_end__ - __FLASH_segment_start__) <= __FLASH_segment_size__)), error: .nrf_sections is too large to fit in FLASH memory segment)
                0x0000000000008658                __log_dynamic_data_load_start__ = ALIGN (__nrf_sections_end__, 0x4)

.log_dynamic_data
                0x0000000020000048        0x0 load address 0x0000000000008658
                0x0000000020000048                __log_dynamic_data_start__ = .
 *(.log_dynamic_data*)
                0x0000000020000048                __log_dynamic_data_end__ = (__log_dynamic_data_start__ + SIZEOF (.log_dynamic_data))
                0x0000000000000000                __log_dynamic_data_size__ = SIZEOF (.log_dynamic_data)
                0x0000000000008658                __log_dynamic_data_load_end__ = (__log_dynamic_data_load_start__ + SIZEOF (.log_dynamic_data))
                0x0000000000000001                . = ASSERT (((__log_dynamic_data_load_start__ == __log_dynamic_data_load_end__) || ((__log_dynamic_data_load_end__ - __FLASH_segment_start__) <= __FLASH_segment_size__)), error: .log_dynamic_data is too large to fit in FLASH memory segment)

.log_dynamic_data_run
                0x0000000020000048        0x0
                0x0000000020000048                __log_dynamic_data_run_start__ = .
                0x0000000020000048                __start_log_dynamic_data = __log_dynamic_data_run_start__
                0x0000000020000048                . = MAX ((__log_dynamic_data_run_start__ + SIZEOF (.log_dynamic_data)), .)
                0x0000000020000048                __log_dynamic_data_run_end__ = (__log_dynamic_data_run_start__ + SIZEOF (.log_dynamic_data_run))
                0x0000000000000000                __log_dynamic_data_run_size__ = SIZEOF (.log_dynamic_data_run)
                0x0000000020000048                __stop_log_dynamic_data = __log_dynamic_data_run_end__
                0x0000000020000048                __log_dynamic_data_run_load_end__ = __log_dynamic_data_run_end__
                0x0000000000000001                . = ASSERT (((__log_dynamic_data_run_start__ == __log_dynamic_data_run_end__) || ((__log_dynamic_data_run_end__ - __SRAM_segment_start__) <= __SRAM_segment_size__)), error: .log_dynamic_data_run is too large to fit in SRAM memory segment)
                0x0000000000008658                __fs_data_load_start__ = ALIGN ((__log_dynamic_data_load_start__ + SIZEOF (.log_dynamic_data)), 0x4)

.fs_data        0x0000000020000048        0x0 load address 0x0000000000008658
                0x0000000020000048                __fs_data_start__ = .
 *(.fs_data*)
                0x0000000020000048                __fs_data_end__ = (__fs_data_start__ + SIZEOF (.fs_data))
                0x0000000000000000                __fs_data_size__ = SIZEOF (.fs_data)
                0x0000000000008658                __fs_data_load_end__ = (__fs_data_load_start__ + SIZEOF (.fs_data))
                0x0000000000008658                __FLASH_segment_used_end__ = (ALIGN ((__log_dynamic_data_load_start__ + SIZEOF (.log_dynamic_data)), 0x4) + SIZEOF (.fs_data))
                0x0000000000008658                __FLASH_segment_used_size__ = (__FLASH_segment_used_end__ - __FLASH_segment_start__)
                0x0000000000000001                . = ASSERT (((__fs_data_load_start__ == __fs_data_load_end__) || ((__fs_data_load_end__ - __FLASH_segment_start__) <= __FLASH_segment_size__)), error: .fs_data is too large to fit in FLASH memory segment)

.fs_data_run    0x0000000020000048        0x0
                0x0000000020000048                __fs_data_run_start__ = .
                0x0000000020000048                __start_fs_data = __fs_data_run_start__
                0x0000000020000048                . = MAX ((__fs_data_run_start__ + SIZEOF (.fs_data)), .)
                0x0000000020000048                __fs_data_run_end__ = (__fs_data_run_start__ + SIZEOF (.fs_data_run))
                0x0000000000000000                __fs_data_run_size__ = SIZEOF (.fs_data_run)
                0x0000000020000048                __stop_fs_data = __fs_data_run_end__
                0x0000000020000048                __fs_data_run_load_end__ = __fs_data_run_end__
                0x0000000000000001                . = ASSERT (((__fs_data_run_start__ == __fs_data_run_end__) || ((__fs_data_run_end__ - __SRAM_segment_start__) <= __SRAM_segment_size__)), error: .fs_data_run is too large to fit in SRAM memory segment)
                0x0000000020000048                __nrf_sections_run_end_load_start__ = ALIGN (__fs_data_run_end__, 0x4)

.nrf_sections_run_end
                0x0000000020000048        0x0
                0x0000000020000048                __nrf_sections_run_end_start__ = .
                0x0000000020000048                __end_nrf_sections_run = __nrf_sections_run_end_start__
 *(.nrf_sections_run_end .nrf_sections_run_end.*)
                0x0000000020000048                __nrf_sections_run_end_end__ = (__nrf_sections_run_end_start__ + SIZEOF (.nrf_sections_run_end))
                0x0000000000000000                __nrf_sections_run_end_size__ = SIZEOF (.nrf_sections_run_end)
                0x0000000020000048                __nrf_sections_run_end_load_end__ = __nrf_sections_run_end_end__