Archive member included to satisfy reference by file (symbol)

E:/programs/segger-IDE/lib/libm_v7em_fpv4_sp_d16_hard_t_le_eabi.a(libm_asm.o)
                              Output/nrf52832_xxaa/Obj/ss_twr_init/calibration.o (__aeabi_dadd)
E:/programs/segger-IDE/lib/libc_v7em_fpv4_sp_d16_hard_t_le_eabi.a(libc2.o)
                              Output/nrf52832_xxaa/Obj/ss_twr_init/deca_device.o (abs)
E:/programs/segger-IDE/lib/libc_v7em_fpv4_sp_d16_hard_t_le_eabi.a(libc2_asm.o)
                              Output/nrf52832_xxaa/Obj/ss_twr_init/movementAnalyzer.o (memcpy)
E:/programs/segger-IDE/lib/libc_v7em_fpv4_sp_d16_hard_t_le_eabi.a(libvfprintf.o)
                              (__vfprintf_short_float_long)
E:/programs/segger-IDE/lib/libc_v7em_fpv4_sp_d16_hard_t_le_eabi.a(libvfscanf.o)
                              (__vfscanf_int)
E:/programs/segger-IDE/lib/libc_v7em_fpv4_sp_d16_hard_t_le_eabi.a(libc_asm.o)
                              E:/programs/segger-IDE/lib/libc_v7em_fpv4_sp_d16_hard_t_le_eabi.a(libc2.o) (__aeabi_uldivmod)
E:/programs/segger-IDE/lib/libdebugio_v7em_fpv4_sp_d16_hard_t_le_eabi.a(libdebugio.o)
                              Output/nrf52832_xxaa/Obj/ss_twr_init/thumb_crt0.o (debug_fopen)
E:/programs/segger-IDE/lib/libdebugio_v7em_fpv4_sp_d16_hard_t_le_eabi.a(do_nv_debug_operation.o)
                              E:/programs/segger-IDE/lib/libdebugio_v7em_fpv4_sp_d16_hard_t_le_eabi.a(libdebugio.o) (__do_nvdebug_operation)
E:/programs/segger-IDE/lib/libdebugio_v7em_fpv4_sp_d16_hard_t_le_eabi.a(mempoll_debug_operations.o)
                              (__do_debug_operation_mempoll)
E:/programs/segger-IDE/lib/libm_v7em_fpv4_sp_d16_hard_t_le_eabi.a(libm2.o)
                              E:/programs/segger-IDE/lib/libc_v7em_fpv4_sp_d16_hard_t_le_eabi.a(libvfprintf.o) (frexp)

Discarded input sections

 .text          0x0000000000000000        0x0 Output/nrf52832_xxaa/Obj/ss_twr_init/thumb_crt0.o
 .data          0x0000000000000000        0x0 Output/nrf52832_xxaa/Obj/ss_twr_init/thumb_crt0.o
 .bss           0x0000000000000000        0x0 Output/nrf52832_xxaa/Obj/ss_twr_init/thumb_crt0.o
 .text.__heap_lock
                0x0000000000000000        0x2 Output/nrf52832_xxaa/Obj/ss_twr_init/thumb_crt0.o
 .text.__heap_unlock
                0x0000000000000000        0x2 Output/nrf52832_xxaa/Obj/ss_twr_init/thumb_crt0.o
 .text.__scanf_lock
                0x0000000000000000        0x2 Output/nrf52832_xxaa/Obj/ss_twr_init/thumb_crt0.o
 .text.__scanf_unlock
                0x0000000000000000        0x2 Output/nrf52832_xxaa/Obj/ss_twr_init/thumb_crt0.o
 .text.__debug_io_lock
                0x0000000000000000        0x2 Output/nrf52832_xxaa/Obj/ss_twr_init/thumb_crt0.o
 .text.__debug_io_unlock
                0x0000000000000000        0x2 Output/nrf52832_xxaa/Obj/ss_twr_init/thumb_crt0.o
 .text.abort    0x0000000000000000        0x2 Output/nrf52832_xxaa/Obj/ss_twr_init/thumb_crt0.o
 .text.__assert
                0x0000000000000000        0x2 Output/nrf52832_xxaa/Obj/ss_twr_init/thumb_crt0.o
 .text.__aeabi_assert
                0x0000000000000000        0x2 Output/nrf52832_xxaa/Obj/ss_twr_init/thumb_crt0.o
 .text.__cxa_pure_virtual
                0x0000000000000000        0x2 Output/nrf52832_xxaa/Obj/ss_twr_init/thumb_crt0.o
 .text.__cxa_guard_acquire
                0x0000000000000000       0x10 Output/nrf52832_xxaa/Obj/ss_twr_init/thumb_crt0.o
 .text.__cxa_guard_release
                0x0000000000000000        0x6 Output/nrf52832_xxaa/Obj/ss_twr_init/thumb_crt0.o
 .text.__cxa_guard_abort
                0x0000000000000000        0x2 Output/nrf52832_xxaa/Obj/ss_twr_init/thumb_crt0.o
 .text.__sync_synchronize
                0x0000000000000000        0x2 Output/nrf52832_xxaa/Obj/ss_twr_init/thumb_crt0.o
 .text.__open   0x0000000000000000        0x4 Output/nrf52832_xxaa/Obj/ss_twr_init/thumb_crt0.o
 .text.__close  0x0000000000000000        0x4 Output/nrf52832_xxaa/Obj/ss_twr_init/thumb_crt0.o
 .text.__write  0x0000000000000000        0xa Output/nrf52832_xxaa/Obj/ss_twr_init/thumb_crt0.o
 .text.__read   0x0000000000000000        0xa Output/nrf52832_xxaa/Obj/ss_twr_init/thumb_crt0.o
 .text.__seek   0x0000000000000000       0x1a Output/nrf52832_xxaa/Obj/ss_twr_init/thumb_crt0.o
 .bss.__user_locale_name_buffer
                0x0000000000000000        0x4 Output/nrf52832_xxaa/Obj/ss_twr_init/thumb_crt0.o
 .stack         0x0000000000000000        0x0 Output/nrf52832_xxaa/Obj/ss_twr_init/thumb_crt0.o
 .stack_process
                0x0000000000000000        0x0 Output/nrf52832_xxaa/Obj/ss_twr_init/thumb_crt0.o
 .heap          0x0000000000000000        0x0 Output/nrf52832_xxaa/Obj/ss_twr_init/thumb_crt0.o
 .text          0x0000000000000000        0x0 Output/nrf52832_xxaa/Obj/ss_twr_init/ses_nrf52_startup.o
 .data          0x0000000000000000        0x0 Output/nrf52832_xxaa/Obj/ss_twr_init/ses_nrf52_startup.o
 .bss           0x0000000000000000        0x0 Output/nrf52832_xxaa/Obj/ss_twr_init/ses_nrf52_startup.o
[...]
Memory Configuration

Name             Origin             Length             Attributes
UNPLACED_SECTIONS 0x0000000100000000 0x0000000000000000 xw
FLASH            0x0000000000000000 0x0000000000080000 xr
SRAM             0x0000000020000000 0x0000000000010000 xw
*default*        0x0000000000000000 0xffffffffffffffff

Linker script and memory map

                0x0000000000000000                __do_debug_operation = __do_debug_operation_mempoll
                0x0000000000007de8                __vfprintf = __vfprintf_short_float_long
                0x0000000000000000                __vfscanf = __vfscanf_int
                0x0000000000000000                __FLASH_segment_start__ = 0x0
                0x0000000000080000                __FLASH_segment_end__ = 0x80000
                0x0000000000080000                __FLASH_segment_size__ = 0x80000
                0x0000000020000000                __SRAM_segment_start__ = 0x20000000
                0x0000000020010000                __SRAM_segment_end__ = 0x20010000
                0x0000000000010000                __SRAM_segment_size__ = 0x10000
                0x0000000000000400                __HEAPSIZE__ = 0x400
                0x0000000000000000                __STACKSIZE_PROCESS__ = 0x0
                0x0000000000000400                __STACKSIZE__ = 0x400
                0x0000000020000000                __vectors_ram_load_start__ = ALIGN (__SRAM_segment_start__, 0x100)

.vectors_ram    0x0000000020000000        0x0
                0x0000000020000000                __vectors_ram_start__ = .
 *(.vectors_ram .vectors_ram.*)
                0x0000000020000000                __vectors_ram_end__ = (__vectors_ram_start__ + SIZEOF (.vectors_ram))
                0x0000000000000000                __vectors_ram_size__ = SIZEOF (.vectors_ram)
                0x0000000020000000                __vectors_ram_load_end__ = __vectors_ram_end__
                0x0000000000000001                . = ASSERT (((__vectors_ram_start__ == __vectors_ram_end__) || ((__vectors_ram_end__ - __SRAM_segment_start__) <= __SRAM_segment_size__)), error: .vectors_ram is too large to fit in SRAM memory segment)
                0x0000000000000000                __vectors_load_start__ = ALIGN (__FLASH_segment_start__, 0x100)

.vectors        0x0000000000000000       0xd8
                0x0000000000000000                __vectors_start__ = .
 *(.vectors .vectors.*)
 .vectors       0x0000000000000000       0xd8 Output/nrf52832_xxaa/Obj/ss_twr_init/ses_nrf52_startup.o
                0x0000000000000000                _vectors
                0x00000000000000d8                __vectors_end__ = (__vectors_start__ + SIZEOF (.vectors))
                0x00000000000000d8                __vectors_size__ = SIZEOF (.vectors)
                0x00000000000000d8                __vectors_load_end__ = __vectors_end__
                0x0000000000000001                . = ASSERT (((__vectors_start__ == __vectors_end__) || ((__vectors_end__ - __FLASH_segment_start__) <= __FLASH_segment_size__)), error: .vectors is too large to fit in FLASH memory segment)
                0x00000000000000d8                __init_load_start__ = ALIGN (__vectors_end__, 0x4)

.init           0x00000000000000d8      0x1d8
                0x00000000000000d8                __init_start__ = .
 *(.init .init.*)
 .init          0x00000000000000d8      0x16c Output/nrf52832_xxaa/Obj/ss_twr_init/thumb_crt0.o
                0x00000000000000d8                _start
                0x0000000000000194                exit
 .init          0x0000000000000244       0x6c Output/nrf52832_xxaa/Obj/ss_twr_init/ses_nrf52_startup.o
                0x0000000000000244                NMI_Handler
                0x0000000000000246                HardFault_Handler
                0x0000000000000248                MemoryManagement_Handler
                0x000000000000024a                BusFault_Handler
                0x000000000000024c                UsageFault_Handler
                0x0000000000000250                DebugMon_Handler
                0x0000000000000254                SysTick_Handler
                0x0000000000000258                RADIO_IRQHandler
                0x000000000000025c                SPIM0_SPIS0_TWIM0_TWIS0_SPI0_TWI0_IRQHandler
                0x0000000000000260                NFCT_IRQHandler
                0x0000000000000264                SAADC_IRQHandler
                0x0000000000000266                TIMER0_IRQHandler
                0x0000000000000268                TIMER1_IRQHandler
                0x000000000000026a                TIMER2_IRQHandler
                0x000000000000026c                RTC0_IRQHandler
                0x000000000000026e                TEMP_IRQHandler
                0x0000000000000270                RNG_IRQHandler
                0x0000000000000272                ECB_IRQHandler
                0x0000000000000274                CCM_AAR_IRQHandler
                0x0000000000000276                WDT_IRQHandler
                0x000000000000027a                QDEC_IRQHandler
                0x000000000000027c                COMP_LPCOMP_IRQHandler
                0x000000000000027e                SWI0_EGU0_IRQHandler
                0x0000000000000280                SWI1_EGU1_IRQHandler
                0x0000000000000282                SWI2_EGU2_IRQHandler
                0x0000000000000284                SWI3_EGU3_IRQHandler
                0x0000000000000286                SWI4_EGU4_IRQHandler
                0x0000000000000288                SWI5_EGU5_IRQHandler
                0x000000000000028a                TIMER3_IRQHandler
                0x000000000000028c                TIMER4_IRQHandler
                0x000000000000028e                PWM0_IRQHandler
                0x0000000000000290                PDM_IRQHandler
                0x0000000000000292                MWU_IRQHandler
                0x0000000000000294                PWM1_IRQHandler
                0x0000000000000296                PWM2_IRQHandler
                0x0000000000000298                SPIM2_SPIS2_SPI2_IRQHandler
                0x000000000000029a                RTC2_IRQHandler
                0x000000000000029c                I2S_IRQHandler
                0x000000000000029e                reset_handler
                0x00000000000002b0                __init_end__ = (__init_start__ + SIZEOF (.init))
                0x00000000000001d8                __init_size__ = SIZEOF (.init)
                0x00000000000002b0                __init_load_end__ = __init_end__
                0x0000000000000001                . = ASSERT (((__init_start__ == __init_end__) || ((__init_end__ - __FLASH_segment_start__) <= __FLASH_segment_size__)), error: .init is too large to fit in FLASH memory segment)
                0x00000000000002b0                __init_rodata_load_start__ = ALIGN (__init_end__, 0x4)

.init_rodata    0x00000000000002b0        0x0
                0x00000000000002b0                __init_rodata_start__ = .
 *(.init_rodata .init_rodata.*)
                0x00000000000002b0                __init_rodata_end__ = (__init_rodata_start__ + SIZEOF (.init_rodata))
                0x0000000000000000                __init_rodata_size__ = SIZEOF (.init_rodata)
                0x00000000000002b0                __init_rodata_load_end__ = __init_rodata_end__
                0x0000000000000001                . = ASSERT (((__init_rodata_start__ == __init_rodata_end__) || ((__init_rodata_end__ - __FLASH_segment_start__) <= __FLASH_segment_size__)), error: .init_rodata is too large to fit in FLASH memory segment)
                0x00000000000002b0                __text_load_start__ = ALIGN (__init_rodata_end__, 0x4)

.text           0x00000000000002b0     0x8a58
                0x00000000000002b0                __text_start__ = .
 *(.text .text.* .glue_7t .glue_7 .gnu.linkonce.t.* .gcc_except_table .ARM.extab* .gnu.linkonce.armextab.*)
 .glue_7        0x00000000000002b0        0x0 linker stubs
 .glue_7t       0x00000000000002b0        0x0 linker stubs
 .text.__aeabi_read_tp
                0x00000000000002b0        0x8 Output/nrf52832_xxaa/Obj/ss_twr_init/thumb_crt0.o
                0x00000000000002b0                __aeabi_read_tp
 .text.__printf_lock
                0x00000000000002b8        0x2 Output/nrf52832_xxaa/Obj/ss_twr_init/thumb_crt0.o
                0x00000000000002b8                __printf_lock
 .text.__printf_unlock
                0x00000000000002ba        0x2 Output/nrf52832_xxaa/Obj/ss_twr_init/thumb_crt0.o
                0x00000000000002ba                __printf_unlock
 .text.__NVIC_SystemReset
                0x00000000000002bc       0x28 Output/nrf52832_xxaa/Obj/ss_twr_init/system_nrf52.o
 .text.SystemCoreClockUpdate
                0x00000000000002e4       0x14 Output/nrf52832_xxaa/Obj/ss_twr_init/system_nrf52.o
                0x00000000000002e4                SystemCoreClockUpdate
 .text.SystemInit
                0x00000000000002f8      0x2c0 Output/nrf52832_xxaa/Obj/ss_twr_init/system_nrf52.o
                0x00000000000002f8                SystemInit
 .text.errata_12
                0x00000000000005b8       0x58 Output/nrf52832_xxaa/Obj/ss_twr_init/system_nrf52.o
 .text.errata_16
                0x0000000000000610       0x38 Output/nrf52832_xxaa/Obj/ss_twr_init/system_nrf52.o
 .text.errata_31
                0x0000000000000648       0x58 Output/nrf52832_xxaa/Obj/ss_twr_init/system_nrf52.o
 .text.errata_32
                0x00000000000006a0       0x38 Output/nrf52832_xxaa/Obj/ss_twr_init/system_nrf52.o
 .text.errata_36
                0x00000000000006d8       0x58 Output/nrf52832_xxaa/Obj/ss_twr_init/system_nrf52.o
 .text.errata_37
                0x0000000000000730       0x38 Output/nrf52832_xxaa/Obj/ss_twr_init/system_nrf52.o
 .text.errata_57
                0x0000000000000768       0x38 Output/nrf52832_xxaa/Obj/ss_twr_init/system_nrf52.o
 .text.errata_66
                0x00000000000007a0       0x38 Output/nrf52832_xxaa/Obj/ss_twr_init/system_nrf52.o
 .text.errata_108
                0x00000000000007d8       0x58 Output/nrf52832_xxaa/Obj/ss_twr_init/system_nrf52.o
 .text.errata_136
                0x0000000000000830       0x58 Output/nrf52832_xxaa/Obj/ss_twr_init/system_nrf52.o
 .text.nrf_gpio_pin_port_decode
                0x0000000000000888        0xe Output/nrf52832_xxaa/Obj/ss_twr_init/main.o
 .text.nrf_gpio_cfg
                0x0000000000000896       0x62 Output/nrf52832_xxaa/Obj/ss_twr_init/main.o
 .text.nrf_gpio_cfg_output
                0x00000000000008f8       0x22 Output/nrf52832_xxaa/Obj/ss_twr_init/main.o
 .text.nrf_gpio_cfg_input
                0x000000000000091a       0x2a Output/nrf52832_xxaa/Obj/ss_twr_init/main.o
 .text.main     0x0000000000000944      0x140 Output/nrf52832_xxaa/Obj/ss_twr_init/main.o
                0x0000000000000944                main
 .text.setupTimer
                0x0000000000000a84       0xa4 Output/nrf52832_xxaa/Obj/ss_twr_init/ignorelist.o
                0x0000000000000a84                setupTimer
 .text.onIgnorelist
                0x0000000000000b28       0x40 Output/nrf52832_xxaa/Obj/ss_twr_init/ignorelist.o
                0x0000000000000b28                onIgnorelist
 .text.putOnIgnorelist
                0x0000000000000b68       0xf0 Output/nrf52832_xxaa/Obj/ss_twr_init/ignorelist.o
                0x0000000000000b68                putOnIgnorelist
 .text.lfclk_request
                0x0000000000000c58       0x28 Output/nrf52832_xxaa/Obj/ss_twr_init/ignorelist.o
 .text.putOnList
                0x0000000000000c80       0x64 Output/nrf52832_xxaa/Obj/ss_twr_init/ignorelist.o
 .text.timer_handler
                0x0000000000000ce4       0x38 Output/nrf52832_xxaa/Obj/ss_twr_init/ignorelist.o
 .text.createTimer
                0x0000000000000d1c       0x30 Output/nrf52832_xxaa/Obj/ss_twr_init/ignorelist.o
 *fill*         0x0000000000000d4c        0x4 
 .text.analysis
                0x0000000000000d50      0x13c Output/nrf52832_xxaa/Obj/ss_twr_init/movementAnalysis.o
                0x0000000000000d50                analysis
 .text.delayTimerhandler
                0x0000000000000e8c       0x14 Output/nrf52832_xxaa/Obj/ss_twr_init/movementAnalysis.o
 .text.createDelayTimer
                0x0000000000000ea0       0x30 Output/nrf52832_xxaa/Obj/ss_twr_init/movementAnalysis.o
 .text.setupDelayTimer
                0x0000000000000ed0       0x38 Output/nrf52832_xxaa/Obj/ss_twr_init/movementAnalysis.o
                0x0000000000000ed0                setupDelayTimer
 .text.abs_val  0x0000000000000f08       0x3c Output/nrf52832_xxaa/Obj/ss_twr_init/movementAnalysis.o
                0x0000000000000f08                abs_val
 .text.ma_filter4
                0x0000000000000f44       0x74 Output/nrf52832_xxaa/Obj/ss_twr_init/movementAnalysis.o
                0x0000000000000f44                ma_filter4
 .text.central_difference
                0x0000000000000fb8       0x70 Output/nrf52832_xxaa/Obj/ss_twr_init/movementAnalysis.o
                0x0000000000000fb8                central_difference
 .text.setupQueue
                0x0000000000001028       0x80 Output/nrf52832_xxaa/Obj/ss_twr_init/movementStruct.o
                0x0000000000001028                setupQueue
 .text.led_timer_handler
                0x00000000000010a8       0x14 Output/nrf52832_xxaa/Obj/ss_twr_init/movementAnalyzer.o
 .text.movementAnalyzer_initiator
                0x00000000000010bc       0x24 Output/nrf52832_xxaa/Obj/ss_twr_init/movementAnalyzer.o
                0x00000000000010bc                movementAnalyzer_initiator
 .text.movementAnalyzer
                0x00000000000010e0       0xd0 Output/nrf52832_xxaa/Obj/ss_twr_init/movementAnalyzer.o
 .text.tagOnList
                0x00000000000011b0       0x4c Output/nrf52832_xxaa/Obj/ss_twr_init/movementAnalyzer.o
 .text.deleteTag
                0x00000000000011fc       0x64 Output/nrf52832_xxaa/Obj/ss_twr_init/movementAnalyzer.o
 .text.newTag   0x0000000000001260       0xa4 Output/nrf52832_xxaa/Obj/ss_twr_init/movementAnalyzer.o
 .text.updateTag
                0x0000000000001304       0x7c Output/nrf52832_xxaa/Obj/ss_twr_init/movementAnalyzer.o
 .text.tagAnalysis
                0x0000000000001380      0x104 Output/nrf52832_xxaa/Obj/ss_twr_init/movementAnalyzer.o
 .text.tdmTask  0x0000000000001484       0x30 Output/nrf52832_xxaa/Obj/ss_twr_init/tdm.o
                0x0000000000001484                tdmTask
 .text.initTdm  0x00000000000014b4       0x7c Output/nrf52832_xxaa/Obj/ss_twr_init/tdm.o
 .text.emptyTimeslot
                0x0000000000001530       0x34 Output/nrf52832_xxaa/Obj/ss_twr_init/tdm.o
 .text.buildMessage
                0x0000000000001564       0x3c Output/nrf52832_xxaa/Obj/ss_twr_init/tdm.o
 .text.sendAndReceive
                0x00000000000015a0       0xf0 Output/nrf52832_xxaa/Obj/ss_twr_init/tdm.o
 .text.doBroadCast
                0x0000000000001690      0x188 Output/nrf52832_xxaa/Obj/ss_twr_init/tdm.o
 .text.updateTimeouts
                0x0000000000001818       0x36 Output/nrf52832_xxaa/Obj/ss_twr_init/tdm.o
 *fill*         0x000000000000184e        0x2 
 .text.doTagTransmission
                0x0000000000001850       0xc4 Output/nrf52832_xxaa/Obj/ss_twr_init/tdm.o
 *fill*         0x0000000000001914        0x4 
 .text.createEventMsg
                0x0000000000001918      0x114 Output/nrf52832_xxaa/Obj/ss_twr_init/tdm.o
 .text.stepState
                0x0000000000001a2c       0x74 Output/nrf52832_xxaa/Obj/ss_twr_init/tdm.o
                0x0000000000001a2c                stepState
 .text.msgGetTs
                0x0000000000001aa0       0x42 Output/nrf52832_xxaa/Obj/ss_twr_init/tdm.o
 *fill*         0x0000000000001ae2        0x2 
 .text.setNewStatus
                0x0000000000001ae4       0x90 Output/nrf52832_xxaa/Obj/ss_twr_init/tdm.o
 .text.setMsgField
                0x0000000000001b74       0x34 Output/nrf52832_xxaa/Obj/ss_twr_init/tdm.o
 .text.__NVIC_EnableIRQ
                0x0000000000001ba8       0x34 Output/nrf52832_xxaa/Obj/ss_twr_init/nrf_drv_common.o
 .text.__NVIC_ClearPendingIRQ
                0x0000000000001bdc       0x38 Output/nrf52832_xxaa/Obj/ss_twr_init/nrf_drv_common.o
 .text.__NVIC_SetPriority
                0x0000000000001c14       0x50 Output/nrf52832_xxaa/Obj/ss_twr_init/nrf_drv_common.o
 .text.nrf_drv_common_irq_enable
                0x0000000000001c64       0x3e Output/nrf52832_xxaa/Obj/ss_twr_init/nrf_drv_common.o
                0x0000000000001c64                nrf_drv_common_irq_enable
 .text.nrf_gpiote_event_is_set
                0x0000000000001ca2       0x2a Output/nrf52832_xxaa/Obj/ss_twr_init/nrf_drv_gpiote.o
 .text.nrf_gpiote_event_clear
                0x0000000000001ccc       0x36 Output/nrf52832_xxaa/Obj/ss_twr_init/nrf_drv_gpiote.o
 .text.nrf_gpiote_event_addr_get
                0x0000000000001d02       0x1a Output/nrf52832_xxaa/Obj/ss_twr_init/nrf_drv_gpiote.o
 .text.nrf_gpiote_int_is_enabled
                0x0000000000001d1c       0x18 Output/nrf52832_xxaa/Obj/ss_twr_init/nrf_drv_gpiote.o
 .text.nrf_gpiote_event_pin_get
                0x0000000000001d34       0x20 Output/nrf52832_xxaa/Obj/ss_twr_init/nrf_drv_gpiote.o
 .text.nrf_gpiote_event_polarity_get
                0x0000000000001d54       0x24 Output/nrf52832_xxaa/Obj/ss_twr_init/nrf_drv_gpiote.o
 .text.nrf_gpio_pin_port_decode
                0x0000000000001d78        0xe Output/nrf52832_xxaa/Obj/ss_twr_init/nrf_drv_gpiote.o
 .text.nrf_gpio_cfg_sense_set
                0x0000000000001d86       0x5c Output/nrf52832_xxaa/Obj/ss_twr_init/nrf_drv_gpiote.o
 .text.nrf_gpio_pin_sense_get
                0x0000000000001de2       0x2c Output/nrf52832_xxaa/Obj/ss_twr_init/nrf_drv_gpiote.o
 .text.nrf_gpio_port_in_read
                0x0000000000001e0e       0x10 Output/nrf52832_xxaa/Obj/ss_twr_init/nrf_drv_gpiote.o
 .text.nrf_gpio_ports_read
                0x0000000000001e1e       0x50 Output/nrf52832_xxaa/Obj/ss_twr_init/nrf_drv_gpiote.o
 .text.nrf_bitmask_bit_is_set
                0x0000000000001e6e       0x30 Output/nrf52832_xxaa/Obj/ss_twr_init/nrf_drv_gpiote.o
 .text.nrf_bitmask_bit_set
                0x0000000000001e9e       0x40 Output/nrf52832_xxaa/Obj/ss_twr_init/nrf_drv_gpiote.o
 *fill*         0x0000000000001ede        0x2 
 .text.channel_port_get
                0x0000000000001ee0       0x1c Output/nrf52832_xxaa/Obj/ss_twr_init/nrf_drv_gpiote.o
 .text.channel_handler_get
                0x0000000000001efc       0x18 Output/nrf52832_xxaa/Obj/ss_twr_init/nrf_drv_gpiote.o
 .text.GPIOTE_IRQHandler
                0x0000000000001f14      0x2e0 Output/nrf52832_xxaa/Obj/ss_twr_init/nrf_drv_gpiote.o
                0x0000000000001f14                GPIOTE_IRQHandler
 .text.__NVIC_DisableIRQ
                0x00000000000021f4       0x44 Output/nrf52832_xxaa/Obj/ss_twr_init/nrf_drv_spi.o
 .text.nrf_spi_event_clear
                0x0000000000002238       0x2a Output/nrf52832_xxaa/Obj/ss_twr_init/nrf_drv_spi.o
 .text.nrf_spi_event_check
                0x0000000000002262       0x24 Output/nrf52832_xxaa/Obj/ss_twr_init/nrf_drv_spi.o
 .text.nrf_spi_int_enable
                0x0000000000002286       0x14 Output/nrf52832_xxaa/Obj/ss_twr_init/nrf_drv_spi.o
 .text.nrf_spi_int_disable
                0x000000000000229a       0x14 Output/nrf52832_xxaa/Obj/ss_twr_init/nrf_drv_spi.o
 .text.nrf_spi_enable
                0x00000000000022ae       0x12 Output/nrf52832_xxaa/Obj/ss_twr_init/nrf_drv_spi.o
 .text.nrf_spi_disable
                0x00000000000022c0       0x12 Output/nrf52832_xxaa/Obj/ss_twr_init/nrf_drv_spi.o
 .text.nrf_spi_pins_set
                0x00000000000022d2       0x28 Output/nrf52832_xxaa/Obj/ss_twr_init/nrf_drv_spi.o
 .text.nrf_spi_txd_set
                0x00000000000022fa       0x1a Output/nrf52832_xxaa/Obj/ss_twr_init/nrf_drv_spi.o
 .text.nrf_spi_rxd_get
                0x0000000000002314       0x12 Output/nrf52832_xxaa/Obj/ss_twr_init/nrf_drv_spi.o
 .text.nrf_spi_frequency_set
                0x0000000000002326       0x14 Output/nrf52832_xxaa/Obj/ss_twr_init/nrf_drv_spi.o
 .text.nrf_spi_configure
                0x000000000000233a       0x64 Output/nrf52832_xxaa/Obj/ss_twr_init/nrf_drv_spi.o
 .text.nrf_drv_common_irq_disable
                0x000000000000239e       0x1c Output/nrf52832_xxaa/Obj/ss_twr_init/nrf_drv_spi.o
 .text.nrf_gpio_pin_port_decode
                0x00000000000023ba        0xe Output/nrf52832_xxaa/Obj/ss_twr_init/nrf_drv_spi.o
 .text.nrf_gpio_cfg
                0x00000000000023c8       0x62 Output/nrf52832_xxaa/Obj/ss_twr_init/nrf_drv_spi.o
 .text.nrf_gpio_cfg_output
                0x000000000000242a       0x22 Output/nrf52832_xxaa/Obj/ss_twr_init/nrf_drv_spi.o
 .text.nrf_gpio_cfg_input
                0x000000000000244c       0x2a Output/nrf52832_xxaa/Obj/ss_twr_init/nrf_drv_spi.o
 .text.nrf_gpio_pin_set
                0x0000000000002476       0x28 Output/nrf52832_xxaa/Obj/ss_twr_init/nrf_drv_spi.o
 .text.nrf_gpio_pin_clear
                0x000000000000249e       0x28 Output/nrf52832_xxaa/Obj/ss_twr_init/nrf_drv_spi.o
 .text.nrf_gpio_port_out_set
                0x00000000000024c6       0x14 Output/nrf52832_xxaa/Obj/ss_twr_init/nrf_drv_spi.o
 .text.nrf_gpio_port_out_clear
                0x00000000000024da       0x14 Output/nrf52832_xxaa/Obj/ss_twr_init/nrf_drv_spi.o
 *fill*         0x00000000000024ee        0x2 
 .text.nrf_drv_spi_init
                0x00000000000024f0      0x188 Output/nrf52832_xxaa/Obj/ss_twr_init/nrf_drv_spi.o
                0x00000000000024f0                nrf_drv_spi_init
 .text.nrf_drv_spi_uninit
                0x0000000000002678       0x60 Output/nrf52832_xxaa/Obj/ss_twr_init/nrf_drv_spi.o
                0x0000000000002678                nrf_drv_spi_uninit
 .text.nrf_drv_spi_transfer
                0x00000000000026d8       0x3e Output/nrf52832_xxaa/Obj/ss_twr_init/nrf_drv_spi.o
                0x00000000000026d8                nrf_drv_spi_transfer
 .text.finish_transfer
                0x0000000000002716       0x3e Output/nrf52832_xxaa/Obj/ss_twr_init/nrf_drv_spi.o
 .text.transfer_byte
                0x0000000000002754      0x108 Output/nrf52832_xxaa/Obj/ss_twr_init/nrf_drv_spi.o
 .text.spi_xfer
                0x000000000000285c       0xca Output/nrf52832_xxaa/Obj/ss_twr_init/nrf_drv_spi.o
 *fill*         0x0000000000002926        0x2 
 .text.nrf_drv_spi_xfer
                0x0000000000002928       0xc4 Output/nrf52832_xxaa/Obj/ss_twr_init/nrf_drv_spi.o
                0x0000000000002928                nrf_drv_spi_xfer
 .text.irq_handler_spi
                0x00000000000029ec       0x34 Output/nrf52832_xxaa/Obj/ss_twr_init/nrf_drv_spi.o
 .text.SPIM1_SPIS1_TWIM1_TWIS1_SPI1_TWI1_IRQHandler
                0x0000000000002a20       0x20 Output/nrf52832_xxaa/Obj/ss_twr_init/nrf_drv_spi.o
                0x0000000000002a20                SPIM1_SPIS1_TWIM1_TWIS1_SPI1_TWI1_IRQHandler
 .text.nrf_uart_event_clear
                0x0000000000002a40       0x2a Output/nrf52832_xxaa/Obj/ss_twr_init/nrf_drv_uart.o
 .text.nrf_uart_event_check
                0x0000000000002a6a       0x24 Output/nrf52832_xxaa/Obj/ss_twr_init/nrf_drv_uart.o
 .text.nrf_uart_int_enable
                0x0000000000002a8e       0x14 Output/nrf52832_xxaa/Obj/ss_twr_init/nrf_drv_uart.o
 .text.nrf_uart_int_enable_check
                0x0000000000002aa2       0x20 Output/nrf52832_xxaa/Obj/ss_twr_init/nrf_drv_uart.o
 .text.nrf_uart_int_disable
                0x0000000000002ac2       0x14 Output/nrf52832_xxaa/Obj/ss_twr_init/nrf_drv_uart.o
 .text.nrf_uart_errorsrc_get_and_clear
                0x0000000000002ad6       0x1c Output/nrf52832_xxaa/Obj/ss_twr_init/nrf_drv_uart.o
 .text.nrf_uart_enable
                0x0000000000002af2       0x12 Output/nrf52832_xxaa/Obj/ss_twr_init/nrf_drv_uart.o
 .text.nrf_uart_txrx_pins_set
                0x0000000000002b04       0x1e Output/nrf52832_xxaa/Obj/ss_twr_init/nrf_drv_uart.o
 .text.nrf_uart_hwfc_pins_set
                0x0000000000002b22       0x1e Output/nrf52832_xxaa/Obj/ss_twr_init/nrf_drv_uart.o
 .text.nrf_uart_rxd_get
                0x0000000000002b40       0x12 Output/nrf52832_xxaa/Obj/ss_twr_init/nrf_drv_uart.o
 .text.nrf_uart_txd_set
                0x0000000000002b52       0x1a Output/nrf52832_xxaa/Obj/ss_twr_init/nrf_drv_uart.o
 .text.nrf_uart_task_trigger
                0x0000000000002b6c       0x1c Output/nrf52832_xxaa/Obj/ss_twr_init/nrf_drv_uart.o
 .text.nrf_uart_configure
                0x0000000000002b88       0x2a Output/nrf52832_xxaa/Obj/ss_twr_init/nrf_drv_uart.o
 .text.nrf_uart_baudrate_set
                0x0000000000002bb2       0x14 Output/nrf52832_xxaa/Obj/ss_twr_init/nrf_drv_uart.o
 .text.nrf_uarte_event_clear
                0x0000000000002bc6       0x2a Output/nrf52832_xxaa/Obj/ss_twr_init/nrf_drv_uart.o
 .text.nrf_uarte_event_check
                0x0000000000002bf0       0x24 Output/nrf52832_xxaa/Obj/ss_twr_init/nrf_drv_uart.o
 .text.nrf_uarte_shorts_disable
                0x0000000000002c14       0x1e Output/nrf52832_xxaa/Obj/ss_twr_init/nrf_drv_uart.o
 .text.nrf_uarte_int_enable
                0x0000000000002c32       0x14 Output/nrf52832_xxaa/Obj/ss_twr_init/nrf_drv_uart.o
 .text.nrf_uarte_errorsrc_get_and_clear
                0x0000000000002c46       0x1c Output/nrf52832_xxaa/Obj/ss_twr_init/nrf_drv_uart.o
 .text.nrf_uarte_enable
                0x0000000000002c62       0x12 Output/nrf52832_xxaa/Obj/ss_twr_init/nrf_drv_uart.o
 .text.nrf_uarte_txrx_pins_set
                0x0000000000002c74       0x1e Output/nrf52832_xxaa/Obj/ss_twr_init/nrf_drv_uart.o
 .text.nrf_uarte_hwfc_pins_set
                0x0000000000002c92       0x1e Output/nrf52832_xxaa/Obj/ss_twr_init/nrf_drv_uart.o
 .text.nrf_uarte_task_trigger
                0x0000000000002cb0       0x1c Output/nrf52832_xxaa/Obj/ss_twr_init/nrf_drv_uart.o
 .text.nrf_uarte_configure
                0x0000000000002ccc       0x2a Output/nrf52832_xxaa/Obj/ss_twr_init/nrf_drv_uart.o
 .text.nrf_uarte_baudrate_set
                0x0000000000002cf6       0x14 Output/nrf52832_xxaa/Obj/ss_twr_init/nrf_drv_uart.o
 .text.nrf_uarte_tx_buffer_set
                0x0000000000002d0a       0x24 Output/nrf52832_xxaa/Obj/ss_twr_init/nrf_drv_uart.o
 .text.nrf_uarte_tx_amount_get
                0x0000000000002d2e       0x10 Output/nrf52832_xxaa/Obj/ss_twr_init/nrf_drv_uart.o
 .text.nrf_uarte_rx_amount_get
                0x0000000000002d3e       0x10 Output/nrf52832_xxaa/Obj/ss_twr_init/nrf_drv_uart.o
 .text.nrf_drv_get_IRQn
                0x0000000000002d4e       0x16 Output/nrf52832_xxaa/Obj/ss_twr_init/nrf_drv_uart.o
 .text.nrf_drv_is_in_RAM
                0x0000000000002d64       0x1c Output/nrf52832_xxaa/Obj/ss_twr_init/nrf_drv_uart.o
 .text.nrf_gpio_pin_port_decode
                0x0000000000002d80        0xe Output/nrf52832_xxaa/Obj/ss_twr_init/nrf_drv_uart.o
 .text.nrf_gpio_cfg
                0x0000000000002d8e       0x62 Output/nrf52832_xxaa/Obj/ss_twr_init/nrf_drv_uart.o
 .text.nrf_gpio_cfg_output
                0x0000000000002df0       0x22 Output/nrf52832_xxaa/Obj/ss_twr_init/nrf_drv_uart.o
 .text.nrf_gpio_cfg_input
                0x0000000000002e12       0x2a Output/nrf52832_xxaa/Obj/ss_twr_init/nrf_drv_uart.o
 .text.nrf_gpio_pin_set
                0x0000000000002e3c       0x28 Output/nrf52832_xxaa/Obj/ss_twr_init/nrf_drv_uart.o
 .text.nrf_gpio_port_out_set
                0x0000000000002e64       0x14 Output/nrf52832_xxaa/Obj/ss_twr_init/nrf_drv_uart.o
 .text.apply_config
                0x0000000000002e78      0x160 Output/nrf52832_xxaa/Obj/ss_twr_init/nrf_drv_uart.o
 .text.interrupts_enable
                0x0000000000002fd8       0xd4 Output/nrf52832_xxaa/Obj/ss_twr_init/nrf_drv_uart.o
 .text.uart_enable
                0x00000000000030ac       0x3c Output/nrf52832_xxaa/Obj/ss_twr_init/nrf_drv_uart.o
 .text.nrf_drv_uart_init
                0x00000000000030e8       0x90 Output/nrf52832_xxaa/Obj/ss_twr_init/nrf_drv_uart.o
                0x00000000000030e8                nrf_drv_uart_init
 .text.tx_byte  0x0000000000003178       0x46 Output/nrf52832_xxaa/Obj/ss_twr_init/nrf_drv_uart.o
 *fill*         0x00000000000031be        0x2 
 .text.nrf_drv_uart_tx_for_uart
                0x00000000000031c0       0xe4 Output/nrf52832_xxaa/Obj/ss_twr_init/nrf_drv_uart.o
 .text.nrf_drv_uart_tx_for_uarte
                0x00000000000032a4       0xbc Output/nrf52832_xxaa/Obj/ss_twr_init/nrf_drv_uart.o
 .text.nrf_drv_uart_tx
                0x0000000000003360       0xa0 Output/nrf52832_xxaa/Obj/ss_twr_init/nrf_drv_uart.o
                0x0000000000003360                nrf_drv_uart_tx
 .text.nrf_drv_uart_tx_in_progress
                0x0000000000003400       0x28 Output/nrf52832_xxaa/Obj/ss_twr_init/nrf_drv_uart.o
                0x0000000000003400                nrf_drv_uart_tx_in_progress
 .text.rx_byte  0x0000000000003428       0x54 Output/nrf52832_xxaa/Obj/ss_twr_init/nrf_drv_uart.o
 .text.rx_done_event
                0x000000000000347c       0x36 Output/nrf52832_xxaa/Obj/ss_twr_init/nrf_drv_uart.o
 .text.tx_done_event
                0x00000000000034b2       0x3c Output/nrf52832_xxaa/Obj/ss_twr_init/nrf_drv_uart.o
 .text.uart_irq_handler
                0x00000000000034ee      0x1d4 Output/nrf52832_xxaa/Obj/ss_twr_init/nrf_drv_uart.o
 .text.uarte_irq_handler
                0x00000000000036c2      0x160 Output/nrf52832_xxaa/Obj/ss_twr_init/nrf_drv_uart.o
 *fill*         0x0000000000003822        0x2 
 .text.UARTE0_UART0_IRQHandler
                0x0000000000003824       0x28 Output/nrf52832_xxaa/Obj/ss_twr_init/nrf_drv_uart.o
                0x0000000000003824                UARTE0_UART0_IRQHandler
 .text.nrf_clock_int_enable
                0x000000000000384c       0x14 Output/nrf52832_xxaa/Obj/ss_twr_init/nrf_drv_clock.o
 .text.nrf_clock_int_disable
                0x0000000000003860       0x14 Output/nrf52832_xxaa/Obj/ss_twr_init/nrf_drv_clock.o
 .text.nrf_clock_task_trigger
                0x0000000000003874       0x1a Output/nrf52832_xxaa/Obj/ss_twr_init/nrf_drv_clock.o
 .text.nrf_clock_event_clear
                0x000000000000388e       0x28 Output/nrf52832_xxaa/Obj/ss_twr_init/nrf_drv_clock.o
 .text.nrf_clock_event_check
                0x00000000000038b6       0x22 Output/nrf52832_xxaa/Obj/ss_twr_init/nrf_drv_clock.o
 .text.nrf_clock_lf_src_set
                0x00000000000038d8       0x1e Output/nrf52832_xxaa/Obj/ss_twr_init/nrf_drv_clock.o
 *fill*         0x00000000000038f6        0x2 
 .text.nrf_drv_common_irq_enable_check
                0x00000000000038f8       0x38 Output/nrf52832_xxaa/Obj/ss_twr_init/nrf_drv_clock.o
 .text.nrf_drv_common_power_clock_irq_init
                0x0000000000003930       0x20 Output/nrf52832_xxaa/Obj/ss_twr_init/nrf_drv_clock.o
 .text.lfclk_start
                0x0000000000003950       0x1a Output/nrf52832_xxaa/Obj/ss_twr_init/nrf_drv_clock.o
 *fill*         0x000000000000396a        0x2 
 .text.nrf_drv_clock_init
                0x000000000000396c       0x4c Output/nrf52832_xxaa/Obj/ss_twr_init/nrf_drv_clock.o
                0x000000000000396c                nrf_drv_clock_init
 .text.item_enqueue
                0x00000000000039b8       0x38 Output/nrf52832_xxaa/Obj/ss_twr_init/nrf_drv_clock.o
 .text.item_dequeue
                0x00000000000039f0       0x20 Output/nrf52832_xxaa/Obj/ss_twr_init/nrf_drv_clock.o
 .text.nrf_drv_clock_lfclk_request
                0x0000000000003a10       0x78 Output/nrf52832_xxaa/Obj/ss_twr_init/nrf_drv_clock.o
                0x0000000000003a10                nrf_drv_clock_lfclk_request
 .text.clock_clk_started_notify
                0x0000000000003a88       0x4c Output/nrf52832_xxaa/Obj/ss_twr_init/nrf_drv_clock.o
 .text.POWER_CLOCK_IRQHandler
                0x0000000000003ad4       0x5c Output/nrf52832_xxaa/Obj/ss_twr_init/nrf_drv_clock.o
                0x0000000000003ad4                POWER_CLOCK_IRQHandler
 .text.app_error_handler_bare
                0x0000000000003b30       0x2a Output/nrf52832_xxaa/Obj/ss_twr_init/app_error.o
                0x0000000000003b30                app_error_handler_bare
 *fill*         0x0000000000003b5a        0x2 
 .text.__NVIC_SystemReset
                0x0000000000003b5c       0x28 Output/nrf52832_xxaa/Obj/ss_twr_init/app_error_weak.o
 .text.app_error_fault_handler
                0x0000000000003b84       0x20 Output/nrf52832_xxaa/Obj/ss_twr_init/app_error_weak.o
                0x0000000000003b84                app_error_fault_handler
 .text.app_util_disable_irq
                0x0000000000003ba4       0x18 Output/nrf52832_xxaa/Obj/ss_twr_init/app_util_platform.o
                0x0000000000003ba4                app_util_disable_irq
 .text.app_util_enable_irq
                0x0000000000003bbc       0x20 Output/nrf52832_xxaa/Obj/ss_twr_init/app_util_platform.o
                0x0000000000003bbc                app_util_enable_irq
 .text.app_util_critical_region_enter
                0x0000000000003bdc       0x12 Output/nrf52832_xxaa/Obj/ss_twr_init/app_util_platform.o
                0x0000000000003bdc                app_util_critical_region_enter
 .text.app_util_critical_region_exit
                0x0000000000003bee       0x16 Output/nrf52832_xxaa/Obj/ss_twr_init/app_util_platform.o
                0x0000000000003bee                app_util_critical_region_exit
 .text.fifo_length
                0x0000000000003c04       0x18 Output/nrf52832_xxaa/Obj/ss_twr_init/app_fifo.o
 .text.fifo_put
                0x0000000000003c1c       0x30 Output/nrf52832_xxaa/Obj/ss_twr_init/app_fifo.o
 .text.fifo_peek
                0x0000000000003c4c       0x2e Output/nrf52832_xxaa/Obj/ss_twr_init/app_fifo.o
 .text.fifo_get
                0x0000000000003c7a       0x24 Output/nrf52832_xxaa/Obj/ss_twr_init/app_fifo.o
 .text.app_fifo_init
                0x0000000000003c9e       0x58 Output/nrf52832_xxaa/Obj/ss_twr_init/app_fifo.o
                0x0000000000003c9e                app_fifo_init
 .text.app_fifo_put
                0x0000000000003cf6       0x36 Output/nrf52832_xxaa/Obj/ss_twr_init/app_fifo.o
                0x0000000000003cf6                app_fifo_put
 .text.app_fifo_get
                0x0000000000003d2c       0x2a Output/nrf52832_xxaa/Obj/ss_twr_init/app_fifo.o
                0x0000000000003d2c                app_fifo_get
 *fill*         0x0000000000003d56        0x2 
 .text.app_uart_put
                0x0000000000003d58       0x60 Output/nrf52832_xxaa/Obj/ss_twr_init/app_uart_fifo.o
                0x0000000000003d58                app_uart_put
 .text.__putchar
                0x0000000000003db8       0x1c Output/nrf52832_xxaa/Obj/ss_twr_init/retarget.o
                0x0000000000003db8                __putchar
 .text.dwt_initialise
                0x0000000000003dd4      0x184 Output/nrf52832_xxaa/Obj/ss_twr_init/deca_device.o
                0x0000000000003dd4                dwt_initialise
 .text.dwt_readdevid
                0x0000000000003f58       0x10 Output/nrf52832_xxaa/Obj/ss_twr_init/deca_device.o
                0x0000000000003f58                dwt_readdevid
 .text.dwt_configure
                0x0000000000003f68      0x304 Output/nrf52832_xxaa/Obj/ss_twr_init/deca_device.o
                0x0000000000003f68                dwt_configure
 .text.dwt_setrxantennadelay
                0x000000000000426c       0x22 Output/nrf52832_xxaa/Obj/ss_twr_init/deca_device.o
                0x000000000000426c                dwt_setrxantennadelay
 .text.dwt_settxantennadelay
                0x000000000000428e       0x20 Output/nrf52832_xxaa/Obj/ss_twr_init/deca_device.o
                0x000000000000428e                dwt_settxantennadelay
 .text.dwt_writetxdata
                0x00000000000042ae       0x46 Output/nrf52832_xxaa/Obj/ss_twr_init/deca_device.o
                0x00000000000042ae                dwt_writetxdata
 .text.dwt_writetxfctrl
                0x00000000000042f4       0x44 Output/nrf52832_xxaa/Obj/ss_twr_init/deca_device.o
                0x00000000000042f4                dwt_writetxfctrl
 .text.dwt_readrxdata
                0x0000000000004338       0x2a Output/nrf52832_xxaa/Obj/ss_twr_init/deca_device.o
                0x0000000000004338                dwt_readrxdata
 .text.dwt_readcarrierintegrator
                0x0000000000004362       0x60 Output/nrf52832_xxaa/Obj/ss_twr_init/deca_device.o
                0x0000000000004362                dwt_readcarrierintegrator
 .text.dwt_readtxtimestamplo32
                0x00000000000043c2       0x10 Output/nrf52832_xxaa/Obj/ss_twr_init/deca_device.o
                0x00000000000043c2                dwt_readtxtimestamplo32
 .text.dwt_readrxtimestamplo32
                0x00000000000043d2       0x10 Output/nrf52832_xxaa/Obj/ss_twr_init/deca_device.o
                0x00000000000043d2                dwt_readrxtimestamplo32
 .text.dwt_writetodevice
                0x00000000000043e2       0xbc Output/nrf52832_xxaa/Obj/ss_twr_init/deca_device.o
                0x00000000000043e2                dwt_writetodevice
 .text.dwt_readfromdevice
                0x000000000000449e       0xb6 Output/nrf52832_xxaa/Obj/ss_twr_init/deca_device.o
                0x000000000000449e                dwt_readfromdevice
 .text.dwt_read32bitoffsetreg
                0x0000000000004554       0x48 Output/nrf52832_xxaa/Obj/ss_twr_init/deca_device.o
                0x0000000000004554                dwt_read32bitoffsetreg
 .text.dwt_read16bitoffsetreg
                0x000000000000459c       0x40 Output/nrf52832_xxaa/Obj/ss_twr_init/deca_device.o
                0x000000000000459c                dwt_read16bitoffsetreg
 .text.dwt_read8bitoffsetreg
                0x00000000000045dc       0x26 Output/nrf52832_xxaa/Obj/ss_twr_init/deca_device.o
                0x00000000000045dc                dwt_read8bitoffsetreg
 .text.dwt_write8bitoffsetreg
                0x0000000000004602       0x28 Output/nrf52832_xxaa/Obj/ss_twr_init/deca_device.o
                0x0000000000004602                dwt_write8bitoffsetreg
 .text.dwt_write16bitoffsetreg
                0x000000000000462a       0x3e Output/nrf52832_xxaa/Obj/ss_twr_init/deca_device.o
                0x000000000000462a                dwt_write16bitoffsetreg
 .text.dwt_write32bitoffsetreg
                0x0000000000004668       0x48 Output/nrf52832_xxaa/Obj/ss_twr_init/deca_device.o
                0x0000000000004668                dwt_write32bitoffsetreg
 .text.dwt_seteui
                0x00000000000046b0       0x1a Output/nrf52832_xxaa/Obj/ss_twr_init/deca_device.o
                0x00000000000046b0                dwt_seteui
 .text.dwt_geteui
                0x00000000000046ca       0x1a Output/nrf52832_xxaa/Obj/ss_twr_init/deca_device.o
                0x00000000000046ca                dwt_geteui
 .text._dwt_otpread
                0x00000000000046e4       0x3c Output/nrf52832_xxaa/Obj/ss_twr_init/deca_device.o
                0x00000000000046e4                _dwt_otpread
 .text._dwt_aonarrayupload
                0x0000000000004720       0x1a Output/nrf52832_xxaa/Obj/ss_twr_init/deca_device.o
                0x0000000000004720                _dwt_aonarrayupload
 .text._dwt_configlde
                0x000000000000473a       0x3e Output/nrf52832_xxaa/Obj/ss_twr_init/deca_device.o
                0x000000000000473a                _dwt_configlde
 .text._dwt_loaducodefromrom
                0x0000000000004778       0x24 Output/nrf52832_xxaa/Obj/ss_twr_init/deca_device.o
                0x0000000000004778                _dwt_loaducodefromrom
 .text.dwt_setrxaftertxdelay
                0x000000000000479c       0x36 Output/nrf52832_xxaa/Obj/ss_twr_init/deca_device.o
                0x000000000000479c                dwt_setrxaftertxdelay
 .text.dwt_setleds
                0x00000000000047d2       0xbe Output/nrf52832_xxaa/Obj/ss_twr_init/deca_device.o
                0x00000000000047d2                dwt_setleds
 .text._dwt_enableclocks
                0x0000000000004890      0x158 Output/nrf52832_xxaa/Obj/ss_twr_init/deca_device.o
                0x0000000000004890                _dwt_enableclocks
 .text._dwt_disablesequencing
                0x00000000000049e8       0x16 Output/nrf52832_xxaa/Obj/ss_twr_init/deca_device.o
                0x00000000000049e8                _dwt_disablesequencing
 *fill*         0x00000000000049fe        0x2 
 .text.dwt_starttx
                0x0000000000004a00       0xd4 Output/nrf52832_xxaa/Obj/ss_twr_init/deca_device.o
                0x0000000000004a00                dwt_starttx
 .text.dwt_setrxtimeout
                0x0000000000004ad4       0x90 Output/nrf52832_xxaa/Obj/ss_twr_init/deca_device.o
                0x0000000000004ad4                dwt_setrxtimeout
 .text.dwt_rxreset
                0x0000000000004b64       0x1a Output/nrf52832_xxaa/Obj/ss_twr_init/deca_device.o
                0x0000000000004b64                dwt_rxreset
 *fill*         0x0000000000004b7e        0x2 
 .text.dwt_softreset
                0x0000000000004b80       0x48 Output/nrf52832_xxaa/Obj/ss_twr_init/deca_device.o
                0x0000000000004b80                dwt_softreset
 .text.dwt_setxtaltrim
                0x0000000000004bc8       0x34 Output/nrf52832_xxaa/Obj/ss_twr_init/deca_device.o
                0x0000000000004bc8                dwt_setxtaltrim
 .text.nrf_gpio_pin_port_decode
                0x0000000000004bfc        0xe Output/nrf52832_xxaa/Obj/ss_twr_init/port_platform.o
 .text.nrf_gpio_cfg
                0x0000000000004c0a       0x62 Output/nrf52832_xxaa/Obj/ss_twr_init/port_platform.o
 .text.nrf_gpio_cfg_output
                0x0000000000004c6c       0x22 Output/nrf52832_xxaa/Obj/ss_twr_init/port_platform.o
 .text.nrf_gpio_cfg_input
                0x0000000000004c8e       0x2a Output/nrf52832_xxaa/Obj/ss_twr_init/port_platform.o
 .text.nrf_gpio_pin_clear
                0x0000000000004cb8       0x28 Output/nrf52832_xxaa/Obj/ss_twr_init/port_platform.o
 .text.nrf_gpio_port_out_clear
                0x0000000000004ce0       0x14 Output/nrf52832_xxaa/Obj/ss_twr_init/port_platform.o
 .text.nrf_delay_us
                0x0000000000004cf4       0xa0 Output/nrf52832_xxaa/Obj/ss_twr_init/port_platform.o
 .text.nrf_delay_ms
                0x0000000000004d94       0x1e Output/nrf52832_xxaa/Obj/ss_twr_init/port_platform.o
 *fill*         0x0000000000004db2        0x2 
 .text.spi_event_handler
                0x0000000000004db4       0x18 Output/nrf52832_xxaa/Obj/ss_twr_init/port_platform.o
                0x0000000000004db4                spi_event_handler
 .text.readfromspi
                0x0000000000004dcc      0x138 Output/nrf52832_xxaa/Obj/ss_twr_init/port_platform.o
                0x0000000000004dcc                readfromspi
 .text.writetospi
                0x0000000000004f04      0x124 Output/nrf52832_xxaa/Obj/ss_twr_init/port_platform.o
                0x0000000000004f04                writetospi
 .text.reset_DW1000
                0x0000000000005028       0x26 Output/nrf52832_xxaa/Obj/ss_twr_init/port_platform.o
                0x0000000000005028                reset_DW1000
 *fill*         0x000000000000504e        0x2 
 .text.port_set_dw1000_slowrate
                0x0000000000005050       0x48 Output/nrf52832_xxaa/Obj/ss_twr_init/port_platform.o
                0x0000000000005050                port_set_dw1000_slowrate
 .text.port_set_dw1000_fastrate
                0x0000000000005098       0x4c Output/nrf52832_xxaa/Obj/ss_twr_init/port_platform.o
                0x0000000000005098                port_set_dw1000_fastrate
 .text.deca_sleep
                0x00000000000050e4       0x14 Output/nrf52832_xxaa/Obj/ss_twr_init/port_platform.o
                0x00000000000050e4                deca_sleep
 .text.vListInitialise
                0x00000000000050f8       0x36 Output/nrf52832_xxaa/Obj/ss_twr_init/list.o
                0x00000000000050f8                vListInitialise
 .text.vListInitialiseItem
                0x000000000000512e       0x10 Output/nrf52832_xxaa/Obj/ss_twr_init/list.o
                0x000000000000512e                vListInitialiseItem
 .text.vListInsertEnd
                0x000000000000513e       0x3e Output/nrf52832_xxaa/Obj/ss_twr_init/list.o
                0x000000000000513e                vListInsertEnd
 .text.vListInsert
                0x000000000000517c       0x68 Output/nrf52832_xxaa/Obj/ss_twr_init/list.o
                0x000000000000517c                vListInsert
 .text.uxListRemove
                0x00000000000051e4       0x4a Output/nrf52832_xxaa/Obj/ss_twr_init/list.o
                0x00000000000051e4                uxListRemove
 .text.ulPortRaiseBASEPRI
                0x000000000000522e       0x20 Output/nrf52832_xxaa/Obj/ss_twr_init/queue.o
 *fill*         0x000000000000524e        0x2 
 .text.xQueueGenericReset
                0x0000000000005250       0xb8 Output/nrf52832_xxaa/Obj/ss_twr_init/queue.o
                0x0000000000005250                xQueueGenericReset
 .text.xQueueGenericCreate
                0x0000000000005308       0x7a Output/nrf52832_xxaa/Obj/ss_twr_init/queue.o
                0x0000000000005308                xQueueGenericCreate
 *fill*         0x0000000000005382        0x2 
 .text.xQueueGenericSend
                0x0000000000005384      0x154 Output/nrf52832_xxaa/Obj/ss_twr_init/queue.o
                0x0000000000005384                xQueueGenericSend
 .text.xQueueGenericSendFromISR
                0x00000000000054d8       0x8c Output/nrf52832_xxaa/Obj/ss_twr_init/queue.o
                0x00000000000054d8                xQueueGenericSendFromISR
 .text.xQueueGenericReceive
                0x0000000000005564      0x1a0 Output/nrf52832_xxaa/Obj/ss_twr_init/queue.o
                0x0000000000005564                xQueueGenericReceive
 .text.prvCopyDataToQueue
                0x0000000000005704       0xd4 Output/nrf52832_xxaa/Obj/ss_twr_init/queue.o
 .text.prvCopyDataFromQueue
                0x00000000000057d8       0x4a Output/nrf52832_xxaa/Obj/ss_twr_init/queue.o
 .text.prvUnlockQueue
                0x0000000000005822       0x96 Output/nrf52832_xxaa/Obj/ss_twr_init/queue.o
 .text.prvIsQueueEmpty
                0x00000000000058b8       0x2a Output/nrf52832_xxaa/Obj/ss_twr_init/queue.o
 .text.prvIsQueueFull
                0x00000000000058e2       0x2e Output/nrf52832_xxaa/Obj/ss_twr_init/queue.o
 .text.vQueueAddToRegistry
                0x0000000000005910       0x48 Output/nrf52832_xxaa/Obj/ss_twr_init/queue.o
                0x0000000000005910                vQueueAddToRegistry
 .text.vQueueWaitForMessageRestricted
                0x0000000000005958       0x56 Output/nrf52832_xxaa/Obj/ss_twr_init/queue.o
                0x0000000000005958                vQueueWaitForMessageRestricted
 *fill*         0x00000000000059ae        0x2 
 .text.xTaskGenericCreate
                0x00000000000059b0      0x154 Output/nrf52832_xxaa/Obj/ss_twr_init/tasks.o
                0x00000000000059b0                xTaskGenericCreate
 .text.vTaskDelayUntil
                0x0000000000005b04       0xac Output/nrf52832_xxaa/Obj/ss_twr_init/tasks.o
                0x0000000000005b04                vTaskDelayUntil
 .text.vTaskStartScheduler
                0x0000000000005bb0       0x6c Output/nrf52832_xxaa/Obj/ss_twr_init/tasks.o
                0x0000000000005bb0                vTaskStartScheduler
 .text.vTaskSuspendAll
                0x0000000000005c1c       0x14 Output/nrf52832_xxaa/Obj/ss_twr_init/tasks.o
                0x0000000000005c1c                vTaskSuspendAll
 .text.xTaskResumeAll
                0x0000000000005c30      0x110 Output/nrf52832_xxaa/Obj/ss_twr_init/tasks.o
                0x0000000000005c30                xTaskResumeAll
 .text.xTaskGetTickCount
                0x0000000000005d40       0x14 Output/nrf52832_xxaa/Obj/ss_twr_init/tasks.o
                0x0000000000005d40                xTaskGetTickCount
 .text.xTaskGetTickCountFromISR
                0x0000000000005d54       0x18 Output/nrf52832_xxaa/Obj/ss_twr_init/tasks.o
                0x0000000000005d54                xTaskGetTickCountFromISR
 .text.xTaskIncrementTick
                0x0000000000005d6c      0x13c Output/nrf52832_xxaa/Obj/ss_twr_init/tasks.o
                0x0000000000005d6c                xTaskIncrementTick
 .text.vTaskSwitchContext
                0x0000000000005ea8       0x90 Output/nrf52832_xxaa/Obj/ss_twr_init/tasks.o
                0x0000000000005ea8                vTaskSwitchContext
 .text.vTaskPlaceOnEventList
                0x0000000000005f38       0x60 Output/nrf52832_xxaa/Obj/ss_twr_init/tasks.o
                0x0000000000005f38                vTaskPlaceOnEventList
 .text.vTaskPlaceOnEventListRestricted
                0x0000000000005f98       0x44 Output/nrf52832_xxaa/Obj/ss_twr_init/tasks.o
                0x0000000000005f98                vTaskPlaceOnEventListRestricted
 .text.xTaskRemoveFromEventList
                0x0000000000005fdc       0xa8 Output/nrf52832_xxaa/Obj/ss_twr_init/tasks.o
                0x0000000000005fdc                xTaskRemoveFromEventList
 .text.vTaskSetTimeOutState
                0x0000000000006084       0x24 Output/nrf52832_xxaa/Obj/ss_twr_init/tasks.o
                0x0000000000006084                vTaskSetTimeOutState
 .text.xTaskCheckForTimeOut
                0x00000000000060a8       0x88 Output/nrf52832_xxaa/Obj/ss_twr_init/tasks.o
                0x00000000000060a8                xTaskCheckForTimeOut
 .text.vTaskMissedYield
                0x0000000000006130       0x10 Output/nrf52832_xxaa/Obj/ss_twr_init/tasks.o
                0x0000000000006130                vTaskMissedYield
 .text.prvIdleTask
                0x0000000000006140       0x34 Output/nrf52832_xxaa/Obj/ss_twr_init/tasks.o
 .text.prvInitialiseTCBVariables
                0x0000000000006174       0xa6 Output/nrf52832_xxaa/Obj/ss_twr_init/tasks.o
 *fill*         0x000000000000621a        0x2 
 .text.prvInitialiseTaskLists
                0x000000000000621c       0x7c Output/nrf52832_xxaa/Obj/ss_twr_init/tasks.o
 .text.prvCheckTasksWaitingTermination
                0x0000000000006298       0x78 Output/nrf52832_xxaa/Obj/ss_twr_init/tasks.o
 .text.prvAddCurrentTaskToDelayedList
                0x0000000000006310       0x6c Output/nrf52832_xxaa/Obj/ss_twr_init/tasks.o
 .text.prvAllocateTCBAndStack
                0x000000000000637c       0x70 Output/nrf52832_xxaa/Obj/ss_twr_init/tasks.o
 .text.prvDeleteTCB
                0x00000000000063ec       0x1e Output/nrf52832_xxaa/Obj/ss_twr_init/tasks.o
 *fill*         0x000000000000640a        0x2 
 .text.prvResetNextTaskUnblockTime
                0x000000000000640c       0x40 Output/nrf52832_xxaa/Obj/ss_twr_init/tasks.o
 .text.xTaskGetSchedulerState
                0x000000000000644c       0x34 Output/nrf52832_xxaa/Obj/ss_twr_init/tasks.o
                0x000000000000644c                xTaskGetSchedulerState
 .text.vTaskPriorityInherit
                0x0000000000006480       0xbc Output/nrf52832_xxaa/Obj/ss_twr_init/tasks.o
                0x0000000000006480                vTaskPriorityInherit
 .text.xTaskPriorityDisinherit
                0x000000000000653c       0x98 Output/nrf52832_xxaa/Obj/ss_twr_init/tasks.o
                0x000000000000653c                xTaskPriorityDisinherit
 .text.pvTaskIncrementMutexHeldCount
                0x00000000000065d4       0x20 Output/nrf52832_xxaa/Obj/ss_twr_init/tasks.o
                0x00000000000065d4                pvTaskIncrementMutexHeldCount
 .text.xTimerCreateTimerTask
                0x00000000000065f4       0x4c Output/nrf52832_xxaa/Obj/ss_twr_init/timers.o
                0x00000000000065f4                xTimerCreateTimerTask
 .text.xTimerCreate
                0x0000000000006640       0x5c Output/nrf52832_xxaa/Obj/ss_twr_init/timers.o
                0x0000000000006640                xTimerCreate
 .text.xTimerGenericCommand
                0x000000000000669c       0x78 Output/nrf52832_xxaa/Obj/ss_twr_init/timers.o
                0x000000000000669c                xTimerGenericCommand
 .text.prvProcessExpiredTimer
                0x0000000000006714       0x64 Output/nrf52832_xxaa/Obj/ss_twr_init/timers.o
 .text.prvTimerTask
                0x0000000000006778       0x20 Output/nrf52832_xxaa/Obj/ss_twr_init/timers.o
 .text.prvProcessTimerOrBlockTask
                0x0000000000006798       0x80 Output/nrf52832_xxaa/Obj/ss_twr_init/timers.o
 .text.prvGetNextExpireTime
                0x0000000000006818       0x40 Output/nrf52832_xxaa/Obj/ss_twr_init/timers.o
 .text.prvSampleTimeNow
                0x0000000000006858       0x3c Output/nrf52832_xxaa/Obj/ss_twr_init/timers.o
 .text.prvInsertTimerInActiveList
                0x0000000000006894       0x84 Output/nrf52832_xxaa/Obj/ss_twr_init/timers.o
 .text.prvProcessReceivedCommands
                0x0000000000006918      0x104 Output/nrf52832_xxaa/Obj/ss_twr_init/timers.o
 .text.prvSwitchTimerLists
                0x0000000000006a1c       0xa4 Output/nrf52832_xxaa/Obj/ss_twr_init/timers.o
 .text.prvCheckForValidListAndQueue
                0x0000000000006ac0       0x6c Output/nrf52832_xxaa/Obj/ss_twr_init/timers.o
 .text.xTimerIsTimerActive
                0x0000000000006b2c       0x2c Output/nrf52832_xxaa/Obj/ss_twr_init/timers.o
                0x0000000000006b2c                xTimerIsTimerActive
 .text.pvTimerGetTimerID
                0x0000000000006b58       0x22 Output/nrf52832_xxaa/Obj/ss_twr_init/timers.o
                0x0000000000006b58                pvTimerGetTimerID
 *fill*         0x0000000000006b7a        0x2 
 .text.pvPortMalloc
                0x0000000000006b7c       0x88 Output/nrf52832_xxaa/Obj/ss_twr_init/heap_1.o
                0x0000000000006b7c                pvPortMalloc
 .text.vPortFree
                0x0000000000006c04        0xa Output/nrf52832_xxaa/Obj/ss_twr_init/heap_1.o
                0x0000000000006c04                vPortFree
 .text.app_timer_callback
                0x0000000000006c0e       0x2a Output/nrf52832_xxaa/Obj/ss_twr_init/app_timer_freertos.o
 .text.app_timer_init
                0x0000000000006c38        0x6 Output/nrf52832_xxaa/Obj/ss_twr_init/app_timer_freertos.o
                0x0000000000006c38                app_timer_init
 *fill*         0x0000000000006c3e        0x2 
 .text.app_timer_create
                0x0000000000006c40       0x9c Output/nrf52832_xxaa/Obj/ss_twr_init/app_timer_freertos.o
                0x0000000000006c40                app_timer_create
 .text.app_timer_start
                0x0000000000006cdc       0xec Output/nrf52832_xxaa/Obj/ss_twr_init/app_timer_freertos.o
                0x0000000000006cdc                app_timer_start
 .text.__NVIC_SetPriority
                0x0000000000006dc8       0x50 Output/nrf52832_xxaa/Obj/ss_twr_init/port_cmsis.o
 .text.pxPortInitialiseStack
                0x0000000000006e18       0x60 Output/nrf52832_xxaa/Obj/ss_twr_init/port_cmsis.o
                0x0000000000006e18                pxPortInitialiseStack
 .text.prvTaskExitError
                0x0000000000006e78       0x10 Output/nrf52832_xxaa/Obj/ss_twr_init/port_cmsis.o
 .text.xPortStartScheduler
                0x0000000000006e88       0x4c Output/nrf52832_xxaa/Obj/ss_twr_init/port_cmsis.o
                0x0000000000006e88                xPortStartScheduler
 .text.vPortEnterCritical
                0x0000000000006ed4       0x24 Output/nrf52832_xxaa/Obj/ss_twr_init/port_cmsis.o
                0x0000000000006ed4                vPortEnterCritical
 .text.vPortExitCritical
                0x0000000000006ef8       0x2c Output/nrf52832_xxaa/Obj/ss_twr_init/port_cmsis.o
                0x0000000000006ef8                vPortExitCritical
 .text.vPortEnableVFP
                0x0000000000006f24       0x18 Output/nrf52832_xxaa/Obj/ss_twr_init/port_cmsis.o
 .text.__NVIC_EnableIRQ
                0x0000000000006f3c       0x34 Output/nrf52832_xxaa/Obj/ss_twr_init/port_cmsis_systick.o
 .text.__NVIC_SetPriority
                0x0000000000006f70       0x50 Output/nrf52832_xxaa/Obj/ss_twr_init/port_cmsis_systick.o
 .text.ulPortRaiseBASEPRI
                0x0000000000006fc0       0x20 Output/nrf52832_xxaa/Obj/ss_twr_init/port_cmsis_systick.o
 .text.nrf_rtc_int_enable
                0x0000000000006fe0       0x14 Output/nrf52832_xxaa/Obj/ss_twr_init/port_cmsis_systick.o
 .text.nrf_rtc_event_clear
                0x0000000000006ff4       0x2a Output/nrf52832_xxaa/Obj/ss_twr_init/port_cmsis_systick.o
 .text.nrf_rtc_counter_get
                0x000000000000701e       0x10 Output/nrf52832_xxaa/Obj/ss_twr_init/port_cmsis_systick.o
 .text.nrf_rtc_prescaler_set
                0x000000000000702e       0x14 Output/nrf52832_xxaa/Obj/ss_twr_init/port_cmsis_systick.o
 .text.nrf_rtc_task_trigger
                0x0000000000007042       0x1e Output/nrf52832_xxaa/Obj/ss_twr_init/port_cmsis_systick.o
 .text.nrf_rtc_event_enable
                0x0000000000007060       0x14 Output/nrf52832_xxaa/Obj/ss_twr_init/port_cmsis_systick.o
 .text.RTC1_IRQHandler
                0x0000000000007074       0x88 Output/nrf52832_xxaa/Obj/ss_twr_init/port_cmsis_systick.o
                0x0000000000007074                RTC1_IRQHandler
 .text.vPortSetupTimerInterrupt
                0x00000000000070fc       0x48 Output/nrf52832_xxaa/Obj/ss_twr_init/port_cmsis_systick.o
                0x00000000000070fc                vPortSetupTimerInterrupt
 .text.vPortStartFirstTask
                0x0000000000007144       0x20 Output/nrf52832_xxaa/Obj/ss_twr_init/port.o
                0x0000000000007144                vPortStartFirstTask
 .text.SVC_Handler
                0x0000000000007164       0x24 Output/nrf52832_xxaa/Obj/ss_twr_init/port.o
                0x0000000000007164                SVC_Handler
 .text.PendSV_Handler
                0x0000000000007188       0x64 Output/nrf52832_xxaa/Obj/ss_twr_init/port.o
                0x0000000000007188                PendSV_Handler
 .text.uartInit
                0x00000000000071ec       0xbc Output/nrf52832_xxaa/Obj/ss_twr_init/uart_fifo.o
                0x00000000000071ec                uartInit
 .text.uartTransmit
                0x00000000000072a8       0x7c Output/nrf52832_xxaa/Obj/ss_twr_init/uart_fifo.o
                0x00000000000072a8                uartTransmit
 .text.uartEventhandler
                0x0000000000007324       0x54 Output/nrf52832_xxaa/Obj/ss_twr_init/uart_fifo.o
 .text.__aeabi_dadd
                0x0000000000007378      0x244 E:/programs/segger-IDE/lib/libm_v7em_fpv4_sp_d16_hard_t_le_eabi.a(libm_asm.o)
                0x0000000000007378                __aeabi_dadd
 .text.__aeabi_dmul
                0x00000000000075bc      0x138 E:/programs/segger-IDE/lib/libm_v7em_fpv4_sp_d16_hard_t_le_eabi.a(libm_asm.o)
                0x00000000000075bc                __aeabi_dmul
 .text.__aeabi_ddiv
                0x00000000000076f4      0x1cc E:/programs/segger-IDE/lib/libm_v7em_fpv4_sp_d16_hard_t_le_eabi.a(libm_asm.o)
                0x00000000000076f4                __aeabi_ddiv
 .text.__aeabi_dcmpgt
                0x00000000000078c0       0x38 E:/programs/segger-IDE/lib/libm_v7em_fpv4_sp_d16_hard_t_le_eabi.a(libm_asm.o)
                0x00000000000078c0                __aeabi_dcmpgt
 .text.__aeabi_dcmplt
                0x00000000000078f8       0x38 E:/programs/segger-IDE/lib/libm_v7em_fpv4_sp_d16_hard_t_le_eabi.a(libm_asm.o)
                0x00000000000078f8                __aeabi_dcmplt
 .text.__aeabi_i2d
                0x0000000000007930       0x28 E:/programs/segger-IDE/lib/libm_v7em_fpv4_sp_d16_hard_t_le_eabi.a(libm_asm.o)
                0x0000000000007930                __aeabi_i2d
 .text.__aeabi_f2d
                0x0000000000007958       0x34 E:/programs/segger-IDE/lib/libm_v7em_fpv4_sp_d16_hard_t_le_eabi.a(libm_asm.o)
                0x0000000000007958                __aeabi_f2d
 .text.__aeabi_d2f
                0x000000000000798c       0x54 E:/programs/segger-IDE/lib/libm_v7em_fpv4_sp_d16_hard_t_le_eabi.a(libm_asm.o)
                0x000000000000798c                __aeabi_d2f
 .text.__float32_isinf
                0x00000000000079e0       0x14 E:/programs/segger-IDE/lib/libm_v7em_fpv4_sp_d16_hard_t_le_eabi.a(libm_asm.o)
                0x00000000000079e0                __float32_isinf
 .text.__float32_isnan
                0x00000000000079f4       0x14 E:/programs/segger-IDE/lib/libm_v7em_fpv4_sp_d16_hard_t_le_eabi.a(libm_asm.o)
                0x00000000000079f4                __float32_isnan
 .text.__float32_signbit
                0x0000000000007a08        0xc E:/programs/segger-IDE/lib/libm_v7em_fpv4_sp_d16_hard_t_le_eabi.a(libm_asm.o)
                0x0000000000007a08                __float32_signbit
 .text.fabsf    0x0000000000007a14        0x8 E:/programs/segger-IDE/lib/libm_v7em_fpv4_sp_d16_hard_t_le_eabi.a(libm_asm.o)
                0x0000000000007a14                fabsf
                0x0000000000007a14                fabs(float)
 .text.floorf   0x0000000000007a1c       0x70 E:/programs/segger-IDE/lib/libm_v7em_fpv4_sp_d16_hard_t_le_eabi.a(libm_asm.o)
                0x0000000000007a1c                floorf
                0x0000000000007a1c                floor(float)
 .text.frexpf   0x0000000000007a8c       0x3c E:/programs/segger-IDE/lib/libm_v7em_fpv4_sp_d16_hard_t_le_eabi.a(libm_asm.o)
                0x0000000000007a8c                frexpf
                0x0000000000007a8c                frexp(float, int*)
 .text.ldexpf   0x0000000000007ac8       0x48 E:/programs/segger-IDE/lib/libm_v7em_fpv4_sp_d16_hard_t_le_eabi.a(libm_asm.o)
                0x0000000000007ac8                ldexp(float, int)
                0x0000000000007ac8                ldexpf
 .text.libc.__RAL_pow10f
                0x0000000000007b10       0x44 E:/programs/segger-IDE/lib/libc_v7em_fpv4_sp_d16_hard_t_le_eabi.a(libc2.o)
                0x0000000000007b10                __RAL_pow10f
 .text.libc.__putc
                0x0000000000007b54       0x34 E:/programs/segger-IDE/lib/libc_v7em_fpv4_sp_d16_hard_t_le_eabi.a(libc2.o)
                0x0000000000007b54                __putc
 .text.libc.__RAL_print_padding
                0x0000000000007b88       0x1c E:/programs/segger-IDE/lib/libc_v7em_fpv4_sp_d16_hard_t_le_eabi.a(libc2.o)
                0x0000000000007b88                __RAL_print_padding
 .text.libc.__RAL_pre_padding
                0x0000000000007ba4       0x1a E:/programs/segger-IDE/lib/libc_v7em_fpv4_sp_d16_hard_t_le_eabi.a(libc2.o)
                0x0000000000007ba4                __RAL_pre_padding
 .text.libc.abs
                0x0000000000007bbe        0x8 E:/programs/segger-IDE/lib/libc_v7em_fpv4_sp_d16_hard_t_le_eabi.a(libc2.o)
                0x0000000000007bbe                abs
 *fill*         0x0000000000007bc6        0x2 
 .text.libc.__aeabi_errno_addr
                0x0000000000007bc8       0x14 E:/programs/segger-IDE/lib/libc_v7em_fpv4_sp_d16_hard_t_le_eabi.a(libc2.o)
                0x0000000000007bc8                __aeabi_errno_addr
 .text.libc.memcmp
                0x0000000000007bdc       0x66 E:/programs/segger-IDE/lib/libc_v7em_fpv4_sp_d16_hard_t_le_eabi.a(libc2.o)
                0x0000000000007bdc                memcmp
 *fill*         0x0000000000007c42        0x2 
 .text.libc.printf
                0x0000000000007c44       0x40 E:/programs/segger-IDE/lib/libc_v7em_fpv4_sp_d16_hard_t_le_eabi.a(libc2.o)
                0x0000000000007c44                printf
 .text.libc.snprintf
                0x0000000000007c84       0x28 E:/programs/segger-IDE/lib/libc_v7em_fpv4_sp_d16_hard_t_le_eabi.a(libc2.o)
                0x0000000000007c84                snprintf
 .text.libc.strnlen
                0x0000000000007cac       0x22 E:/programs/segger-IDE/lib/libc_v7em_fpv4_sp_d16_hard_t_le_eabi.a(libc2.o)
                0x0000000000007cac                strnlen
 .text.libc.memcpy
                0x0000000000007cce       0x52 E:/programs/segger-IDE/lib/libc_v7em_fpv4_sp_d16_hard_t_le_eabi.a(libc2_asm.o)
                0x0000000000007cce                __aeabi_memcpy
                0x0000000000007cce                memcpy
                0x0000000000007cda                __aeabi_memcpy8
                0x0000000000007cda                __aeabi_memcpy4
 .text.libc.memset
                0x0000000000007d20       0x66 E:/programs/segger-IDE/lib/libc_v7em_fpv4_sp_d16_hard_t_le_eabi.a(libc2_asm.o)
                0x0000000000007d20                memset
 .text.libc.strlen
                0x0000000000007d86       0x60 E:/programs/segger-IDE/lib/libc_v7em_fpv4_sp_d16_hard_t_le_eabi.a(libc2_asm.o)
                0x0000000000007d86                strlen
 *fill*         0x0000000000007de6        0x2 
 .text.libc.__vfprintf_short_float_long
                0x0000000000007de8      0xdcc E:/programs/segger-IDE/lib/libc_v7em_fpv4_sp_d16_hard_t_le_eabi.a(libvfprintf.o)
                0x0000000000007de8                __vfprintf_short_float_long
 .text.libc.modff
                0x0000000000008bb4       0x58 E:/programs/segger-IDE/lib/libm_v7em_fpv4_sp_d16_hard_t_le_eabi.a(libm2.o)
                0x0000000000008bb4                modf(float, float*)
                0x0000000000008bb4                modff
 .text.libc.fmodf
                0x0000000000008c0c       0xfc E:/programs/segger-IDE/lib/libm_v7em_fpv4_sp_d16_hard_t_le_eabi.a(libm2.o)
                0x0000000000008c0c                fmod(float, float)
                0x0000000000008c0c                fmodf
                0x0000000000008d08                __text_end__ = (__text_start__ + SIZEOF (.text))
                0x0000000000008a58                __text_size__ = SIZEOF (.text)
                0x0000000000008d08                __text_load_end__ = __text_end__

.vfp11_veneer   0x0000000100000000        0x0
 .vfp11_veneer  0x0000000100000000        0x0 linker stubs

.v4_bx          0x0000000100000000        0x0
 .v4_bx         0x0000000100000000        0x0 linker stubs

.iplt           0x0000000100000000        0x0
 .iplt          0x0000000100000000        0x0 Output/nrf52832_xxaa/Obj/ss_twr_init/thumb_crt0.o
                0x0000000000000001                . = ASSERT (((__text_start__ == __text_end__) || ((__text_end__ - __FLASH_segment_start__) <= __FLASH_segment_size__)), error: .text is too large to fit in FLASH memory segment)
                0x0000000000008d08                __dtors_load_start__ = ALIGN (__text_end__, 0x4)

.dtors          0x0000000000008d08        0x0
                0x0000000000008d08                __dtors_start__ = .
 *(SORT_BY_NAME(.dtors.*))
 *(.dtors)
 *(.fini_array)
 *(SORT_BY_NAME(.fini_array.*))
                0x0000000000008d08                __dtors_end__ = (__dtors_start__ + SIZEOF (.dtors))
                0x0000000000000000                __dtors_size__ = SIZEOF (.dtors)
                0x0000000000008d08                __dtors_load_end__ = __dtors_end__
                0x0000000000000001                . = ASSERT (((__dtors_start__ == __dtors_end__) || ((__dtors_end__ - __FLASH_segment_start__) <= __FLASH_segment_size__)), error: .dtors is too large to fit in FLASH memory segment)
                0x0000000000008d08                __ctors_load_start__ = ALIGN (__dtors_end__, 0x4)

.ctors          0x0000000000008d08        0x0
                0x0000000000008d08                __ctors_start__ = .
 *(SORT_BY_NAME(.ctors.*))
 *(.ctors)
 *(.init_array)
 *(SORT_BY_NAME(.init_array.*))
                0x0000000000008d08                __ctors_end__ = (__ctors_start__ + SIZEOF (.ctors))
                0x0000000000000000                __ctors_size__ = SIZEOF (.ctors)
                0x0000000000008d08                __ctors_load_end__ = __ctors_end__
                0x0000000000000001                . = ASSERT (((__ctors_start__ == __ctors_end__) || ((__ctors_end__ - __FLASH_segment_start__) <= __FLASH_segment_size__)), error: .ctors is too large to fit in FLASH memory segment)
                0x0000000000008d08                __rodata_load_start__ = ALIGN (__ctors_end__, 0x4)

.rodata         0x0000000000008d08      0x318
                0x0000000000008d08                __rodata_start__ = .
 *(.rodata .rodata.* .gnu.linkonce.r.*)
 .rodata        0x0000000000008d08       0x21 Output/nrf52832_xxaa/Obj/ss_twr_init/main.o
 *fill*         0x0000000000008d29        0x3 
 .rodata        0x0000000000008d2c       0x23 Output/nrf52832_xxaa/Obj/ss_twr_init/movementAnalysis.o
 *fill*         0x0000000000008d4f        0x1 
 .rodata        0x0000000000008d50       0x39 Output/nrf52832_xxaa/Obj/ss_twr_init/movementStruct.o
 *fill*         0x0000000000008d89        0x3 
 .rodata.led_granted_timer
                0x0000000000008d8c        0x4 Output/nrf52832_xxaa/Obj/ss_twr_init/movementAnalyzer.o
 .rodata.default_tag
                0x0000000000008d90       0x58 Output/nrf52832_xxaa/Obj/ss_twr_init/movementAnalyzer.o
                0x0000000000008d90                default_tag
 .rodata        0x0000000000008de8       0x10 Output/nrf52832_xxaa/Obj/ss_twr_init/movementAnalyzer.o
 .rodata.chan_idx
                0x0000000000008df8        0x8 Output/nrf52832_xxaa/Obj/ss_twr_init/deca_params_init.o
                0x0000000000008df8                chan_idx
 .rodata.tx_config
                0x0000000000008e00       0x18 Output/nrf52832_xxaa/Obj/ss_twr_init/deca_params_init.o
                0x0000000000008e00                tx_config
 .rodata.fs_pll_cfg
                0x0000000000008e18       0x18 Output/nrf52832_xxaa/Obj/ss_twr_init/deca_params_init.o
                0x0000000000008e18                fs_pll_cfg
 .rodata.fs_pll_tune
                0x0000000000008e30        0x6 Output/nrf52832_xxaa/Obj/ss_twr_init/deca_params_init.o
                0x0000000000008e30                fs_pll_tune
 *fill*         0x0000000000008e36        0x2 
 .rodata.rx_config
                0x0000000000008e38        0x2 Output/nrf52832_xxaa/Obj/ss_twr_init/deca_params_init.o
                0x0000000000008e38                rx_config
 *fill*         0x0000000000008e3a        0x2 
 .rodata.agc_config
                0x0000000000008e3c        0x8 Output/nrf52832_xxaa/Obj/ss_twr_init/deca_params_init.o
                0x0000000000008e3c                agc_config
 .rodata.dwnsSFDlen
                0x0000000000008e44        0x3 Output/nrf52832_xxaa/Obj/ss_twr_init/deca_params_init.o
                0x0000000000008e44                dwnsSFDlen
 *fill*         0x0000000000008e47        0x1 
 .rodata.sftsh  0x0000000000008e48        0xc Output/nrf52832_xxaa/Obj/ss_twr_init/deca_params_init.o
                0x0000000000008e48                sftsh
 .rodata.dtune1
                0x0000000000008e54        0x4 Output/nrf52832_xxaa/Obj/ss_twr_init/deca_params_init.o
                0x0000000000008e54                dtune1
 .rodata.digital_bb_config
                0x0000000000008e58       0x20 Output/nrf52832_xxaa/Obj/ss_twr_init/deca_params_init.o
                0x0000000000008e58                digital_bb_config
 .rodata.lde_replicaCoeff
                0x0000000000008e78       0x32 Output/nrf52832_xxaa/Obj/ss_twr_init/deca_params_init.o
                0x0000000000008e78                lde_replicaCoeff
 *fill*         0x0000000000008eaa        0x2 
 .rodata.spi    0x0000000000008eac        0x8 Output/nrf52832_xxaa/Obj/ss_twr_init/port_platform.o
 .rodata        0x0000000000008eb4       0x20 Output/nrf52832_xxaa/Obj/ss_twr_init/port_platform.o
 .rodata        0x0000000000008ed4        0x5 Output/nrf52832_xxaa/Obj/ss_twr_init/tasks.o
 *fill*         0x0000000000008ed9        0x3 
 .rodata        0x0000000000008edc        0xd Output/nrf52832_xxaa/Obj/ss_twr_init/timers.o
 *fill*         0x0000000000008ee9        0x3 
 .rodata        0x0000000000008eec        0x2 Output/nrf52832_xxaa/Obj/ss_twr_init/app_timer_freertos.o
 *fill*         0x0000000000008eee        0x2 
 .rodata        0x0000000000008ef0       0x20 Output/nrf52832_xxaa/Obj/ss_twr_init/uart_fifo.o
 .rodata.libc.__RAL_hex_lc
                0x0000000000008f10       0x10 E:/programs/segger-IDE/lib/libc_v7em_fpv4_sp_d16_hard_t_le_eabi.a(libc2.o)
                0x0000000000008f10                __RAL_hex_lc
 .rodata.libc.__RAL_hex_uc
                0x0000000000008f20       0x10 E:/programs/segger-IDE/lib/libc_v7em_fpv4_sp_d16_hard_t_le_eabi.a(libc2.o)
                0x0000000000008f20                __RAL_hex_uc
 .rodata.libc.__aeabi_EDOM
                0x0000000000008f30        0x4 E:/programs/segger-IDE/lib/libc_v7em_fpv4_sp_d16_hard_t_le_eabi.a(libc2.o)
                0x0000000000008f30                __aeabi_EDOM
 .rodata.libc.powerf
                0x0000000000008f34       0x18 E:/programs/segger-IDE/lib/libc_v7em_fpv4_sp_d16_hard_t_le_eabi.a(libc2.o)
 .rodata.libc.__vfprintf_int.str1.4
                0x0000000000008f4c        0x7 E:/programs/segger-IDE/lib/libc_v7em_fpv4_sp_d16_hard_t_le_eabi.a(libvfprintf.o)
 *fill*         0x0000000000008f53        0x1 
 .rodata.libc.__vfprintf_float_long.str1.4
                0x0000000000008f54       0x28 E:/programs/segger-IDE/lib/libc_v7em_fpv4_sp_d16_hard_t_le_eabi.a(libvfprintf.o)
 *fill*         0x0000000000008f7c        0x4 
 .rodata.libc.ipow10
                0x0000000000008f80       0xa0 E:/programs/segger-IDE/lib/libc_v7em_fpv4_sp_d16_hard_t_le_eabi.a(libvfprintf.o)
                0x0000000000009020                __rodata_end__ = (__rodata_start__ + SIZEOF (.rodata))
                0x0000000000000318                __rodata_size__ = SIZEOF (.rodata)
                0x0000000000009020                __rodata_load_end__ = __rodata_end__

.rel.dyn        0x0000000000000000        0x0
 .rel.iplt      0x0000000000000000        0x0 Output/nrf52832_xxaa/Obj/ss_twr_init/thumb_crt0.o
                0x0000000000000001                . = ASSERT (((__rodata_start__ == __rodata_end__) || ((__rodata_end__ - __FLASH_segment_start__) <= __FLASH_segment_size__)), error: .rodata is too large to fit in FLASH memory segment)
                0x0000000000009020                __ARM.exidx_load_start__ = ALIGN (__rodata_end__, 0x4)

.ARM.exidx      0x0000000000009020        0x0
                0x0000000000009020                __ARM.exidx_start__ = .
                0x0000000000009020                __exidx_start = __ARM.exidx_start__
 *(.ARM.exidx .ARM.exidx.*)
                0x0000000000009020                __ARM.exidx_end__ = (__ARM.exidx_start__ + SIZEOF (.ARM.exidx))
                0x0000000000000000                __ARM.exidx_size__ = SIZEOF (.ARM.exidx)
                0x0000000000009020                __exidx_end = __ARM.exidx_end__
                0x0000000000009020                __ARM.exidx_load_end__ = __ARM.exidx_end__
                0x0000000000000001                . = ASSERT (((__ARM.exidx_start__ == __ARM.exidx_end__) || ((__ARM.exidx_end__ - __FLASH_segment_start__) <= __FLASH_segment_size__)), error: .ARM.exidx is too large to fit in FLASH memory segment)
                0x0000000000009020                __fast_load_start__ = ALIGN (__ARM.exidx_end__, 0x4)

.fast           0x0000000020000000        0x0 load address 0x0000000000009020
                0x0000000020000000                __fast_start__ = .
 *(.fast .fast.*)
                0x0000000020000000                __fast_end__ = (__fast_start__ + SIZEOF (.fast))
                0x0000000000000000                __fast_size__ = SIZEOF (.fast)
                0x0000000000009020                __fast_load_end__ = (__fast_load_start__ + SIZEOF (.fast))
                0x0000000000000001                . = ASSERT (((__fast_load_start__ == __fast_load_end__) || ((__fast_load_end__ - __FLASH_segment_start__) <= __FLASH_segment_size__)), error: .fast is too large to fit in FLASH memory segment)

.fast_run       0x0000000020000000        0x0
                0x0000000020000000                __fast_run_start__ = .
                0x0000000020000000                . = MAX ((__fast_run_start__ + SIZEOF (.fast)), .)
                0x0000000020000000                __fast_run_end__ = (__fast_run_start__ + SIZEOF (.fast_run))
                0x0000000000000000                __fast_run_size__ = SIZEOF (.fast_run)
                0x0000000020000000                __fast_run_load_end__ = __fast_run_end__
                0x0000000000000001                . = ASSERT (((__fast_run_start__ == __fast_run_end__) || ((__fast_run_end__ - __SRAM_segment_start__) <= __SRAM_segment_size__)), error: .fast_run is too large to fit in SRAM memory segment)
                0x0000000000009020                __data_load_start__ = ALIGN ((__fast_load_start__ + SIZEOF (.fast)), 0x4)

.data           0x0000000020000000       0x68 load address 0x0000000000009020
                0x0000000020000000                __data_start__ = .
 *(.data .data.* .gnu.linkonce.d.*)
 .data.SystemCoreClock
                0x0000000020000000        0x4 Output/nrf52832_xxaa/Obj/ss_twr_init/system_nrf52.o
                0x0000000020000000                SystemCoreClock
 .data.config   0x0000000020000004        0xc Output/nrf52832_xxaa/Obj/ss_twr_init/main.o
 .data.rx_resp_msg
                0x0000000020000010       0x1f Output/nrf52832_xxaa/Obj/ss_twr_init/tdm.o
 *fill*         0x000000002000002f        0x1 
 .data.tx_poll_msg
                0x0000000020000030       0x1f Output/nrf52832_xxaa/Obj/ss_twr_init/tdm.o
 *fill*         0x000000002000004f        0x1 
 .data.app_uart_inst
                0x0000000020000050        0x8 Output/nrf52832_xxaa/Obj/ss_twr_init/app_uart_fifo.o
 .data.pdw1000local
                0x0000000020000058        0x4 Output/nrf52832_xxaa/Obj/ss_twr_init/deca_device.o
 .data.xNextTaskUnblockTime
                0x000000002000005c        0x4 Output/nrf52832_xxaa/Obj/ss_twr_init/tasks.o
 .data.uartInstance
                0x0000000020000060        0x8 Output/nrf52832_xxaa/Obj/ss_twr_init/uart_fifo.o
                0x0000000020000068                __data_end__ = (__data_start__ + SIZEOF (.data))
                0x0000000000000068                __data_size__ = SIZEOF (.data)
                0x0000000000009088                __data_load_end__ = (__data_load_start__ + SIZEOF (.data))

.igot.plt       0x0000000100000000        0x0
 .igot.plt      0x0000000100000000        0x0 Output/nrf52832_xxaa/Obj/ss_twr_init/thumb_crt0.o
                0x0000000000000001                . = ASSERT (((__data_load_start__ == __data_load_end__) || ((__data_load_end__ - __FLASH_segment_start__) <= __FLASH_segment_size__)), error: .data is too large to fit in FLASH memory segment)

.data_run       0x0000000020000000       0x68 load address 0x0000000000009020
                0x0000000020000000                __data_run_start__ = .
                0x0000000020000068                . = MAX ((__data_run_start__ + SIZEOF (.data)), .)
 *fill*         0x0000000020000000       0x68 
                0x0000000020000068                __data_run_end__ = (__data_run_start__ + SIZEOF (.data_run))
                0x0000000000000068                __data_run_size__ = SIZEOF (.data_run)
                0x0000000020000068                __data_run_load_end__ = __data_run_end__
                0x0000000000000001                . = ASSERT (((__data_run_start__ == __data_run_end__) || ((__data_run_end__ - __SRAM_segment_start__) <= __SRAM_segment_size__)), error: .data_run is too large to fit in SRAM memory segment)
                0x0000000000009088                __tdata_load_start__ = ALIGN ((__data_load_start__ + SIZEOF (.data)), 0x4)

.tdata          0x0000000020000068        0x0 load address 0x0000000000009088
                0x0000000020000068                __tdata_start__ = .
 *(.tdata .tdata.*)
                0x0000000020000068                __tdata_end__ = (__tdata_start__ + SIZEOF (.tdata))
                0x0000000000000000                __tdata_size__ = SIZEOF (.tdata)
                0x0000000000009088                __tdata_load_end__ = (__tdata_load_start__ + SIZEOF (.tdata))
                0x0000000000000001                . = ASSERT (((__tdata_load_start__ == __tdata_load_end__) || ((__tdata_load_end__ - __FLASH_segment_start__) <= __FLASH_segment_size__)), error: .tdata is too large to fit in FLASH memory segment)

.tdata_run      0x0000000020000068        0x0
                0x0000000020000068                __tdata_run_start__ = .
                0x0000000020000068                . = MAX ((__tdata_run_start__ + SIZEOF (.tdata)), .)
                0x0000000020000068                __tdata_run_end__ = (__tdata_run_start__ + SIZEOF (.tdata_run))
                0x0000000000000000                __tdata_run_size__ = SIZEOF (.tdata_run)
                0x0000000020000068                __tdata_run_load_end__ = __tdata_run_end__
                0x0000000000000001                . = ASSERT (((__tdata_run_start__ == __tdata_run_end__) || ((__tdata_run_end__ - __SRAM_segment_start__) <= __SRAM_segment_size__)), error: .tdata_run is too large to fit in SRAM memory segment)
                0x0000000020000068                __nrf_sections_run_load_start__ = ALIGN (__tdata_run_end__, 0x4)

.nrf_sections_run
                0x0000000020000068        0x0
                0x0000000020000068                __nrf_sections_run_start__ = .
                0x0000000020000068                __start_nrf_sections_run = __nrf_sections_run_start__
 *(.nrf_sections_run .nrf_sections_run.*)
                0x0000000020000068                __nrf_sections_run_end__ = (__nrf_sections_run_start__ + SIZEOF (.nrf_sections_run))
                0x0000000000000000                __nrf_sections_run_size__ = SIZEOF (.nrf_sections_run)
                0x0000000020000068                __nrf_sections_run_load_end__ = __nrf_sections_run_end__
                0x0000000000000001                . = ASSERT (((__nrf_sections_run_start__ == __nrf_sections_run_end__) || ((__nrf_sections_run_end__ - __SRAM_segment_start__) <= __SRAM_segment_size__)), error: .nrf_sections_run is too large to fit in SRAM memory segment)
                0x0000000000009088                __dfu_trans_load_start__ = ALIGN ((__tdata_load_start__ + SIZEOF (.tdata)), 0x4)

.dfu_trans      0x0000000000009088        0x0
                0x0000000000009088                __dfu_trans_start__ = .
                0x0000000000009088                __start_dfu_trans = __dfu_trans_start__
 *(SORT_BY_NAME(.dfu_trans*))
                0x0000000000009088                __dfu_trans_end__ = (__dfu_trans_start__ + SIZEOF (.dfu_trans))
                0x0000000000000000                __dfu_trans_size__ = SIZEOF (.dfu_trans)
                0x0000000000009088                __stop_dfu_trans = __dfu_trans_end__
                0x0000000000009088                __dfu_trans_load_end__ = __dfu_trans_end__
                0x0000000000000001                . = ASSERT (((__dfu_trans_start__ == __dfu_trans_end__) || ((__dfu_trans_end__ - __FLASH_segment_start__) <= __FLASH_segment_size__)), error: .dfu_trans is too large to fit in FLASH memory segment)
                0x0000000000009088                __log_const_data_load_start__ = ALIGN (__dfu_trans_end__, 0x4)

.log_const_data
                0x0000000000009088        0x0
                0x0000000000009088                __log_const_data_start__ = .
                0x0000000000009088                __start_log_const_data = __log_const_data_start__
 *(.log_const_data*)
                0x0000000000009088                __log_const_data_end__ = (__log_const_data_start__ + SIZEOF (.log_const_data))
                0x0000000000000000                __log_const_data_size__ = SIZEOF (.log_const_data)
                0x0000000000009088                __stop_log_const_data = __log_const_data_end__
                0x0000000000009088                __log_const_data_load_end__ = __log_const_data_end__
                0x0000000000000001                . = ASSERT (((__log_const_data_start__ == __log_const_data_end__) || ((__log_const_data_end__ - __FLASH_segment_start__) <= __FLASH_segment_size__)), error: .log_const_data is too large to fit in FLASH memory segment)
                0x0000000000009088                __svc_data_load_start__ = ALIGN (__log_const_data_end__, 0x4)

.svc_data       0x0000000000009088        0x0
                0x0000000000009088                __svc_data_start__ = .
                0x0000000000009088                __start_svc_data = __svc_data_start__
 *(.svc_data*)
                0x0000000000009088                __svc_data_end__ = (__svc_data_start__ + SIZEOF (.svc_data))
                0x0000000000000000                __svc_data_size__ = SIZEOF (.svc_data)
                0x0000000000009088                __stop_svc_data = __svc_data_end__
                0x0000000000009088                __svc_data_load_end__ = __svc_data_end__
                0x0000000000000001                . = ASSERT (((__svc_data_start__ == __svc_data_end__) || ((__svc_data_end__ - __FLASH_segment_start__) <= __FLASH_segment_size__)), error: .svc_data is too large to fit in FLASH memory segment)
                0x0000000000009088                __sdh_ble_observers_load_start__ = ALIGN (__svc_data_end__, 0x4)

.sdh_ble_observers
                0x0000000000009088        0x0
                0x0000000000009088                __sdh_ble_observers_start__ = .
                0x0000000000009088                __start_sdh_ble_observers = __sdh_ble_observers_start__
 *(SORT_BY_NAME(.sdh_ble_observers*))
                0x0000000000009088                __sdh_ble_observers_end__ = (__sdh_ble_observers_start__ + SIZEOF (.sdh_ble_observers))
                0x0000000000000000                __sdh_ble_observers_size__ = SIZEOF (.sdh_ble_observers)
                0x0000000000009088                __stop_sdh_ble_observers = __sdh_ble_observers_end__
                0x0000000000009088                __sdh_ble_observers_load_end__ = __sdh_ble_observers_end__
                0x0000000000000001                . = ASSERT (((__sdh_ble_observers_start__ == __sdh_ble_observers_end__) || ((__sdh_ble_observers_end__ - __FLASH_segment_start__) <= __FLASH_segment_size__)), error: .sdh_ble_observers is too large to fit in FLASH memory segment)
                0x0000000000009088                __sdh_req_observers_load_start__ = ALIGN (__sdh_ble_observers_end__, 0x4)

.sdh_req_observers
                0x0000000000009088        0x0
                0x0000000000009088                __sdh_req_observers_start__ = .
                0x0000000000009088                __start_sdh_req_observers = __sdh_req_observers_start__
 *(SORT_BY_NAME(.sdh_req_observers*))
                0x0000000000009088                __sdh_req_observers_end__ = (__sdh_req_observers_start__ + SIZEOF (.sdh_req_observers))
                0x0000000000000000                __sdh_req_observers_size__ = SIZEOF (.sdh_req_observers)
                0x0000000000009088                __stop_sdh_req_observers = __sdh_req_observers_end__
                0x0000000000009088                __sdh_req_observers_load_end__ = __sdh_req_observers_end__
                0x0000000000000001                . = ASSERT (((__sdh_req_observers_start__ == __sdh_req_observers_end__) || ((__sdh_req_observers_end__ - __FLASH_segment_start__) <= __FLASH_segment_size__)), error: .sdh_req_observers is too large to fit in FLASH memory segment)
                0x0000000000009088                __sdh_state_observers_load_start__ = ALIGN (__sdh_req_observers_end__, 0x4)

.sdh_state_observers
                0x0000000000009088        0x0
                0x0000000000009088                __sdh_state_observers_start__ = .
                0x0000000000009088                __start_sdh_state_observers = __sdh_state_observers_start__
 *(SORT_BY_NAME(.sdh_state_observers*))
                0x0000000000009088                __sdh_state_observers_end__ = (__sdh_state_observers_start__ + SIZEOF (.sdh_state_observers))
                0x0000000000000000                __sdh_state_observers_size__ = SIZEOF (.sdh_state_observers)
                0x0000000000009088                __stop_sdh_state_observers = __sdh_state_observers_end__
                0x0000000000009088                __sdh_state_observers_load_end__ = __sdh_state_observers_end__
                0x0000000000000001                . = ASSERT (((__sdh_state_observers_start__ == __sdh_state_observers_end__) || ((__sdh_state_observers_end__ - __FLASH_segment_start__) <= __FLASH_segment_size__)), error: .sdh_state_observers is too large to fit in FLASH memory segment)
                0x0000000000009088                __sdh_stack_observers_load_start__ = ALIGN (__sdh_state_observers_end__, 0x4)

.sdh_stack_observers
                0x0000000000009088        0x0
                0x0000000000009088                __sdh_stack_observers_start__ = .
                0x0000000000009088                __start_sdh_stack_observers = __sdh_stack_observers_start__
 *(SORT_BY_NAME(.sdh_stack_observers*))
                0x0000000000009088                __sdh_stack_observers_end__ = (__sdh_stack_observers_start__ + SIZEOF (.sdh_stack_observers))
                0x0000000000000000                __sdh_stack_observers_size__ = SIZEOF (.sdh_stack_observers)
                0x0000000000009088                __stop_sdh_stack_observers = __sdh_stack_observers_end__
                0x0000000000009088                __sdh_stack_observers_load_end__ = __sdh_stack_observers_end__
                0x0000000000000001                . = ASSERT (((__sdh_stack_observers_start__ == __sdh_stack_observers_end__) || ((__sdh_stack_observers_end__ - __FLASH_segment_start__) <= __FLASH_segment_size__)), error: .sdh_stack_observers is too large to fit in FLASH memory segment)
                0x0000000000009088                __sdh_soc_observers_load_start__ = ALIGN (__sdh_stack_observers_end__, 0x4)

.sdh_soc_observers
                0x0000000000009088        0x0
                0x0000000000009088                __sdh_soc_observers_start__ = .
                0x0000000000009088                __start_sdh_soc_observers = __sdh_soc_observers_start__
 *(SORT_BY_NAME(.sdh_soc_observers*))
                0x0000000000009088                __sdh_soc_observers_end__ = (__sdh_soc_observers_start__ + SIZEOF (.sdh_soc_observers))
                0x0000000000000000                __sdh_soc_observers_size__ = SIZEOF (.sdh_soc_observers)
                0x0000000000009088                __stop_sdh_soc_observers = __sdh_soc_observers_end__
                0x0000000000009088                __sdh_soc_observers_load_end__ = __sdh_soc_observers_end__
                0x0000000000000001                . = ASSERT (((__sdh_soc_observers_start__ == __sdh_soc_observers_end__) || ((__sdh_soc_observers_end__ - __FLASH_segment_start__) <= __FLASH_segment_size__)), error: .sdh_soc_observers is too large to fit in FLASH memory segment)
                0x0000000000009088                __nrf_sections_load_start__ = ALIGN (__sdh_soc_observers_end__, 0x4)

.nrf_sections   0x0000000000009088        0x0
                0x0000000000009088                __nrf_sections_start__ = .
                0x0000000000009088                __start_nrf_sections = __nrf_sections_start__
 *(.nrf_sections .nrf_sections.*)
                0x0000000000009088                __nrf_sections_end__ = (__nrf_sections_start__ + SIZEOF (.nrf_sections))
                0x0000000000000000                __nrf_sections_size__ = SIZEOF (.nrf_sections)
                0x0000000000009088                __nrf_sections_load_end__ = __nrf_sections_end__
                0x0000000000000001                . = ASSERT (((__nrf_sections_start__ == __nrf_sections_end__) || ((__nrf_sections_end__ - __FLASH_segment_start__) <= __FLASH_segment_size__)), error: .nrf_sections is too large to fit in FLASH memory segment)
                0x0000000000009088                __log_dynamic_data_load_start__ = ALIGN (__nrf_sections_end__, 0x4)

.log_dynamic_data
                0x0000000020000068        0x0 load address 0x0000000000009088
                0x0000000020000068                __log_dynamic_data_start__ = .
 *(.log_dynamic_data*)
                0x0000000020000068                __log_dynamic_data_end__ = (__log_dynamic_data_start__ + SIZEOF (.log_dynamic_data))
                0x0000000000000000                __log_dynamic_data_size__ = SIZEOF (.log_dynamic_data)
                0x0000000000009088                __log_dynamic_data_load_end__ = (__log_dynamic_data_load_start__ + SIZEOF (.log_dynamic_data))
                0x0000000000000001                . = ASSERT (((__log_dynamic_data_load_start__ == __log_dynamic_data_load_end__) || ((__log_dynamic_data_load_end__ - __FLASH_segment_start__) <= __FLASH_segment_size__)), error: .log_dynamic_data is too large to fit in FLASH memory segment)

.log_dynamic_data_run
                0x0000000020000068        0x0
                0x0000000020000068                __log_dynamic_data_run_start__ = .
                0x0000000020000068                __start_log_dynamic_data = __log_dynamic_data_run_start__
                0x0000000020000068                . = MAX ((__log_dynamic_data_run_start__ + SIZEOF (.log_dynamic_data)), .)
                0x0000000020000068                __log_dynamic_data_run_end__ = (__log_dynamic_data_run_start__ + SIZEOF (.log_dynamic_data_run))
                0x0000000000000000                __log_dynamic_data_run_size__ = SIZEOF (.log_dynamic_data_run)
                0x0000000020000068                __stop_log_dynamic_data = __log_dynamic_data_run_end__
                0x0000000020000068                __log_dynamic_data_run_load_end__ = __log_dynamic_data_run_end__
                0x0000000000000001                . = ASSERT (((__log_dynamic_data_run_start__ == __log_dynamic_data_run_end__) || ((__log_dynamic_data_run_end__ - __SRAM_segment_start__) <= __SRAM_segment_size__)), error: .log_dynamic_data_run is too large to fit in SRAM memory segment)
                0x0000000000009088                __fs_data_load_start__ = ALIGN ((__log_dynamic_data_load_start__ + SIZEOF (.log_dynamic_data)), 0x4)

.fs_data        0x0000000020000068        0x0 load address 0x0000000000009088
                0x0000000020000068                __fs_data_start__ = .
 *(.fs_data*)
                0x0000000020000068                __fs_data_end__ = (__fs_data_start__ + SIZEOF (.fs_data))
                0x0000000000000000                __fs_data_size__ = SIZEOF (.fs_data)
                0x0000000000009088                __fs_data_load_end__ = (__fs_data_load_start__ + SIZEOF (.fs_data))
                0x0000000000009088                __FLASH_segment_used_end__ = (ALIGN ((__log_dynamic_data_load_start__ + SIZEOF (.log_dynamic_data)), 0x4) + SIZEOF (.fs_data))
                0x0000000000009088                __FLASH_segment_used_size__ = (__FLASH_segment_used_end__ - __FLASH_segment_start__)